Component: ARM Compiler 5.06 update 4 (build 422) Tool: armlink [4d35d2]

==============================================================================

Section Cross References

    main.o(i.main) refers to stm32f4xx_hal.o(i.HAL_Init) for HAL_Init
    main.o(i.main) refers to bsp_init.o(i.SystemClock_Config) for SystemClock_Config
    main.o(i.main) refers to controltask.o(i.ControlLoopTaskInit) for ControlLoopTaskInit
    main.o(i.main) refers to remote.o(i.RemoteTaskInit) for RemoteTaskInit
    main.o(i.main) refers to bsp_init.o(i.BSP_Init) for BSP_Init
    main.o(i.main) refers to test_imu.o(i.MPU6500_Init) for MPU6500_Init
    main.o(i.main) refers to freertos.o(i.MX_FREERTOS_Init) for MX_FREERTOS_Init
    main.o(i.main) refers to controltask.o(i.Control_Task) for Control_Task
    main.o(i.main) refers to driver_protocol.o(i.Protocol) for Protocol
    main.o(i.main) refers to stm32f4xx_it.o(.data) for frame_1000Hz
    main.o(i.main) refers to main.o(.data) for frame_1000count
    stm32f4xx_it.o(i.CAN1_RX0_IRQHandler) refers to stm32f4xx_hal_can.o(i.HAL_CAN_IRQHandler) for HAL_CAN_IRQHandler
    stm32f4xx_it.o(i.CAN1_RX0_IRQHandler) refers to can.o(.bss) for hcan1
    stm32f4xx_it.o(i.CAN1_TX_IRQHandler) refers to stm32f4xx_hal_can.o(i.HAL_CAN_IRQHandler) for HAL_CAN_IRQHandler
    stm32f4xx_it.o(i.CAN1_TX_IRQHandler) refers to can.o(.bss) for hcan1
    stm32f4xx_it.o(i.CAN1_TX_IRQHandler) refers to supervisetask.o(.data) for CAN_Send1_FrameCounter
    stm32f4xx_it.o(i.CAN2_RX0_IRQHandler) refers to stm32f4xx_hal_can.o(i.HAL_CAN_IRQHandler) for HAL_CAN_IRQHandler
    stm32f4xx_it.o(i.CAN2_RX0_IRQHandler) refers to can.o(.bss) for hcan2
    stm32f4xx_it.o(i.CAN2_TX_IRQHandler) refers to stm32f4xx_hal_can.o(i.HAL_CAN_IRQHandler) for HAL_CAN_IRQHandler
    stm32f4xx_it.o(i.CAN2_TX_IRQHandler) refers to supervisetask.o(.data) for CAN_Send2_FrameCounter
    stm32f4xx_it.o(i.CAN2_TX_IRQHandler) refers to can.o(.bss) for hcan2
    stm32f4xx_it.o(i.DMA1_Stream4_IRQHandler) refers to stm32f4xx_hal_dma.o(i.HAL_DMA_IRQHandler) for HAL_DMA_IRQHandler
    stm32f4xx_it.o(i.DMA1_Stream4_IRQHandler) refers to dma.o(.bss) for hdma_usart3_rx
    stm32f4xx_it.o(i.DMA1_Stream5_IRQHandler) refers to stm32f4xx_hal_dma.o(i.HAL_DMA_IRQHandler) for HAL_DMA_IRQHandler
    stm32f4xx_it.o(i.DMA1_Stream5_IRQHandler) refers to dma.o(.bss) for hdma_usart2_rx
    stm32f4xx_it.o(i.DMA1_Stream6_IRQHandler) refers to stm32f4xx_hal_dma.o(i.HAL_DMA_IRQHandler) for HAL_DMA_IRQHandler
    stm32f4xx_it.o(i.DMA1_Stream6_IRQHandler) refers to stm32f4xx_it.o(.data) for U2_tx
    stm32f4xx_it.o(i.DMA1_Stream6_IRQHandler) refers to dma.o(.bss) for hdma_usart2_tx
    stm32f4xx_it.o(i.DMA2_Stream1_IRQHandler) refers to stm32f4xx_hal_dma.o(i.HAL_DMA_IRQHandler) for HAL_DMA_IRQHandler
    stm32f4xx_it.o(i.DMA2_Stream1_IRQHandler) refers to dma.o(.bss) for hdma_usart6_rx
    stm32f4xx_it.o(i.DMA2_Stream2_IRQHandler) refers to stm32f4xx_hal_dma.o(i.HAL_DMA_IRQHandler) for HAL_DMA_IRQHandler
    stm32f4xx_it.o(i.DMA2_Stream2_IRQHandler) refers to dma.o(.bss) for hdma_usart1_rx
    stm32f4xx_it.o(i.HAL_CAN_RxCpltCallback) refers to canbustask.o(i.CanReceiveMsgProcess) for CanReceiveMsgProcess
    stm32f4xx_it.o(i.HAL_CAN_RxCpltCallback) refers to stm32f4xx_hal_can.o(i.HAL_CAN_Receive_IT) for HAL_CAN_Receive_IT
    stm32f4xx_it.o(i.HAL_CAN_RxCpltCallback) refers to canbustask.o(i.CanReceiveMsgProcess_2) for CanReceiveMsgProcess_2
    stm32f4xx_it.o(i.HAL_CAN_RxCpltCallback) refers to can.o(.bss) for hcan1
    stm32f4xx_it.o(i.HAL_CAN_RxCpltCallback) refers to supervisetask.o(.data) for can1_res
    stm32f4xx_it.o(i.HAL_TIM_PeriodElapsedCallback) refers to tim.o(.bss) for htim6
    stm32f4xx_it.o(i.HAL_TIM_PeriodElapsedCallback) refers to stm32f4xx_it.o(.data) for FrameCounter
    stm32f4xx_it.o(i.HAL_UART_TxCpltCallback) refers to stm32f4xx_hal_uart.o(i.HAL_UART_AbortTransmit) for HAL_UART_AbortTransmit
    stm32f4xx_it.o(i.HAL_UART_TxCpltCallback) refers to usart.o(.bss) for huart2
    stm32f4xx_it.o(i.SysTick_Handler) refers to stm32f4xx_hal.o(i.HAL_IncTick) for HAL_IncTick
    stm32f4xx_it.o(i.SysTick_Handler) refers to cmsis_os.o(i.osSystickHandler) for osSystickHandler
    stm32f4xx_it.o(i.TIM6_DAC_IRQHandler) refers to stm32f4xx_hal_tim.o(i.HAL_TIM_IRQHandler) for HAL_TIM_IRQHandler
    stm32f4xx_it.o(i.TIM6_DAC_IRQHandler) refers to tim.o(.bss) for htim6
    stm32f4xx_it.o(i.UART7_IRQHandler) refers to stm32f4xx_hal_uart.o(i.HAL_UART_AbortReceive) for HAL_UART_AbortReceive
    stm32f4xx_it.o(i.UART7_IRQHandler) refers to data.o(i.bufferPush) for bufferPush
    stm32f4xx_it.o(i.UART7_IRQHandler) refers to stm32f4xx_hal_uart.o(i.HAL_UART_Receive_DMA) for HAL_UART_Receive_DMA
    stm32f4xx_it.o(i.UART7_IRQHandler) refers to usart.o(.bss) for huart7
    stm32f4xx_it.o(i.UART7_IRQHandler) refers to dma.o(.bss) for hdma_uart7_rx
    stm32f4xx_it.o(i.UART7_IRQHandler) refers to stm32f4xx_it.o(.bss) for UART7_RXBUFF
[...]
    Control_Task                             0x08001231   Thumb Code    54  controltask.o(i.Control_Task)
    DMA1_Stream4_IRQHandler                  0x0800126d   Thumb Code    10  stm32f4xx_it.o(i.DMA1_Stream4_IRQHandler)
    DMA1_Stream5_IRQHandler                  0x0800127d   Thumb Code    10  stm32f4xx_it.o(i.DMA1_Stream5_IRQHandler)
    DMA1_Stream6_IRQHandler                  0x0800128d   Thumb Code    20  stm32f4xx_it.o(i.DMA1_Stream6_IRQHandler)
    DMA2_Stream1_IRQHandler                  0x080012a9   Thumb Code    10  stm32f4xx_it.o(i.DMA2_Stream1_IRQHandler)
    DMA2_Stream2_IRQHandler                  0x080012b9   Thumb Code    10  stm32f4xx_it.o(i.DMA2_Stream2_IRQHandler)
    DM_EncoderProcess                        0x080013d5   Thumb Code   202  dm9015.o(i.DM_EncoderProcess)
    DM_SendPower                             0x080014a9   Thumb Code   140  dm9015.o(i.DM_SendPower)
    DMfold_Res_Task                          0x08001545   Thumb Code   122  dm9015.o(i.DMfold_Res_Task)
    Data_Event                               0x080015cd   Thumb Code    62  driver_protocol.o(i.Data_Event)
    Data_Receive_Anl                         0x08001611   Thumb Code   680  driver_protocol.o(i.Data_Receive_Anl)
    Dataframe_Process                        0x080018c5   Thumb Code   102  driver_protocol.o(i.Dataframe_Process)
    DebugMon_Handler                         0x0800193d   Thumb Code     2  stm32f4xx_it.o(i.DebugMon_Handler)
    EncoderProcess                           0x08001941   Thumb Code   200  canbustask.o(i.EncoderProcess)
    FLASH_Erase_Sector                       0x08001a11   Thumb Code   104  stm32f4xx_hal_flash_ex.o(i.FLASH_Erase_Sector)
    FLASH_WaitForLastOperation               0x08001bd1   Thumb Code    90  stm32f4xx_hal_flash.o(i.FLASH_WaitForLastOperation)
    FriMotor_Control                         0x08001c35   Thumb Code    96  driver_frimotor.o(i.FriMotor_Control)
    FriMotor_Select                          0x08001ca5   Thumb Code   168  statusmachine.o(i.FriMotor_Select)
    GMCalLoop                                0x08001d61   Thumb Code    94  driver_gimbal.o(i.GMCalLoop)
    GMControlLoop                            0x08001de1   Thumb Code    20  driver_gimbal.o(i.GMControlLoop)
    GetChassis_MoveMode                      0x08001df5   Thumb Code     6  statusmachine.o(i.GetChassis_MoveMode)
    GetFrictionState                         0x08001e01   Thumb Code     6  statusmachine.o(i.GetFrictionState)
    GetGM_CM_Mode                            0x08001e0d   Thumb Code     6  statusmachine.o(i.GetGM_CM_Mode)
    GetGimbal_MoveMode                       0x08001e19   Thumb Code     6  statusmachine.o(i.GetGimbal_MoveMode)
    GetInputMode                             0x08001e25   Thumb Code     6  statusmachine.o(i.GetInputMode)
    GetPitchYawGxGyGz                        0x08001e31   Thumb Code   260  imu.o(i.GetPitchYawGxGyGz)
    GetRemoteSwitchAction                    0x08001f6d   Thumb Code   120  remote.o(i.GetRemoteSwitchAction)
    GetShootState                            0x08001fe9   Thumb Code     6  statusmachine.o(i.GetShootState)
    GetWorkState                             0x08001ff5   Thumb Code     6  statusmachine.o(i.GetWorkState)
    Get_AttackMode                           0x08002001   Thumb Code     6  statusmachine.o(i.Get_AttackMode)
    Get_Time_Micros                          0x0800200d   Thumb Code     8  tim.o(i.Get_Time_Micros)
    GimbalCaliProcess                        0x08002015   Thumb Code   110  iotask.o(i.GimbalCaliProcess)
    GimbalGetRef                             0x080020a1   Thumb Code   320  driver_gimbal.o(i.GimbalGetRef)
    GimbalModeSelect                         0x080021f9   Thumb Code    90  statusmachine.o(i.GimbalModeSelect)
    Gimbal_PitchAngleSet                     0x08002261   Thumb Code    28  driver_gimbal.o(i.Gimbal_PitchAngleSet)
    Gimbal_YawAngleSet                       0x08002285   Thumb Code    56  driver_gimbal.o(i.Gimbal_YawAngleSet)
    GyroCaliProcess                          0x080022c9   Thumb Code   166  iotask.o(i.GyroCaliProcess)
    HAL_CAN_ConfigFilter                     0x08002391   Thumb Code   260  stm32f4xx_hal_can.o(i.HAL_CAN_ConfigFilter)
    HAL_CAN_ErrorCallback                    0x08002499   Thumb Code     2  stm32f4xx_hal_can.o(i.HAL_CAN_ErrorCallback)
    HAL_CAN_IRQHandler                       0x0800249d   Thumb Code   594  stm32f4xx_hal_can.o(i.HAL_CAN_IRQHandler)
    HAL_CAN_Init                             0x08002701   Thumb Code   444  stm32f4xx_hal_can.o(i.HAL_CAN_Init)
    HAL_CAN_MspInit                          0x080028bd   Thumb Code   180  can.o(i.HAL_CAN_MspInit)
    HAL_CAN_Receive_IT                       0x08002985   Thumb Code   252  stm32f4xx_hal_can.o(i.HAL_CAN_Receive_IT)
    HAL_CAN_RxCpltCallback                   0x08002a81   Thumb Code    72  stm32f4xx_it.o(i.HAL_CAN_RxCpltCallback)
    HAL_CAN_Transmit_IT                      0x08002ad9   Thumb Code   502  stm32f4xx_hal_can.o(i.HAL_CAN_Transmit_IT)
    HAL_CAN_TxCpltCallback                   0x08002ccf   Thumb Code     2  stm32f4xx_hal_can.o(i.HAL_CAN_TxCpltCallback)
    HAL_DMA_Abort                            0x08002cd1   Thumb Code   170  stm32f4xx_hal_dma.o(i.HAL_DMA_Abort)
    HAL_DMA_IRQHandler                       0x08002d7d   Thumb Code   574  stm32f4xx_hal_dma.o(i.HAL_DMA_IRQHandler)
    HAL_DMA_Init                             0x08002fc5   Thumb Code   232  stm32f4xx_hal_dma.o(i.HAL_DMA_Init)
    HAL_DMA_Start_IT                         0x080030b1   Thumb Code   158  stm32f4xx_hal_dma.o(i.HAL_DMA_Start_IT)
    HAL_Delay                                0x0800314f   Thumb Code    30  stm32f4xx_hal.o(i.HAL_Delay)
    HAL_FLASH_Lock                           0x0800316d   Thumb Code    16  stm32f4xx_hal_flash.o(i.HAL_FLASH_Lock)
    HAL_FLASH_Program                        0x08003181   Thumb Code   142  stm32f4xx_hal_flash.o(i.HAL_FLASH_Program)
    HAL_FLASH_Unlock                         0x08003219   Thumb Code    32  stm32f4xx_hal_flash.o(i.HAL_FLASH_Unlock)
    HAL_GPIO_Init                            0x08003245   Thumb Code   486  stm32f4xx_hal_gpio.o(i.HAL_GPIO_Init)
    HAL_GPIO_ReadPin                         0x08003461   Thumb Code    16  stm32f4xx_hal_gpio.o(i.HAL_GPIO_ReadPin)
    HAL_GPIO_TogglePin                       0x08003471   Thumb Code     8  stm32f4xx_hal_gpio.o(i.HAL_GPIO_TogglePin)
    HAL_GPIO_WritePin                        0x08003479   Thumb Code    12  stm32f4xx_hal_gpio.o(i.HAL_GPIO_WritePin)
    HAL_GetTick                              0x08003485   Thumb Code     6  stm32f4xx_hal.o(i.HAL_GetTick)
    HAL_IncTick                              0x08003491   Thumb Code    12  stm32f4xx_hal.o(i.HAL_IncTick)
    HAL_Init                                 0x080034a1   Thumb Code    54  stm32f4xx_hal.o(i.HAL_Init)
    HAL_InitTick                             0x080034dd   Thumb Code    36  stm32f4xx_hal.o(i.HAL_InitTick)
    HAL_MspInit                              0x08003505   Thumb Code    86  stm32f4xx_hal_msp.o(i.HAL_MspInit)
    HAL_NVIC_EnableIRQ                       0x0800355b   Thumb Code    26  stm32f4xx_hal_cortex.o(i.HAL_NVIC_EnableIRQ)
    HAL_NVIC_SetPriority                     0x08003575   Thumb Code   124  stm32f4xx_hal_cortex.o(i.HAL_NVIC_SetPriority)
    HAL_NVIC_SetPriorityGrouping             0x080035f1   Thumb Code    32  stm32f4xx_hal_cortex.o(i.HAL_NVIC_SetPriorityGrouping)
    HAL_RCC_ClockConfig                      0x08003619   Thumb Code   446  stm32f4xx_hal_rcc.o(i.HAL_RCC_ClockConfig)
    HAL_RCC_GetHCLKFreq                      0x080037e9   Thumb Code     6  stm32f4xx_hal_rcc.o(i.HAL_RCC_GetHCLKFreq)
    HAL_RCC_GetPCLK1Freq                     0x080037f5   Thumb Code    36  stm32f4xx_hal_rcc.o(i.HAL_RCC_GetPCLK1Freq)
    HAL_RCC_GetPCLK2Freq                     0x08003821   Thumb Code    36  stm32f4xx_hal_rcc.o(i.HAL_RCC_GetPCLK2Freq)
    HAL_RCC_GetSysClockFreq                  0x0800384d   Thumb Code   168  stm32f4xx_hal_rcc.o(i.HAL_RCC_GetSysClockFreq)
    HAL_RCC_OscConfig                        0x08003901   Thumb Code  1090  stm32f4xx_hal_rcc.o(i.HAL_RCC_OscConfig)
    HAL_SPI_Init                             0x08003d4d   Thumb Code   160  stm32f4xx_hal_spi.o(i.HAL_SPI_Init)
    HAL_SPI_MspInit                          0x08003ded   Thumb Code    80  spi.o(i.HAL_SPI_MspInit)
    HAL_SPI_TransmitReceive                  0x08003e49   Thumb Code   716  stm32f4xx_hal_spi.o(i.HAL_SPI_TransmitReceive)
    HAL_SYSTICK_CLKSourceConfig              0x08004115   Thumb Code    40  stm32f4xx_hal_cortex.o(i.HAL_SYSTICK_CLKSourceConfig)
    HAL_SYSTICK_Config                       0x0800413d   Thumb Code    52  stm32f4xx_hal_cortex.o(i.HAL_SYSTICK_Config)
    HAL_TIMEx_BreakCallback                  0x08004171   Thumb Code     2  stm32f4xx_hal_tim_ex.o(i.HAL_TIMEx_BreakCallback)
    HAL_TIMEx_CommutationCallback            0x08004173   Thumb Code     2  stm32f4xx_hal_tim_ex.o(i.HAL_TIMEx_CommutationCallback)
    HAL_TIMEx_MasterConfigSynchronization    0x08004175   Thumb Code    98  stm32f4xx_hal_tim_ex.o(i.HAL_TIMEx_MasterConfigSynchronization)
    HAL_TIM_Base_Init                        0x080041d7   Thumb Code    52  stm32f4xx_hal_tim.o(i.HAL_TIM_Base_Init)
    HAL_TIM_Base_MspInit                     0x0800420d   Thumb Code   118  tim.o(i.HAL_TIM_Base_MspInit)
    HAL_TIM_Base_Start                       0x08004291   Thumb Code    30  stm32f4xx_hal_tim.o(i.HAL_TIM_Base_Start)
    HAL_TIM_Base_Start_IT                    0x080042af   Thumb Code    30  stm32f4xx_hal_tim.o(i.HAL_TIM_Base_Start_IT)
    HAL_TIM_IC_CaptureCallback               0x080042cd   Thumb Code     2  stm32f4xx_hal_tim.o(i.HAL_TIM_IC_CaptureCallback)
    HAL_TIM_IRQHandler                       0x080042cf   Thumb Code   406  stm32f4xx_hal_tim.o(i.HAL_TIM_IRQHandler)
    HAL_TIM_MspPostInit                      0x08004465   Thumb Code   184  tim.o(i.HAL_TIM_MspPostInit)
    HAL_TIM_OC_DelayElapsedCallback          0x0800453d   Thumb Code     2  stm32f4xx_hal_tim.o(i.HAL_TIM_OC_DelayElapsedCallback)
    HAL_TIM_PWM_ConfigChannel                0x0800453f   Thumb Code   264  stm32f4xx_hal_tim.o(i.HAL_TIM_PWM_ConfigChannel)
    HAL_TIM_PWM_Init                         0x08004647   Thumb Code    52  stm32f4xx_hal_tim.o(i.HAL_TIM_PWM_Init)
    HAL_TIM_PWM_MspInit                      0x0800467d   Thumb Code   176  tim.o(i.HAL_TIM_PWM_MspInit)
    HAL_TIM_PWM_PulseFinishedCallback        0x08004741   Thumb Code     2  stm32f4xx_hal_tim.o(i.HAL_TIM_PWM_PulseFinishedCallback)
    HAL_TIM_PWM_Start                        0x08004745   Thumb Code    68  stm32f4xx_hal_tim.o(i.HAL_TIM_PWM_Start)
    HAL_TIM_PeriodElapsedCallback            0x08004791   Thumb Code   100  stm32f4xx_it.o(i.HAL_TIM_PeriodElapsedCallback)
    HAL_TIM_TriggerCallback                  0x0800480d   Thumb Code     2  stm32f4xx_hal_tim.o(i.HAL_TIM_TriggerCallback)
    HAL_UART_AbortReceive                    0x0800480f   Thumb Code    80  stm32f4xx_hal_uart.o(i.HAL_UART_AbortReceive)
    HAL_UART_AbortTransmit                   0x0800485f   Thumb Code    68  stm32f4xx_hal_uart.o(i.HAL_UART_AbortTransmit)
    HAL_UART_ErrorCallback                   0x080048a3   Thumb Code     2  stm32f4xx_hal_uart.o(i.HAL_UART_ErrorCallback)
    HAL_UART_Init                            0x080048a5   Thumb Code   114  stm32f4xx_hal_uart.o(i.HAL_UART_Init)
    HAL_UART_MspInit                         0x08004919   Thumb Code  1140  usart.o(i.HAL_UART_MspInit)
    HAL_UART_Receive_DMA                     0x08004d91   Thumb Code   158  stm32f4xx_hal_uart.o(i.HAL_UART_Receive_DMA)
    HAL_UART_RxCpltCallback                  0x08004e3d   Thumb Code     2  stm32f4xx_hal_uart.o(i.HAL_UART_RxCpltCallback)
    HAL_UART_RxHalfCpltCallback              0x08004e3f   Thumb Code     2  stm32f4xx_hal_uart.o(i.HAL_UART_RxHalfCpltCallback)
    HAL_UART_Transmit                        0x08004e41   Thumb Code   214  stm32f4xx_hal_uart.o(i.HAL_UART_Transmit)
    HAL_UART_Transmit_DMA                    0x08004f19   Thumb Code   142  stm32f4xx_hal_uart.o(i.HAL_UART_Transmit_DMA)
    HAL_UART_TxCpltCallback                  0x08004fb5   Thumb Code    76  stm32f4xx_it.o(i.HAL_UART_TxCpltCallback)
    HAL_UART_TxHalfCpltCallback              0x08005029   Thumb Code     2  stm32f4xx_hal_uart.o(i.HAL_UART_TxHalfCpltCallback)
    HardFault_Handler                        0x0800502b   Thumb Code     4  stm32f4xx_it.o(i.HardFault_Handler)
    IMU_AHRSupdate                           0x08005031   Thumb Code  1928  imu.o(i.IMU_AHRSupdate)
    IMU_Get_Data                             0x080057fd   Thumb Code   164  test_imu.o(i.IMU_Get_Data)
    IMU_Task                                 0x080058b1   Thumb Code    14  imu.o(i.IMU_Task)
    IMU_getQ                                 0x080058c5   Thumb Code    56  imu.o(i.IMU_getQ)
    IMU_getValues                            0x08005911   Thumb Code   138  imu.o(i.IMU_getValues)
    IMU_getYawPitchRoll                      0x080059a5   Thumb Code   552  imu.o(i.IMU_getYawPitchRoll)
    InputMode_Select                         0x08005be1   Thumb Code    64  statusmachine.o(i.InputMode_Select)
    IsCaliCmdFlagSet                         0x08005c2d   Thumb Code    18  iotask.o(i.IsCaliCmdFlagSet)
    LASER_Task                               0x08005c45   Thumb Code   104  driver_frimotor.o(i.LASER_Task)
    MPU6050_AverageFilter                    0x08005cb9   Thumb Code   494  test_imu.o(i.MPU6050_AverageFilter)
    MPU6050_getMotion6                       0x08005ead   Thumb Code   112  test_imu.o(i.MPU6050_getMotion6)
    MPU6500_Init                             0x08005f25   Thumb Code    96  test_imu.o(i.MPU6500_Init)
    MPU6500_Read_Reg                         0x08005f91   Thumb Code    68  test_imu.o(i.MPU6500_Read_Reg)
    MPU6500_Read_Regs                        0x08005fe5   Thumb Code    80  test_imu.o(i.MPU6500_Read_Regs)
    MPU6500_Write_Reg                        0x08006049   Thumb Code    72  test_imu.o(i.MPU6500_Write_Reg)
    MX_CAN1_Init                             0x080060a1   Thumb Code   136  can.o(i.MX_CAN1_Init)
    MX_CAN2_Init                             0x08006149   Thumb Code   146  can.o(i.MX_CAN2_Init)
    MX_DMA_Init                              0x080061fd   Thumb Code    66  dma.o(i.MX_DMA_Init)
    MX_FREERTOS_Init                         0x08006245   Thumb Code    30  freertos.o(i.MX_FREERTOS_Init)
    MX_GPIO_Init                             0x0800626d   Thumb Code   506  gpio.o(i.MX_GPIO_Init)
    MX_SPI5_Init                             0x08006481   Thumb Code    66  spi.o(i.MX_SPI5_Init)
    MX_TIM12_Init                            0x080064dd   Thumb Code   118  tim.o(i.MX_TIM12_Init)
    MX_TIM2_Init                             0x0800656d   Thumb Code    50  tim.o(i.MX_TIM2_Init)
    MX_TIM5_Init                             0x080065b5   Thumb Code   146  tim.o(i.MX_TIM5_Init)
    MX_TIM6_Init                             0x08006661   Thumb Code    70  tim.o(i.MX_TIM6_Init)
    MX_USART1_UART_Init                      0x080066c1   Thumb Code    78  usart.o(i.MX_USART1_UART_Init)
    MX_USART2_UART_Init                      0x08006731   Thumb Code    76  usart.o(i.MX_USART2_UART_Init)
    MX_USART3_UART_Init                      0x08006799   Thumb Code    76  usart.o(i.MX_USART3_UART_Init)
    MX_USART6_UART_Init                      0x08006801   Thumb Code    76  usart.o(i.MX_USART6_UART_Init)
    MemManage_Handler                        0x08006869   Thumb Code     4  stm32f4xx_it.o(i.MemManage_Handler)
    NMI_Handler                              0x0800686d   Thumb Code     2  stm32f4xx_it.o(i.NMI_Handler)
    PIDCaliProcess                           0x080068a9   Thumb Code    24  iotask.o(i.PIDCaliProcess)
    PID_Calc                                 0x080068c5   Thumb Code   246  pid.o(i.PID_Calc)
    PID_Reset                                0x08006b1d   Thumb Code    34  pid.o(i.PID_Reset)
    PID_Task                                 0x08006b45   Thumb Code    40  pid.o(i.PID_Task)
    Pass_Check                               0x08006b6d   Thumb Code    58  driver_frimotor.o(i.Pass_Check)
    Protocol                                 0x08006bb5   Thumb Code   132  driver_protocol.o(i.Protocol)
    Protocol_SendFrame                       0x08006c51   Thumb Code    94  driver_protocol.o(i.Protocol_SendFrame)
    RampCalc                                 0x08006cb5   Thumb Code    42  ramp.o(i.RampCalc)
    RampInit                                 0x08006cdf   Thumb Code     2  ramp.o(i.RampInit)
    RampIsOverflow                           0x08006ce1   Thumb Code    18  ramp.o(i.RampIsOverflow)
    RampResetCounter                         0x08006cf3   Thumb Code     6  ramp.o(i.RampResetCounter)
    RampSetCounter                           0x08006cf9   Thumb Code     4  ramp.o(i.RampSetCounter)
    RampSetScale                             0x08006cfd   Thumb Code     4  ramp.o(i.RampSetScale)
    RemoteDataPrcess                         0x08006e81   Thumb Code   216  remote.o(i.RemoteDataPrcess)
    RemoteTaskInit                           0x08006f61   Thumb Code    66  remote.o(i.RemoteTaskInit)
    Remote_CheckJumpKey                      0x08006fb9   Thumb Code    18  remote.o(i.Remote_CheckJumpKey)
    ResetCaliCmdFlag                         0x08006fd1   Thumb Code    12  iotask.o(i.ResetCaliCmdFlag)
    Send_CM_PID                              0x080070b5   Thumb Code   198  driver_protocol.o(i.Send_CM_PID)
    Send_Check                               0x08007189   Thumb Code    66  driver_protocol.o(i.Send_Check)
    Send_FrameRate                           0x080071d1   Thumb Code   186  driver_protocol.o(i.Send_FrameRate)
    Send_GMP_PID                             0x080072a9   Thumb Code   198  driver_protocol.o(i.Send_GMP_PID)
    Send_GMY_PID                             0x0800737d   Thumb Code   198  driver_protocol.o(i.Send_GMY_PID)
    Send_Judge                               0x08007451   Thumb Code     2  driver_protocol.o(i.Send_Judge)
    Send_Moto_Rmp                            0x08007455   Thumb Code   184  driver_protocol.o(i.Send_Moto_Rmp)
    Send_RC_Data                             0x08007531   Thumb Code   146  driver_protocol.o(i.Send_RC_Data)
    Send_R_F_PID                             0x080075c9   Thumb Code   214  driver_protocol.o(i.Send_R_F_PID)
    Send_Ref_Fdb                             0x080076b1   Thumb Code   568  driver_protocol.o(i.Send_Ref_Fdb)
    Send_Sensor                              0x08007925   Thumb Code   142  driver_protocol.o(i.Send_Sensor)
    Send_Shoot_PID                           0x080079bd   Thumb Code   170  driver_protocol.o(i.Send_Shoot_PID)
    Send_Status                              0x08007a6d   Thumb Code   186  driver_protocol.o(i.Send_Status)
    Send_StatusMachine                       0x08007b41   Thumb Code   122  driver_protocol.o(i.Send_StatusMachine)
    Sensor_Offset_Param_Init                 0x08007bbd   Thumb Code    36  iotask.o(i.Sensor_Offset_Param_Init)
    SetCaliCmdFlag                           0x08007bed   Thumb Code    12  iotask.o(i.SetCaliCmdFlag)
    SetFrictionState                         0x08007bfd   Thumb Code    32  statusmachine.o(i.SetFrictionState)
    SetGimbalCaliData                        0x08007c21   Thumb Code    24  iotask.o(i.SetGimbalCaliData)
    SetGimbalMotorOutput                     0x08007c3d   Thumb Code   148  driver_gimbal.o(i.SetGimbalMotorOutput)
    SetGyroCaliData                          0x08007ce1   Thumb Code    28  iotask.o(i.SetGyroCaliData)
    SetPIDCaliData                           0x08007d01   Thumb Code   126  iotask.o(i.SetPIDCaliData)
    SetShootState                            0x08007d85   Thumb Code     6  statusmachine.o(i.SetShootState)
    SetWorkState                             0x08007d91   Thumb Code     6  statusmachine.o(i.SetWorkState)
    Set_Gimbal_Current                       0x08007d9d   Thumb Code   144  canbustask.o(i.Set_Gimbal_Current)
    ShootCounter                             0x08007e39   Thumb Code    32  driver_frimotor.o(i.ShootCounter)
    Shoot_Single                             0x08007e61   Thumb Code    70  driver_frimotor.o(i.Shoot_Single)
    Sing                                     0x08007ec5   Thumb Code    42  driver_beep.o(i.Sing)
    Sing_Music                               0x08007ef9   Thumb Code    42  driver_beep.o(i.Sing_Music)
    StartDefaultTask                         0x08007f29   Thumb Code    10  freertos.o(i.StartDefaultTask)
    StatusMachine_Init                       0x08007f35   Thumb Code    36  statusmachine.o(i.StatusMachine_Init)
    StatusMachine_Update                     0x08007f75   Thumb Code    42  statusmachine.o(i.StatusMachine_Update)
    SysTick_Handler                          0x08007fa9   Thumb Code    12  stm32f4xx_it.o(i.SysTick_Handler)
    SystemClock_Config                       0x08007fb5   Thumb Code   198  bsp_init.o(i.SystemClock_Config)
    SystemInit                               0x08008099   Thumb Code    82  system_stm32f4xx.o(i.SystemInit)
    TIM6_DAC_IRQHandler                      0x080080fd   Thumb Code    10  stm32f4xx_it.o(i.TIM6_DAC_IRQHandler)
    TIM_Base_SetConfig                       0x0800810d   Thumb Code   184  stm32f4xx_hal_tim.o(i.TIM_Base_SetConfig)
    TIM_CCxChannelCmd                        0x080081f1   Thumb Code    28  stm32f4xx_hal_tim.o(i.TIM_CCxChannelCmd)
    TIM_OC2_SetConfig                        0x0800827d   Thumb Code   112  stm32f4xx_hal_tim.o(i.TIM_OC2_SetConfig)
    Task_Monitor                             0x080083cd   Thumb Code   344  supervisetask.o(i.Task_Monitor)
    Turntable_Control                        0x08008589   Thumb Code   510  driver_frimotor.o(i.Turntable_Control)
    Turntable_Select                         0x080087c9   Thumb Code   272  statusmachine.o(i.Turntable_Select)
    UART7_IRQHandler                         0x08008901   Thumb Code    96  stm32f4xx_it.o(i.UART7_IRQHandler)
    USART1_IRQHandler                        0x08008e61   Thumb Code   134  stm32f4xx_it.o(i.USART1_IRQHandler)
    USART2_IRQHandler                        0x08008efd   Thumb Code   142  stm32f4xx_it.o(i.USART2_IRQHandler)
    USART3_IRQHandler                        0x08008fa1   Thumb Code   138  stm32f4xx_it.o(i.USART3_IRQHandler)
    USART6_IRQHandler                        0x08009041   Thumb Code   138  stm32f4xx_it.o(i.USART6_IRQHandler)
    UsageFault_Handler                       0x080090e1   Thumb Code     4  stm32f4xx_it.o(i.UsageFault_Handler)
    WorkstateFSM                             0x0800910d   Thumb Code   112  statusmachine.o(i.WorkstateFSM)
    _Error_Handler                           0x0800918d   Thumb Code     4  bsp_init.o(i._Error_Handler)
    __ARM_fpclassify                         0x08009191   Thumb Code    48  fpclassify.o(i.__ARM_fpclassify)
    __hardfp_asin                            0x080091c1   Thumb Code   770  asin.o(i.__hardfp_asin)
    __hardfp_atan                            0x08009521   Thumb Code   622  atan.o(i.__hardfp_atan)
    __hardfp_atan2                           0x080097f9   Thumb Code   432  atan2.o(i.__hardfp_atan2)
    __hardfp_sqrt                            0x080099e9   Thumb Code   122  sqrt.o(i.__hardfp_sqrt)
    __kernel_poly                            0x08009a63   Thumb Code   248  poly.o(i.__kernel_poly)
    __mathlib_dbl_infnan                     0x08009b5b   Thumb Code    20  dunder.o(i.__mathlib_dbl_infnan)
    __mathlib_dbl_infnan2                    0x08009b6f   Thumb Code    20  dunder.o(i.__mathlib_dbl_infnan2)
    __mathlib_dbl_invalid                    0x08009b89   Thumb Code    24  dunder.o(i.__mathlib_dbl_invalid)
    __mathlib_dbl_underflow                  0x08009ba9   Thumb Code    24  dunder.o(i.__mathlib_dbl_underflow)
    __scatterload_copy                       0x08009bc9   Thumb Code    14  handlers.o(i.__scatterload_copy)
    __scatterload_null                       0x08009bd7   Thumb Code     2  handlers.o(i.__scatterload_null)
    __scatterload_zeroinit                   0x08009bd9   Thumb Code    14  handlers.o(i.__scatterload_zeroinit)
    __set_errno                              0x08009be9   Thumb Code     6  errno.o(i.__set_errno)
    atan                                     0x08009bf5   Thumb Code    16  atan.o(i.atan)
    bufferPop                                0x08009c05   Thumb Code    50  data.o(i.bufferPop)
    bufferPush                               0x08009c37   Thumb Code    52  data.o(i.bufferPush)
    buffer_multiPop                          0x08009c6b   Thumb Code    40  data.o(i.buffer_multiPop)
    bufferlen                                0x08009c93   Thumb Code    24  data.o(i.bufferlen)
    fabs                                     0x08009cab   Thumb Code    24  fabs.o(i.fabs)
    get_measure                              0x08009cc3   Thumb Code    42  canbustask.o(i.get_measure)
    invSqrt                                  0x08009ced   Thumb Code    56  imu.o(i.invSqrt)
    main                                     0x08009d29   Thumb Code   106  main.o(i.main)
    osDelay                                  0x08009dbb   Thumb Code    24  cmsis_os.o(i.osDelay)
    osSystickHandler                         0x08009dd3   Thumb Code    16  cmsis_os.o(i.osSystickHandler)
    osThreadCreate                           0x08009de3   Thumb Code    48  cmsis_os.o(i.osThreadCreate)
    pvPortMalloc                             0x0800a1cd   Thumb Code   296  heap_4.o(i.pvPortMalloc)
    pxPortInitialiseStack                    0x0800a309   Thumb Code    38  port.o(i.pxPortInitialiseStack)
    sqrt                                     0x0800a335   Thumb Code   110  sqrt.o(i.sqrt)
    uxListRemove                             0x0800a3a3   Thumb Code    40  list.o(i.uxListRemove)
    vListInitialise                          0x0800a3cb   Thumb Code    26  list.o(i.vListInitialise)
    vListInitialiseItem                      0x0800a3e5   Thumb Code     6  list.o(i.vListInitialiseItem)
    vListInsert                              0x0800a3eb   Thumb Code    52  list.o(i.vListInsert)
    vListInsertEnd                           0x0800a41f   Thumb Code    24  list.o(i.vListInsertEnd)
    vPortEnterCritical                       0x0800a439   Thumb Code    76  port.o(i.vPortEnterCritical)
    vPortExitCritical                        0x0800a48d   Thumb Code    56  port.o(i.vPortExitCritical)
    vPortFree                                0x0800a4c9   Thumb Code   140  heap_4.o(i.vPortFree)
    vTaskDelay                               0x0800a55d   Thumb Code    82  tasks.o(i.vTaskDelay)
    vTaskSuspendAll                          0x0800a5b9   Thumb Code    12  tasks.o(i.vTaskSuspendAll)
    vTaskSwitchContext                       0x0800a5c9   Thumb Code   118  tasks.o(i.vTaskSwitchContext)
    xPortSysTickHandler                      0x0800a655   Thumb Code    46  port.o(i.xPortSysTickHandler)
    xTaskCreate                              0x0800a689   Thumb Code    96  tasks.o(i.xTaskCreate)
    xTaskGetSchedulerState                   0x0800a6e9   Thumb Code    24  tasks.o(i.xTaskGetSchedulerState)
    xTaskIncrementTick                       0x0800a709   Thumb Code   282  tasks.o(i.xTaskIncrementTick)
    xTaskResumeAll                           0x0800a851   Thumb Code   224  tasks.o(i.xTaskResumeAll)
    tone_tab                                 0x0800a968   Data          42  driver_beep.o(.constdata)
    No_music                                 0x0800a992   Data           8  driver_beep.o(.constdata)
    Startup_music                            0x0800a99a   Data          10  driver_beep.o(.constdata)
    Cali_Mode_music                          0x0800a9a4   Data           9  driver_beep.o(.constdata)
    Bullet_Block_music                       0x0800a9ad   Data           5  driver_beep.o(.constdata)
    AHBPrescTable                            0x0800a9c8   Data          16  system_stm32f4xx.o(.constdata)
    APBPrescTable                            0x0800a9d8   Data           8  system_stm32f4xx.o(.constdata)
    __mathlib_zero                           0x0800aad0   Data           8  qnan.o(.constdata)
    Region$$Table$$Base                      0x0800aae4   Number         0  anon$$obj.o(Region$$Table)
    Region$$Table$$Limit                     0x0800ab04   Number         0  anon$$obj.o(Region$$Table)
    frame_1000count                          0x20000000   Data           2  main.o(.data)
    frame_500count                           0x20000002   Data           2  main.o(.data)
    frame_100count                           0x20000004   Data           2  main.o(.data)
    speed                                    0x20000006   Data           2  main.o(.data)
    send_usart                               0x20000008   Data           2  main.o(.data)
    y_angle                                  0x2000000c   Data           4  main.o(.data)
    y_speed                                  0x20000010   Data           4  main.o(.data)
    frame_1000Hz                             0x20000014   Data           1  stm32f4xx_it.o(.data)
    frame_500Hz                              0x20000015   Data           1  stm32f4xx_it.o(.data)
    frame_100Hz                              0x20000016   Data           1  stm32f4xx_it.o(.data)
    frame_50Hz                               0x20000017   Data           1  stm32f4xx_it.o(.data)
    frame_10Hz                               0x20000018   Data           1  stm32f4xx_it.o(.data)
    FrameCounter                             0x2000001c   Data           4  stm32f4xx_it.o(.data)
    U2_tx                                    0x20000020   Data           2  stm32f4xx_it.o(.data)
    IT_Uart1                                 0x20000022   Data           2  stm32f4xx_it.o(.data)
    IT_Uart2                                 0x20000024   Data           2  stm32f4xx_it.o(.data)
    IT_Uart3                                 0x20000026   Data           2  stm32f4xx_it.o(.data)
    IT_Uart6                                 0x20000028   Data           2  stm32f4xx_it.o(.data)
    IT_Uart7                                 0x2000002a   Data           2  stm32f4xx_it.o(.data)
    defaultTaskHandle                        0x2000002c   Data           4  freertos.o(.data)
    CM1_Measure                              0x20000030   Data           8  canbustask.o(.data)
    CM2_Measure                              0x20000038   Data           8  canbustask.o(.data)
    CM3_Measure                              0x20000040   Data           8  canbustask.o(.data)
    CM4_Measure                              0x20000048   Data           8  canbustask.o(.data)
    Turntable_Measure                        0x20000050   Data           8  canbustask.o(.data)
    Set_Gimbal_Count                         0x20000058   Data           2  canbustask.o(.data)
    DBUSFrameRate                            0x2000005c   Data           2  supervisetask.o(.data)
    DBUSFrameCounter                         0x2000005e   Data           2  supervisetask.o(.data)
    ChassisFrameRate                         0x20000060   Data           8  supervisetask.o(.data)
    ChassisFrameCounter                      0x20000068   Data           8  supervisetask.o(.data)
    PitchFrameRate                           0x20000070   Data           2  supervisetask.o(.data)
    PitchFrameCounter                        0x20000072   Data           2  supervisetask.o(.data)
    YawFrameRate                             0x20000074   Data           2  supervisetask.o(.data)
    YawFrameCounter                          0x20000076   Data           2  supervisetask.o(.data)
    TurntableFrameRate                       0x20000078   Data           2  supervisetask.o(.data)
    TurntableFrameCounter                    0x2000007a   Data           2  supervisetask.o(.data)
    IMUFrameRate                             0x2000007c   Data           2  supervisetask.o(.data)
    IMUFrameCounter                          0x2000007e   Data           2  supervisetask.o(.data)
    UART2FrameRate                           0x20000080   Data           2  supervisetask.o(.data)
    UART2FrameCounter                        0x20000082   Data           2  supervisetask.o(.data)
    CAN_Send1_FrameRate                      0x20000084   Data           2  supervisetask.o(.data)
    CAN_Send1_FrameCounter                   0x20000086   Data           2  supervisetask.o(.data)
    CAN_Send2_FrameRate                      0x20000088   Data           2  supervisetask.o(.data)
    CAN_Send2_FrameCounter                   0x2000008a   Data           2  supervisetask.o(.data)
    CAN_Res_FrameRate                        0x2000008c   Data           2  supervisetask.o(.data)
    CAN_Res_FrameCounter                     0x2000008e   Data           2  supervisetask.o(.data)
    JudgeFrameRate                           0x20000090   Data           2  supervisetask.o(.data)
    JudgeFrameCounter                        0x20000092   Data           2  supervisetask.o(.data)
    MiniPCFrameRate                          0x20000094   Data           2  supervisetask.o(.data)
    MiniPCFrameCounter                       0x20000096   Data           2  supervisetask.o(.data)
    IMU_Out_FrameRate                        0x20000098   Data           2  supervisetask.o(.data)
    IMU_Out_FrameCounter                     0x2000009a   Data           2  supervisetask.o(.data)
    can1_res                                 0x2000009c   Data           2  supervisetask.o(.data)
    time_task_ms                             0x200000a4   Data           4  controltask.o(.data)
    app_param_calied_flag                    0x200000b4   Data           1  iotask.o(.data)
    Gimbal_Cali_Success                      0x200000b5   Data           1  iotask.o(.data)
    CaliCmdFlagGrp                           0x200000b8   Data           4  iotask.o(.data)
    Key_count                                0x200000bc   Data           2  iotask.o(.data)
    CMRotatePID                              0x200000e0   Data          84  driver_chassis.o(.data)
    CM1SpeedPID                              0x20000134   Data          84  driver_chassis.o(.data)
    CM2SpeedPID                              0x20000188   Data          84  driver_chassis.o(.data)
    CM3SpeedPID                              0x200001dc   Data          84  driver_chassis.o(.data)
    CM4SpeedPID                              0x20000230   Data          84  driver_chassis.o(.data)
    LRSpeedRamp                              0x20000284   Data          36  driver_chassis.o(.data)
    FBSpeedRamp                              0x200002a8   Data          36  driver_chassis.o(.data)
    MBSpeedRamp                              0x200002cc   Data          36  driver_chassis.o(.data)
    a                                        0x200002f0   Data           4  driver_chassis.o(.data)
    InputMode                                0x200002f4   Data           1  statusmachine.o(.data)
    WorkState                                0x200002f5   Data           1  statusmachine.o(.data)
    lastWorkstate                            0x200002f6   Data           1  statusmachine.o(.data)
    AttackMode                               0x200002f7   Data           1  statusmachine.o(.data)
    GM_CM_Mode                               0x200002f8   Data           1  statusmachine.o(.data)
    Gimbal_MoveMode                          0x200002f9   Data           1  statusmachine.o(.data)
    Chassis_MoveMode                         0x200002fa   Data           1  statusmachine.o(.data)
    ShootState                               0x200002fb   Data           1  statusmachine.o(.data)
    friction_wheel_state                     0x200002fc   Data           1  statusmachine.o(.data)
    wait_time                                0x200002fe   Data           2  statusmachine.o(.data)
    GMPitchRamp                              0x2000030c   Data          36  driver_gimbal.o(.data)
    GMYawRamp                                0x20000330   Data          36  driver_gimbal.o(.data)
    GMPPositionPID                           0x20000354   Data          84  driver_gimbal.o(.data)
    GMPSpeedPID                              0x200003a8   Data          84  driver_gimbal.o(.data)
    GMYPositionPID                           0x200003fc   Data          84  driver_gimbal.o(.data)
    GMYSpeedPID                              0x20000450   Data          84  driver_gimbal.o(.data)
    GimbalRef                                0x200004a4   Data           8  driver_gimbal.o(.data)
    pitch_set                                0x200004ac   Data           4  driver_gimbal.o(.data)
    yaw_set                                  0x200004b0   Data           4  driver_gimbal.o(.data)
    pp_pitch                                 0x200004b4   Data           4  driver_gimbal.o(.data)
    pi_pitch                                 0x200004b8   Data           4  driver_gimbal.o(.data)
    pd_pitch                                 0x200004bc   Data           4  driver_gimbal.o(.data)
    sp_pitch                                 0x200004c0   Data           4  driver_gimbal.o(.data)
    si_pitch                                 0x200004c4   Data           4  driver_gimbal.o(.data)
    sd_pitch                                 0x200004c8   Data           4  driver_gimbal.o(.data)
    test_yangle                              0x200004cc   Data           2  driver_gimbal.o(.data)
    limit_flag                               0x200004ce   Data           1  driver_gimbal.o(.data)
    limit_counter                            0x200004cf   Data           1  driver_gimbal.o(.data)
    limitoffset                              0x200004d0   Data           4  driver_gimbal.o(.data)
    open_time                                0x200004d4   Data           4  driver_gimbal.o(.data)
    test1                                    0x200004d8   Data           2  driver_gimbal.o(.data)
    RC_Update_Flag                           0x200004f4   Data           1  remote.o(.data)
    get_RC                                   0x200004f5   Data           1  remote.o(.data)
    ShootMotorSpeedPID                       0x200004fc   Data          84  driver_frimotor.o(.data)
    ShootMotorPositionPID                    0x20000550   Data          84  driver_frimotor.o(.data)
    Turntable_ref                            0x200005a4   Data           8  driver_frimotor.o(.data)
    BulletNumber                             0x200005b0   Data           1  driver_frimotor.o(.data)
    Block_TimeStamp                          0x200005b4   Data           4  driver_frimotor.o(.data)
    BulletBlock_State                        0x200005b8   Data           1  driver_frimotor.o(.data)
    ii                                       0x200005c0   Data           4  driver_frimotor.o(.data)
    pass_flag                                0x200005c4   Data           1  driver_frimotor.o(.data)
    ShootNumber                              0x200005c8   Data           4  driver_frimotor.o(.data)
    Turntable_Angle                          0x200005cc   Data           4  driver_frimotor.o(.data)
    shootdouble                              0x200005d0   Data           1  driver_frimotor.o(.data)
    shootnum                                 0x200005d1   Data           1  driver_frimotor.o(.data)
    PID_Flag                                 0x200005e8   Data           4  driver_protocol.o(.data)
    system_microsecond                       0x200005ec   Data           4  driver_protocol.o(.data)
    get_labview                              0x200005f2   Data           2  driver_protocol.o(.data)
    Protocol_len                             0x200005f4   Data           2  driver_protocol.o(.data)
    Pro_count                                0x200005f6   Data           2  driver_protocol.o(.data)
    SendP_count                              0x200005fc   Data           2  dm9015.o(.data)
    exInt                                    0x20000600   Data           4  imu.o(.data)
    eyInt                                    0x20000604   Data           4  imu.o(.data)
    ezInt                                    0x20000608   Data           4  imu.o(.data)
    q0                                       0x2000060c   Data           4  imu.o(.data)
    q1                                       0x20000610   Data           4  imu.o(.data)
    q2                                       0x20000614   Data           4  imu.o(.data)
    q3                                       0x20000618   Data           4  imu.o(.data)
    lastUpdate                               0x20000640   Data           4  imu.o(.data)
    now                                      0x20000644   Data           4  imu.o(.data)
    yaw_temp                                 0x20000648   Data           4  imu.o(.data)
    pitch_temp                               0x2000064c   Data           4  imu.o(.data)
    roll_temp                                0x20000650   Data           4  imu.o(.data)
    last_yaw_temp                            0x20000654   Data           4  imu.o(.data)
    last_pitch_temp                          0x20000658   Data           4  imu.o(.data)
    last_roll_temp                           0x2000065c   Data           4  imu.o(.data)
    yaw_angle                                0x20000660   Data           4  imu.o(.data)
    pitch_angle                              0x20000664   Data           4  imu.o(.data)
    roll_angle                               0x20000668   Data           4  imu.o(.data)
    MPU_id                                   0x20000674   Data           1  test_imu.o(.data)
    get_date_count                           0x20000675   Data           1  test_imu.o(.data)
    MPU_count                                0x20000676   Data           1  test_imu.o(.data)
    pxCurrentTCB                             0x200006b0   Data           4  tasks.o(.data)
    SystemCoreClock                          0x200006ec   Data           4  system_stm32f4xx.o(.data)
    uwTick                                   0x200006f0   Data           4  stm32f4xx_hal.o(.data)
    UART1_RXBUFF                             0x200006f8   Data         100  stm32f4xx_it.o(.bss)
    UART2_RXBUFF                             0x2000075c   Data          80  stm32f4xx_it.o(.bss)
    UART3_RXBUFF                             0x200007ac   Data         200  stm32f4xx_it.o(.bss)
    UART6_RXBUFF                             0x20000874   Data          30  stm32f4xx_it.o(.bss)
    UART7_RXBUFF                             0x20000892   Data          90  stm32f4xx_it.o(.bss)
    GMYawEncoder                             0x200008ec   Data          68  canbustask.o(.bss)
    GMPitchEncoder                           0x20000930   Data          68  canbustask.o(.bss)
    TurntableEncoder                         0x20000974   Data          68  canbustask.o(.bss)
    gAppParamStruct                          0x200009b8   Data         129  iotask.o(.bss)
    AppParamRealUsed                         0x20000a39   Data         129  iotask.o(.bss)
    PIDCaliData                              0x20000aba   Data         129  iotask.o(.bss)
    ChassisData                              0x20000b3c   Data          20  driver_chassis.o(.bss)
    switch1                                  0x20000b50   Data          23  statusmachine.o(.bss)
    RC_CtrlData                              0x20000b67   Data          22  remote.o(.bss)
    Que_Protocol                             0x20000b7e   Data         504  driver_protocol.o(.bss)
    frame_temp                               0x20000df7   Data          50  driver_protocol.o(.bss)
    Protocol_Send                            0x20000e29   Data         300  driver_protocol.o(.bss)
    Que_MiniPC_Tx                            0x20000f58   Data         504  driver_minifold.o(.bss)
    MiniPC_Data                              0x20001150   Data          20  driver_minifold.o(.bss)
    Que_Mainifold                            0x20001164   Data         504  driver_minifold.o(.bss)
    Que_DMfold                               0x20001442   Data         504  dm9015.o(.bss)
    Que_DM_Tx                                0x2000163a   Data         504  dm9015.o(.bss)
    DM_DMA_BUFF                              0x20001850   Data         200  dm9015.o(.bss)
    huart1                                   0x20001918   Data          64  usart.o(.bss)
    huart2                                   0x20001958   Data          64  usart.o(.bss)
    huart3                                   0x20001998   Data          64  usart.o(.bss)
    huart6                                   0x200019d8   Data          64  usart.o(.bss)
    huart7                                   0x20001a18   Data          64  usart.o(.bss)
    huart8                                   0x20001a58   Data          64  usart.o(.bss)
    hcan1                                    0x20001a98   Data          68  can.o(.bss)
    hcan2                                    0x20001adc   Data          68  can.o(.bss)
    hdma_usart1_rx                           0x20001ba0   Data          96  dma.o(.bss)
    hdma_usart2_rx                           0x20001c00   Data          96  dma.o(.bss)
    hdma_usart2_tx                           0x20001c60   Data          96  dma.o(.bss)
    hdma_usart3_tx                           0x20001cc0   Data          96  dma.o(.bss)
    hdma_usart3_rx                           0x20001d20   Data          96  dma.o(.bss)
    hdma_usart6_rx                           0x20001d80   Data          96  dma.o(.bss)
    hdma_uart7_tx                            0x20001de0   Data          96  dma.o(.bss)
    hdma_uart7_rx                            0x20001e40   Data          96  dma.o(.bss)
    hdma_uart8_rx                            0x20001ea0   Data          96  dma.o(.bss)
    hspi5                                    0x20001f00   Data          88  spi.o(.bss)
    htim2                                    0x20001f58   Data          60  tim.o(.bss)
    htim3                                    0x20001f94   Data          60  tim.o(.bss)
    htim5                                    0x20001fd0   Data          60  tim.o(.bss)
    htim6                                    0x2000200c   Data          60  tim.o(.bss)
    htim12                                   0x20002048   Data          60  tim.o(.bss)
    Que_JudgeFrame                           0x20002084   Data         504  data.o(.bss)
    Que_USART2_Tx                            0x2000227c   Data         504  data.o(.bss)
    Que_CAN1_Tx                              0x20002474   Data         564  data.o(.bss)
    Que_CAN2_Tx                              0x200026a8   Data         564  data.o(.bss)
    mygetqval                                0x200028dc   Data          36  imu.o(.bss)
    angle                                    0x20002910   Data          12  imu.o(.bss)
    MagMaxMinData                            0x2000291c   Data          12  test_imu.o(.bss)
    MPU6050_Raw_Data                         0x20002928   Data          20  test_imu.o(.bss)
    MPU6050_Real_Data                        0x2000293c   Data          40  test_imu.o(.bss)
    MPU6050_FIFO                             0x20002964   Data         132  test_imu.o(.bss)
    imu_data                                 0x200029e8   Data          20  test_imu.o(.bss)
    imu_data_offest                          0x200029fc   Data          20  test_imu.o(.bss)
    pFlash                                   0x20006700   Data          32  stm32f4xx_hal_flash.o(.bss)
    __initial_sp                             0x20006b20   Data           0  startup_stm32f427xx.o(STACK)



==============================================================================

Memory Map of the image

  Image Entry point : 0x080001ad

  Load Region LR_IROM1 (Base: 0x08000000, Size: 0x0000b1fc, Max: 0x00200000, ABSOLUTE, COMPRESSED[0x0000abd4])

    Execution Region ER_IROM1 (Base: 0x08000000, Size: 0x0000ab04, Max: 0x00200000, ABSOLUTE)

    Base Addr    Size         Type   Attr      Idx    E Section Name        Object

    0x08000000   0x000001ac   Data   RO         3492    RESET               startup_stm32f427xx.o
    0x080001ac   0x00000000   Code   RO         6883  * .ARM.Collect$$$$00000000  mc_w.l(entry.o)
    0x080001ac   0x00000004   Code   RO         6955    .ARM.Collect$$$$00000001  mc_w.l(entry2.o)
    0x080001b0   0x00000004   Code   RO         6958    .ARM.Collect$$$$00000004  mc_w.l(entry5.o)
    0x080001b4   0x00000000   Code   RO         6960    .ARM.Collect$$$$00000008  mc_w.l(entry7b.o)
    0x080001b4   0x00000000   Code   RO         6962    .ARM.Collect$$$$0000000A  mc_w.l(entry8b.o)
    0x080001b4   0x00000008   Code   RO         6963    .ARM.Collect$$$$0000000B  mc_w.l(entry9a.o)
    0x080001bc   0x00000000   Code   RO         6965    .ARM.Collect$$$$0000000D  mc_w.l(entry10a.o)
    0x080001bc   0x00000000   Code   RO         6967    .ARM.Collect$$$$0000000F  mc_w.l(entry11a.o)
    0x080001bc   0x00000004   Code   RO         6956    .ARM.Collect$$$$00002712  mc_w.l(entry2.o)
    0x080001c0   0x000000ba   Code   RO         3127    .emb_text           port.o
    0x0800027a   0x00000002   PAD
    0x0800027c   0x00000024   Code   RO         3493    .text               startup_stm32f427xx.o
    0x080002a0   0x00000024   Code   RO         6886    .text               mc_w.l(memcpya.o)
    0x080002c4   0x0000014e   Code   RO         6892    .text               mf_w.l(dadd.o)
    0x08000412   0x000000e4   Code   RO         6894    .text               mf_w.l(dmul.o)
    0x080004f6   0x000000de   Code   RO         6896    .text               mf_w.l(ddiv.o)
    0x080005d4   0x00000022   Code   RO         6900    .text               mf_w.l(dflti.o)
    0x080005f6   0x00000026   Code   RO         6902    .text               mf_w.l(f2d.o)
    0x0800061c   0x00000038   Code   RO         6906    .text               mf_w.l(d2f.o)
    0x08000654   0x0000001e   Code   RO         6969    .text               mc_w.l(llshl.o)
    0x08000672   0x00000024   Code   RO         6971    .text               mc_w.l(llsshr.o)
    0x08000696   0x00000000   Code   RO         6980    .text               mc_w.l(iusefp.o)
    0x08000696   0x0000006e   Code   RO         6981    .text               mf_w.l(fepilogue.o)
    0x08000704   0x000000ba   Code   RO         6983    .text               mf_w.l(depilogue.o)
    0x080007be   0x000000a2   Code   RO         6985    .text               mf_w.l(dsqrt.o)
    0x08000860   0x00000024   Code   RO         6989    .text               mc_w.l(init.o)
    0x08000884   0x00000020   Code   RO         6991    .text               mc_w.l(llushr.o)
    0x080008a4   0x00000056   Code   RO         7005    .text               mc_w.l(__dczerorl2.o)
    0x080008fa   0x00000002   PAD
    0x080008fc   0x00000048   Code   RO          691    i.AppParamInit      iotask.o
    0x08000944   0x0000001c   Code   RO          692    i.AppParamSave      iotask.o
    0x08000960   0x00000028   Code   RO          875    i.Attack_Mode_Select  statusmachine.o
    0x08000988   0x000000a0   Code   RO         1218    i.BEEP_Task         driver_beep.o
    0x08000a28   0x000000a0   Code   RO         2023    i.BSP_FLASH_GetFlashSector  flash.o
    0x08000ac8   0x000000c0   Code   RO         2026    i.BSP_FLASH_Write   flash.o
    0x08000b88   0x0000003c   Code   RO         1656    i.BSP_Init          bsp_init.o
    0x08000bc4   0x000000a4   Code   RO         1725    i.BSP_NVIC_Init     nvic.o
    0x08000c68   0x00000090   Code   RO         1151    i.BulletStuck_Check  driver_frimotor.o
    0x08000cf8   0x00000004   Code   RO          248    i.BusFault_Handler  stm32f4xx_it.o
    0x08000cfc   0x00000010   Code   RO          249    i.CAN1_RX0_IRQHandler  stm32f4xx_it.o
    0x08000d0c   0x0000002c   Code   RO          250    i.CAN1_TX_IRQHandler  stm32f4xx_it.o
    0x08000d38   0x00000010   Code   RO          251    i.CAN2_RX0_IRQHandler  stm32f4xx_it.o
    0x08000d48   0x0000002c   Code   RO          252    i.CAN2_TX_IRQHandler  stm32f4xx_it.o
    0x08000d74   0x000001c2   Code   RO         5738    i.CAN_Receive_IT    stm32f4xx_hal_can.o
    0x08000f36   0x00000062   Code   RO         5739    i.CAN_Transmit_IT   stm32f4xx_hal_can.o
    0x08000f98   0x00000002   Code   RO          811    i.CMControlLoop     driver_chassis.o
    0x08000f9a   0x00000002   PAD
    0x08000f9c   0x000000e4   Code   RO          693    i.CaliLoop          iotask.o
    0x08001080   0x00000098   Code   RO          502    i.CanReceiveMsgProcess  canbustask.o
    0x08001118   0x00000020   Code   RO          503    i.CanReceiveMsgProcess_2  canbustask.o
    0x08001138   0x00000058   Code   RO          876    i.ChassisModeSelect  statusmachine.o
    0x08001190   0x000000a0   Code   RO          627    i.ControlLoopTaskInit  controltask.o
    0x08001230   0x0000003c   Code   RO          628    i.Control_Task      controltask.o
    0x0800126c   0x00000010   Code   RO          253    i.DMA1_Stream4_IRQHandler  stm32f4xx_it.o
    0x0800127c   0x00000010   Code   RO          254    i.DMA1_Stream5_IRQHandler  stm32f4xx_it.o
    0x0800128c   0x0000001c   Code   RO          255    i.DMA1_Stream6_IRQHandler  stm32f4xx_it.o
    0x080012a8   0x00000010   Code   RO          256    i.DMA2_Stream1_IRQHandler  stm32f4xx_it.o
    0x080012b8   0x00000010   Code   RO          257    i.DMA2_Stream2_IRQHandler  stm32f4xx_it.o
    0x080012c8   0x00000034   Code   RO         5250    i.DMA_CalcBaseAndBitshift  stm32f4xx_hal_dma.o
    0x080012fc   0x000000aa   Code   RO         5251    i.DMA_CheckFifoParam  stm32f4xx_hal_dma.o
    0x080013a6   0x0000002c   Code   RO         5252    i.DMA_SetConfig     stm32f4xx_hal_dma.o
    0x080013d2   0x00000002   PAD
    0x080013d4   0x000000d4   Code   RO         1590    i.DM_EncoderProcess  dm9015.o
    0x080014a8   0x0000009c   Code   RO         1594    i.DM_SendPower      dm9015.o
    0x08001544   0x00000088   Code   RO         1595    i.DMfold_Res_Task   dm9015.o
    0x080015cc   0x00000044   Code   RO         1301    i.Data_Event        driver_protocol.o
    0x08001610   0x000002b4   Code   RO         1302    i.Data_Receive_Anl  driver_protocol.o
    0x080018c4   0x00000078   Code   RO         1303    i.Dataframe_Process  driver_protocol.o
    0x0800193c   0x00000002   Code   RO          258    i.DebugMon_Handler  stm32f4xx_it.o
    0x0800193e   0x00000002   PAD
    0x08001940   0x000000d0   Code   RO          504    i.EncoderProcess    canbustask.o
    0x08001a10   0x0000006c   Code   RO         5868    i.FLASH_Erase_Sector  stm32f4xx_hal_flash_ex.o
    0x08001a7c   0x00000024   Code   RO         5132    i.FLASH_Program_Byte  stm32f4xx_hal_flash.o
    0x08001aa0   0x0000002c   Code   RO         5133    i.FLASH_Program_DoubleWord  stm32f4xx_hal_flash.o
    0x08001acc   0x00000028   Code   RO         5134    i.FLASH_Program_HalfWord  stm32f4xx_hal_flash.o
    0x08001af4   0x00000028   Code   RO         5135    i.FLASH_Program_Word  stm32f4xx_hal_flash.o
    0x08001b1c   0x000000b4   Code   RO         5136    i.FLASH_SetErrorCode  stm32f4xx_hal_flash.o
    0x08001bd0   0x00000064   Code   RO         5137    i.FLASH_WaitForLastOperation  stm32f4xx_hal_flash.o
    0x08001c34   0x00000070   Code   RO         1152    i.FriMotor_Control  driver_frimotor.o
    0x08001ca4   0x000000bc   Code   RO          877    i.FriMotor_Select   statusmachine.o
    0x08001d60   0x00000080   Code   RO         1025    i.GMCalLoop         driver_gimbal.o
    0x08001de0   0x00000014   Code   RO         1026    i.GMControlLoop     driver_gimbal.o
    0x08001df4   0x0000000c   Code   RO          878    i.GetChassis_MoveMode  statusmachine.o
    0x08001e00   0x0000000c   Code   RO          879    i.GetFrictionState  statusmachine.o
    0x08001e0c   0x0000000c   Code   RO          880    i.GetGM_CM_Mode     statusmachine.o
    0x08001e18   0x0000000c   Code   RO          881    i.GetGimbal_MoveMode  statusmachine.o
    0x08001e24   0x0000000c   Code   RO          882    i.GetInputMode      statusmachine.o
    0x08001e30   0x0000013c   Code   RO         2207    i.GetPitchYawGxGyGz  imu.o
    0x08001f6c   0x0000007c   Code   RO         1109    i.GetRemoteSwitchAction  remote.o
    0x08001fe8   0x0000000c   Code   RO          883    i.GetShootState     statusmachine.o
    0x08001ff4   0x0000000c   Code   RO          884    i.GetWorkState      statusmachine.o
    0x08002000   0x0000000c   Code   RO          885    i.Get_AttackMode    statusmachine.o
    0x0800200c   0x00000008   Code   RO         1936    i.Get_Time_Micros   tim.o
    0x08002014   0x0000008c   Code   RO          695    i.GimbalCaliProcess  iotask.o
    0x080020a0   0x00000158   Code   RO         1027    i.GimbalGetRef      driver_gimbal.o
    0x080021f8   0x00000068   Code   RO          886    i.GimbalModeSelect  statusmachine.o
    0x08002260   0x00000024   Code   RO         1028    i.Gimbal_PitchAngleSet  driver_gimbal.o
    0x08002284   0x00000044   Code   RO         1029    i.Gimbal_YawAngleSet  driver_gimbal.o
    0x080022c8   0x000000c8   Code   RO          696    i.GyroCaliProcess   iotask.o
    0x08002390   0x00000108   Code   RO         5740    i.HAL_CAN_ConfigFilter  stm32f4xx_hal_can.o
    0x08002498   0x00000002   Code   RO         5742    i.HAL_CAN_ErrorCallback  stm32f4xx_hal_can.o
    0x0800249a   0x00000002   PAD
    0x0800249c   0x00000264   Code   RO         5745    i.HAL_CAN_IRQHandler  stm32f4xx_hal_can.o
    0x08002700   0x000001bc   Code   RO         5746    i.HAL_CAN_Init      stm32f4xx_hal_can.o
    0x080028bc   0x000000c8   Code   RO         1823    i.HAL_CAN_MspInit   can.o
    0x08002984   0x000000fc   Code   RO         5750    i.HAL_CAN_Receive_IT  stm32f4xx_hal_can.o
    0x08002a80   0x00000058   Code   RO          259    i.HAL_CAN_RxCpltCallback  stm32f4xx_it.o
    0x08002ad8   0x000001f6   Code   RO         5754    i.HAL_CAN_Transmit_IT  stm32f4xx_hal_can.o
    0x08002cce   0x00000002   Code   RO         5755    i.HAL_CAN_TxCpltCallback  stm32f4xx_hal_can.o
    0x08002cd0   0x000000aa   Code   RO         5253    i.HAL_DMA_Abort     stm32f4xx_hal_dma.o
    0x08002d7a   0x00000002   PAD
    0x08002d7c   0x00000248   Code   RO         5258    i.HAL_DMA_IRQHandler  stm32f4xx_hal_dma.o
    0x08002fc4   0x000000ec   Code   RO         5259    i.HAL_DMA_Init      stm32f4xx_hal_dma.o
    0x080030b0   0x0000009e   Code   RO         5263    i.HAL_DMA_Start_IT  stm32f4xx_hal_dma.o
    0x0800314e   0x0000001e   Code   RO         3893    i.HAL_Delay         stm32f4xx_hal.o
    0x0800316c   0x00000014   Code   RO         5141    i.HAL_FLASH_Lock    stm32f4xx_hal_flash.o
    0x08003180   0x00000098   Code   RO         5146    i.HAL_FLASH_Program  stm32f4xx_hal_flash.o
    0x08003218   0x0000002c   Code   RO         5148    i.HAL_FLASH_Unlock  stm32f4xx_hal_flash.o
    0x08003244   0x0000021c   Code   RO         5069    i.HAL_GPIO_Init     stm32f4xx_hal_gpio.o
    0x08003460   0x00000010   Code   RO         5071    i.HAL_GPIO_ReadPin  stm32f4xx_hal_gpio.o
    0x08003470   0x00000008   Code   RO         5072    i.HAL_GPIO_TogglePin  stm32f4xx_hal_gpio.o
    0x08003478   0x0000000c   Code   RO         5073    i.HAL_GPIO_WritePin  stm32f4xx_hal_gpio.o
    0x08003484   0x0000000c   Code   RO         3901    i.HAL_GetTick       stm32f4xx_hal.o
    0x08003490   0x00000010   Code   RO         3903    i.HAL_IncTick       stm32f4xx_hal.o
    0x080034a0   0x0000003c   Code   RO         3904    i.HAL_Init          stm32f4xx_hal.o
    0x080034dc   0x00000028   Code   RO         3905    i.HAL_InitTick      stm32f4xx_hal.o
    0x08003504   0x00000056   Code   RO          432    i.HAL_MspInit       stm32f4xx_hal_msp.o
    0x0800355a   0x0000001a   Code   RO         4290    i.HAL_NVIC_EnableIRQ  stm32f4xx_hal_cortex.o
    0x08003574   0x0000007c   Code   RO         4296    i.HAL_NVIC_SetPriority  stm32f4xx_hal_cortex.o
    0x080035f0   0x00000028   Code   RO         4297    i.HAL_NVIC_SetPriorityGrouping  stm32f4xx_hal_cortex.o
    0x08003618   0x000001d0   Code   RO         5398    i.HAL_RCC_ClockConfig  stm32f4xx_hal_rcc.o
    0x080037e8   0x0000000c   Code   RO         5403    i.HAL_RCC_GetHCLKFreq  stm32f4xx_hal_rcc.o
    0x080037f4   0x0000002c   Code   RO         5405    i.HAL_RCC_GetPCLK1Freq  stm32f4xx_hal_rcc.o
    0x08003820   0x0000002c   Code   RO         5406    i.HAL_RCC_GetPCLK2Freq  stm32f4xx_hal_rcc.o
    0x0800384c   0x000000b4   Code   RO         5407    i.HAL_RCC_GetSysClockFreq  stm32f4xx_hal_rcc.o
    0x08003900   0x0000044c   Code   RO         5410    i.HAL_RCC_OscConfig  stm32f4xx_hal_rcc.o
    0x08003d4c   0x000000a0   Code   RO         6029    i.HAL_SPI_Init      stm32f4xx_hal_spi.o
    0x08003dec   0x0000005c   Code   RO         1898    i.HAL_SPI_MspInit   spi.o
    0x08003e48   0x000002cc   Code   RO         6038    i.HAL_SPI_TransmitReceive  stm32f4xx_hal_spi.o
    0x08004114   0x00000028   Code   RO         4299    i.HAL_SYSTICK_CLKSourceConfig  stm32f4xx_hal_cortex.o
    0x0800413c   0x00000034   Code   RO         4301    i.HAL_SYSTICK_Config  stm32f4xx_hal_cortex.o
    0x08004170   0x00000002   Code   RO         5499    i.HAL_TIMEx_BreakCallback  stm32f4xx_hal_tim_ex.o
    0x08004172   0x00000002   Code   RO         5500    i.HAL_TIMEx_CommutationCallback  stm32f4xx_hal_tim_ex.o
    0x08004174   0x00000062   Code   RO         5516    i.HAL_TIMEx_MasterConfigSynchronization  stm32f4xx_hal_tim_ex.o
    0x080041d6   0x00000034   Code   RO         4427    i.HAL_TIM_Base_Init  stm32f4xx_hal_tim.o
    0x0800420a   0x00000002   PAD
    0x0800420c   0x00000084   Code   RO         1938    i.HAL_TIM_Base_MspInit  tim.o
    0x08004290   0x0000001e   Code   RO         4430    i.HAL_TIM_Base_Start  stm32f4xx_hal_tim.o
    0x080042ae   0x0000001e   Code   RO         4432    i.HAL_TIM_Base_Start_IT  stm32f4xx_hal_tim.o
    0x080042cc   0x00000002   Code   RO         4456    i.HAL_TIM_IC_CaptureCallback  stm32f4xx_hal_tim.o
    0x080042ce   0x00000196   Code   RO         4469    i.HAL_TIM_IRQHandler  stm32f4xx_hal_tim.o
    0x08004464   0x000000d8   Code   RO         1939    i.HAL_TIM_MspPostInit  tim.o
    0x0800453c   0x00000002   Code   RO         4472    i.HAL_TIM_OC_DelayElapsedCallback  stm32f4xx_hal_tim.o
    0x0800453e   0x00000108   Code   RO         4493    i.HAL_TIM_PWM_ConfigChannel  stm32f4xx_hal_tim.o
    0x08004646   0x00000034   Code   RO         4496    i.HAL_TIM_PWM_Init  stm32f4xx_hal_tim.o
    0x0800467a   0x00000002   PAD
    0x0800467c   0x000000c4   Code   RO         1941    i.HAL_TIM_PWM_MspInit  tim.o
    0x08004740   0x00000002   Code   RO         4499    i.HAL_TIM_PWM_PulseFinishedCallback  stm32f4xx_hal_tim.o
    0x08004742   0x00000002   PAD
    0x08004744   0x0000004c   Code   RO         4500    i.HAL_TIM_PWM_Start  stm32f4xx_hal_tim.o
    0x08004790   0x0000007c   Code   RO          260    i.HAL_TIM_PeriodElapsedCallback  stm32f4xx_it.o
    0x0800480c   0x00000002   Code   RO         4510    i.HAL_TIM_TriggerCallback  stm32f4xx_hal_tim.o
    0x0800480e   0x00000050   Code   RO         3565    i.HAL_UART_AbortReceive  stm32f4xx_hal_uart.o
    0x0800485e   0x00000044   Code   RO         3568    i.HAL_UART_AbortTransmit  stm32f4xx_hal_uart.o
    0x080048a2   0x00000002   Code   RO         3576    i.HAL_UART_ErrorCallback  stm32f4xx_hal_uart.o
    0x080048a4   0x00000072   Code   RO         3580    i.HAL_UART_Init     stm32f4xx_hal_uart.o
    0x08004916   0x00000002   PAD
    0x08004918   0x00000478   Code   RO         1750    i.HAL_UART_MspInit  usart.o
    0x08004d90   0x000000ac   Code   RO         3584    i.HAL_UART_Receive_DMA  stm32f4xx_hal_uart.o
    0x08004e3c   0x00000002   Code   RO         3586    i.HAL_UART_RxCpltCallback  stm32f4xx_hal_uart.o
    0x08004e3e   0x00000002   Code   RO         3587    i.HAL_UART_RxHalfCpltCallback  stm32f4xx_hal_uart.o
    0x08004e40   0x000000d6   Code   RO         3588    i.HAL_UART_Transmit  stm32f4xx_hal_uart.o
    0x08004f16   0x00000002   PAD
    0x08004f18   0x0000009c   Code   RO         3589    i.HAL_UART_Transmit_DMA  stm32f4xx_hal_uart.o
    0x08004fb4   0x00000074   Code   RO          261    i.HAL_UART_TxCpltCallback  stm32f4xx_it.o
    0x08005028   0x00000002   Code   RO         3592    i.HAL_UART_TxHalfCpltCallback  stm32f4xx_hal_uart.o
    0x0800502a   0x00000004   Code   RO          262    i.HardFault_Handler  stm32f4xx_it.o
    0x0800502e   0x00000002   PAD
    0x08005030   0x000007cc   Code   RO         2208    i.IMU_AHRSupdate    imu.o
    0x080057fc   0x000000b4   Code   RO         2281    i.IMU_Get_Data      test_imu.o
    0x080058b0   0x00000014   Code   RO         2209    i.IMU_Task          imu.o
    0x080058c4   0x0000004c   Code   RO         2210    i.IMU_getQ          imu.o
    0x08005910   0x00000094   Code   RO         2211    i.IMU_getValues     imu.o
    0x080059a4   0x0000023c   Code   RO         2212    i.IMU_getYawPitchRoll  imu.o
    0x08005be0   0x0000004c   Code   RO          887    i.InputMode_Select  statusmachine.o
    0x08005c2c   0x00000018   Code   RO          697    i.IsCaliCmdFlagSet  iotask.o
    0x08005c44   0x00000074   Code   RO         1153    i.LASER_Task        driver_frimotor.o
    0x08005cb8   0x000001f4   Code   RO         2282    i.MPU6050_AverageFilter  test_imu.o
    0x08005eac   0x00000078   Code   RO         2283    i.MPU6050_getMotion6  test_imu.o
    0x08005f24   0x0000006c   Code   RO         2284    i.MPU6500_Init      test_imu.o
    0x08005f90   0x00000054   Code   RO         2285    i.MPU6500_Read_Reg  test_imu.o
    0x08005fe4   0x00000064   Code   RO         2286    i.MPU6500_Read_Regs  test_imu.o
    0x08006048   0x00000058   Code   RO         2289    i.MPU6500_Write_Reg  test_imu.o
    0x080060a0   0x000000a8   Code   RO         1824    i.MX_CAN1_Init      can.o
    0x08006148   0x000000b4   Code   RO         1825    i.MX_CAN2_Init      can.o
    0x080061fc   0x00000048   Code   RO         1870    i.MX_DMA_Init       dma.o
    0x08006244   0x00000028   Code   RO          453    i.MX_FREERTOS_Init  freertos.o
    0x0800626c   0x00000214   Code   RO         1701    i.MX_GPIO_Init      gpio.o
    0x08006480   0x0000005c   Code   RO         1899    i.MX_SPI5_Init      spi.o
    0x080064dc   0x00000090   Code   RO         1942    i.MX_TIM12_Init     tim.o
    0x0800656c   0x00000048   Code   RO         1943    i.MX_TIM2_Init      tim.o
    0x080065b4   0x000000ac   Code   RO         1945    i.MX_TIM5_Init      tim.o
    0x08006660   0x00000060   Code   RO         1946    i.MX_TIM6_Init      tim.o
    0x080066c0   0x00000070   Code   RO         1753    i.MX_USART1_UART_Init  usart.o
    0x08006730   0x00000068   Code   RO         1754    i.MX_USART2_UART_Init  usart.o
    0x08006798   0x00000068   Code   RO         1755    i.MX_USART3_UART_Init  usart.o
    0x08006800   0x00000068   Code   RO         1756    i.MX_USART6_UART_Init  usart.o
    0x08006868   0x00000004   Code   RO          263    i.MemManage_Handler  stm32f4xx_it.o
    0x0800686c   0x00000002   Code   RO          264    i.NMI_Handler       stm32f4xx_it.o
    0x0800686e   0x00000002   PAD
    0x08006870   0x00000010   Code   RO         4303    i.NVIC_GetPriorityGrouping  stm32f4xx_hal_cortex.o
    0x08006880   0x00000028   Code   RO         4304    i.NVIC_SetPriority  stm32f4xx_hal_cortex.o
    0x080068a8   0x0000001c   Code   RO          699    i.PIDCaliProcess    iotask.o
    0x080068c4   0x000000f6   Code   RO          570    i.PID_Calc          pid.o
    0x080069ba   0x00000002   PAD
    0x080069bc   0x00000160   Code   RO         1030    i.PID_Calibration   driver_gimbal.o
    0x08006b1c   0x00000028   Code   RO          571    i.PID_Reset         pid.o
    0x08006b44   0x00000028   Code   RO          572    i.PID_Task          pid.o
    0x08006b6c   0x00000048   Code   RO         1154    i.Pass_Check        driver_frimotor.o
    0x08006bb4   0x0000009c   Code   RO         1304    i.Protocol          driver_protocol.o
    0x08006c50   0x00000064   Code   RO         1305    i.Protocol_SendFrame  driver_protocol.o
    0x08006cb4   0x0000002a   Code   RO         1256    i.RampCalc          ramp.o
    0x08006cde   0x00000002   Code   RO         1257    i.RampInit          ramp.o
    0x08006ce0   0x00000012   Code   RO         1258    i.RampIsOverflow    ramp.o
    0x08006cf2   0x00000006   Code   RO         1259    i.RampResetCounter  ramp.o
    0x08006cf8   0x00000004   Code   RO         1260    i.RampSetCounter    ramp.o
    0x08006cfc   0x00000004   Code   RO         1261    i.RampSetScale      ramp.o
    0x08006d00   0x00000050   Code   RO         1031    i.Ref_Gimbal_Prepare  driver_gimbal.o
    0x08006d50   0x00000024   Code   RO         1032    i.Ref_UpdataFromMouse  driver_gimbal.o
    0x08006d74   0x0000010c   Code   RO         1033    i.Ref_UpdataFromRCStick  driver_gimbal.o
    0x08006e80   0x000000e0   Code   RO         1110    i.RemoteDataPrcess  remote.o
    0x08006f60   0x00000058   Code   RO         1111    i.RemoteTaskInit    remote.o
    0x08006fb8   0x00000018   Code   RO         1112    i.Remote_CheckJumpKey  remote.o
    0x08006fd0   0x00000010   Code   RO          700    i.ResetCaliCmdFlag  iotask.o
    0x08006fe0   0x00000028   Code   RO         6055    i.SPI_CheckFlag_BSY  stm32f4xx_hal_spi.o
    0x08007008   0x000000aa   Code   RO         6075    i.SPI_WaitFlagStateUntilTimeout  stm32f4xx_hal_spi.o
    0x080070b2   0x00000002   PAD
    0x080070b4   0x000000d4   Code   RO         1306    i.Send_CM_PID       driver_protocol.o
    0x08007188   0x00000048   Code   RO         1307    i.Send_Check        driver_protocol.o
    0x080071d0   0x000000d8   Code   RO         1308    i.Send_FrameRate    driver_protocol.o
    0x080072a8   0x000000d4   Code   RO         1309    i.Send_GMP_PID      driver_protocol.o
    0x0800737c   0x000000d4   Code   RO         1310    i.Send_GMY_PID      driver_protocol.o
    0x08007450   0x00000002   Code   RO         1312    i.Send_Judge        driver_protocol.o
    0x08007452   0x00000002   PAD
    0x08007454   0x000000dc   Code   RO         1314    i.Send_Moto_Rmp     driver_protocol.o
    0x08007530   0x00000098   Code   RO         1315    i.Send_RC_Data      driver_protocol.o
    0x080075c8   0x000000e8   Code   RO         1316    i.Send_R_F_PID      driver_protocol.o
    0x080076b0   0x00000274   Code   RO         1317    i.Send_Ref_Fdb      driver_protocol.o
    0x08007924   0x00000098   Code   RO         1318    i.Send_Sensor       driver_protocol.o
    0x080079bc   0x000000b0   Code   RO         1319    i.Send_Shoot_PID    driver_protocol.o
    0x08007a6c   0x000000d4   Code   RO         1320    i.Send_Status       driver_protocol.o
    0x08007b40   0x0000007a   Code   RO         1321    i.Send_StatusMachine  driver_protocol.o
    0x08007bba   0x00000002   PAD
    0x08007bbc   0x00000030   Code   RO          701    i.Sensor_Offset_Param_Init  iotask.o
    0x08007bec   0x00000010   Code   RO          702    i.SetCaliCmdFlag    iotask.o
    0x08007bfc   0x00000024   Code   RO          888    i.SetFrictionState  statusmachine.o
    0x08007c20   0x0000001c   Code   RO          703    i.SetGimbalCaliData  iotask.o
    0x08007c3c   0x000000a4   Code   RO         1034    i.SetGimbalMotorOutput  driver_gimbal.o
    0x08007ce0   0x00000020   Code   RO          704    i.SetGyroCaliData   iotask.o
    0x08007d00   0x00000084   Code   RO          705    i.SetPIDCaliData    iotask.o
    0x08007d84   0x0000000c   Code   RO          889    i.SetShootState     statusmachine.o
    0x08007d90   0x0000000c   Code   RO          890    i.SetWorkState      statusmachine.o
    0x08007d9c   0x0000009c   Code   RO          506    i.Set_Gimbal_Current  canbustask.o
    0x08007e38   0x00000028   Code   RO         1155    i.ShootCounter      driver_frimotor.o
    0x08007e60   0x00000064   Code   RO         1156    i.Shoot_Single      driver_frimotor.o
    0x08007ec4   0x00000034   Code   RO         1219    i.Sing              driver_beep.o
    0x08007ef8   0x00000030   Code   RO         1220    i.Sing_Music        driver_beep.o
    0x08007f28   0x0000000a   Code   RO          454    i.StartDefaultTask  freertos.o
    0x08007f32   0x00000002   PAD
    0x08007f34   0x00000040   Code   RO          891    i.StatusMachine_Init  statusmachine.o
    0x08007f74   0x00000034   Code   RO          892    i.StatusMachine_Update  statusmachine.o
    0x08007fa8   0x0000000c   Code   RO          265    i.SysTick_Handler   stm32f4xx_it.o
    0x08007fb4   0x000000e4   Code   RO         1657    i.SystemClock_Config  bsp_init.o
    0x08008098   0x00000064   Code   RO         3501    i.SystemInit        system_stm32f4xx.o
    0x080080fc   0x00000010   Code   RO          266    i.TIM6_DAC_IRQHandler  stm32f4xx_it.o
    0x0800810c   0x000000e4   Code   RO         4511    i.TIM_Base_SetConfig  stm32f4xx_hal_tim.o
    0x080081f0   0x0000001c   Code   RO         4512    i.TIM_CCxChannelCmd  stm32f4xx_hal_tim.o
    0x0800820c   0x00000070   Code   RO         4520    i.TIM_OC1_SetConfig  stm32f4xx_hal_tim.o
    0x0800827c   0x00000078   Code   RO         4521    i.TIM_OC2_SetConfig  stm32f4xx_hal_tim.o
    0x080082f4   0x00000078   Code   RO         4522    i.TIM_OC3_SetConfig  stm32f4xx_hal_tim.o
    0x0800836c   0x00000060   Code   RO         4523    i.TIM_OC4_SetConfig  stm32f4xx_hal_tim.o
    0x080083cc   0x000001bc   Code   RO          603    i.Task_Monitor      supervisetask.o
    0x08008588   0x00000240   Code   RO         1157    i.Turntable_Control  driver_frimotor.o
    0x080087c8   0x00000138   Code   RO          893    i.Turntable_Select  statusmachine.o
    0x08008900   0x00000070   Code   RO          267    i.UART7_IRQHandler  stm32f4xx_it.o
    0x08008970   0x00000050   Code   RO         3594    i.UART_DMAError     stm32f4xx_hal_uart.o
    0x080089c0   0x00000046   Code   RO         3595    i.UART_DMAReceiveCplt  stm32f4xx_hal_uart.o
    0x08008a06   0x0000000e   Code   RO         3597    i.UART_DMARxHalfCplt  stm32f4xx_hal_uart.o
    0x08008a14   0x00000036   Code   RO         3599    i.UART_DMATransmitCplt  stm32f4xx_hal_uart.o
    0x08008a4a   0x0000000e   Code   RO         3601    i.UART_DMATxHalfCplt  stm32f4xx_hal_uart.o
    0x08008a58   0x00000020   Code   RO         3603    i.UART_EndRxTransfer  stm32f4xx_hal_uart.o
    0x08008a78   0x00000014   Code   RO         3605    i.UART_EndTxTransfer  stm32f4xx_hal_uart.o
    0x08008a8c   0x00000368   Code   RO         3607    i.UART_SetConfig    stm32f4xx_hal_uart.o
    0x08008df4   0x0000006c   Code   RO         3609    i.UART_WaitOnFlagUntilTimeout  stm32f4xx_hal_uart.o
    0x08008e60   0x0000009c   Code   RO          268    i.USART1_IRQHandler  stm32f4xx_it.o
    0x08008efc   0x000000a4   Code   RO          269    i.USART2_IRQHandler  stm32f4xx_it.o
    0x08008fa0   0x000000a0   Code   RO          270    i.USART3_IRQHandler  stm32f4xx_it.o
    0x08009040   0x000000a0   Code   RO          271    i.USART6_IRQHandler  stm32f4xx_it.o
    0x080090e0   0x00000004   Code   RO          272    i.UsageFault_Handler  stm32f4xx_it.o
    0x080090e4   0x00000028   Code   RO          894    i.WorkStateSwitchProcess  statusmachine.o
    0x0800910c   0x00000080   Code   RO          895    i.WorkstateFSM      statusmachine.o
    0x0800918c   0x00000004   Code   RO         1658    i._Error_Handler    bsp_init.o
    0x08009190   0x00000030   Code   RO         6939    i.__ARM_fpclassify  m_wm.l(fpclassify.o)
    0x080091c0   0x00000360   Code   RO         6815    i.__hardfp_asin     m_wm.l(asin.o)
    0x08009520   0x000002d8   Code   RO         6908    i.__hardfp_atan     m_wm.l(atan.o)
    0x080097f8   0x000001f0   Code   RO         6829    i.__hardfp_atan2    m_wm.l(atan2.o)
    0x080099e8   0x0000007a   Code   RO         6871    i.__hardfp_sqrt     m_wm.l(sqrt.o)
    0x08009a62   0x000000f8   Code   RO         6941    i.__kernel_poly     m_wm.l(poly.o)
    0x08009b5a   0x00000014   Code   RO         6926    i.__mathlib_dbl_infnan  m_wm.l(dunder.o)
    0x08009b6e   0x00000014   Code   RO         6927    i.__mathlib_dbl_infnan2  m_wm.l(dunder.o)
    0x08009b82   0x00000006   PAD
    0x08009b88   0x00000020   Code   RO         6928    i.__mathlib_dbl_invalid  m_wm.l(dunder.o)
    0x08009ba8   0x00000020   Code   RO         6931    i.__mathlib_dbl_underflow  m_wm.l(dunder.o)
    0x08009bc8   0x0000000e   Code   RO         6999    i.__scatterload_copy  mc_w.l(handlers.o)
    0x08009bd6   0x00000002   Code   RO         7000    i.__scatterload_null  mc_w.l(handlers.o)
    0x08009bd8   0x0000000e   Code   RO         7001    i.__scatterload_zeroinit  mc_w.l(handlers.o)
    0x08009be6   0x00000002   PAD
    0x08009be8   0x0000000c   Code   RO         6975    i.__set_errno       mc_w.l(errno.o)
    0x08009bf4   0x00000010   Code   RO         6910    i.atan              m_wm.l(atan.o)
    0x08009c04   0x00000032   Code   RO         2071    i.bufferPop         data.o
    0x08009c36   0x00000034   Code   RO         2072    i.bufferPush        data.o
    0x08009c6a   0x00000028   Code   RO         2073    i.buffer_multiPop   data.o
    0x08009c92   0x00000018   Code   RO         2074    i.bufferlen         data.o
    0x08009caa   0x00000018   Code   RO         6855    i.fabs              m_wm.l(fabs.o)
    0x08009cc2   0x0000002a   Code   RO          508    i.get_measure       canbustask.o
    0x08009cec   0x0000003c   Code   RO         2214    i.invSqrt           imu.o
    0x08009d28   0x00000084   Code   RO            4    i.main              main.o
    0x08009dac   0x0000000e   Code   RO         2387    i.makeFreeRtosPriority  cmsis_os.o
    0x08009dba   0x00000018   Code   RO         2389    i.osDelay           cmsis_os.o
    0x08009dd2   0x00000010   Code   RO         2425    i.osSystickHandler  cmsis_os.o
    0x08009de2   0x00000030   Code   RO         2426    i.osThreadCreate    cmsis_os.o
    0x08009e12   0x00000002   PAD
    0x08009e14   0x00000098   Code   RO         3205    i.prvAddCurrentTaskToDelayedList  tasks.o
    0x08009eac   0x000000b4   Code   RO         3206    i.prvAddNewTaskToReadyList  tasks.o
    0x08009f60   0x0000007c   Code   RO         2789    i.prvHeapInit       heap_4.o
    0x08009fdc   0x000000aa   Code   RO         3210    i.prvInitialiseNewTask  tasks.o
    0x0800a086   0x00000002   PAD
    0x0800a088   0x00000068   Code   RO         3211    i.prvInitialiseTaskLists  tasks.o
    0x0800a0f0   0x00000068   Code   RO         2790    i.prvInsertBlockIntoFreeList  heap_4.o
    0x0800a158   0x00000034   Code   RO         3212    i.prvResetNextTaskUnblockTime  tasks.o
    0x0800a18c   0x00000040   Code   RO         3128    i.prvTaskExitError  port.o
    0x0800a1cc   0x0000013c   Code   RO         2791    i.pvPortMalloc      heap_4.o
    0x0800a308   0x0000002c   Code   RO         3129    i.pxPortInitialiseStack  port.o
    0x0800a334   0x0000006e   Code   RO         6873    i.sqrt              m_wm.l(sqrt.o)
    0x0800a3a2   0x00000028   Code   RO         3014    i.uxListRemove      list.o
    0x0800a3ca   0x0000001a   Code   RO         3015    i.vListInitialise   list.o
    0x0800a3e4   0x00000006   Code   RO         3016    i.vListInitialiseItem  list.o
    0x0800a3ea   0x00000034   Code   RO         3017    i.vListInsert       list.o
    0x0800a41e   0x00000018   Code   RO         3018    i.vListInsertEnd    list.o
    0x0800a436   0x00000002   PAD
    0x0800a438   0x00000054   Code   RO         3131    i.vPortEnterCritical  port.o
    0x0800a48c   0x0000003c   Code   RO         3132    i.vPortExitCritical  port.o
    0x0800a4c8   0x00000094   Code   RO         2792    i.vPortFree         heap_4.o
    0x0800a55c   0x0000005c   Code   RO         3220    i.vTaskDelay        tasks.o
    0x0800a5b8   0x00000010   Code   RO         3233    i.vTaskSuspendAll   tasks.o
    0x0800a5c8   0x0000008c   Code   RO         3234    i.vTaskSwitchContext  tasks.o
    0x0800a654   0x00000034   Code   RO         3136    i.xPortSysTickHandler  port.o
    0x0800a688   0x00000060   Code   RO         3236    i.xTaskCreate       tasks.o
    0x0800a6e8   0x00000020   Code   RO         3240    i.xTaskGetSchedulerState  tasks.o
    0x0800a708   0x00000148   Code   RO         3243    i.xTaskIncrementTick  tasks.o
    0x0800a850   0x00000104   Code   RO         3249    i.xTaskResumeAll    tasks.o
    0x0800a954   0x00000014   Data   RO          455    .constdata          freertos.o
    0x0800a968   0x0000004a   Data   RO         1221    .constdata          driver_beep.o
    0x0800a9b2   0x00000002   PAD
    0x0800a9b4   0x00000014   Data   RO         2291    .constdata          test_imu.o
    0x0800a9c8   0x00000018   Data   RO         3502    .constdata          system_stm32f4xx.o
    0x0800a9e0   0x00000008   Data   RO         5265    .constdata          stm32f4xx_hal_dma.o
    0x0800a9e8   0x00000050   Data   RO         6818    .constdata          m_wm.l(asin.o)
    0x0800aa38   0x00000098   Data   RO         6911    .constdata          m_wm.l(atan.o)
    0x0800aad0   0x00000008   Data   RO         6943    .constdata          m_wm.l(qnan.o)
    0x0800aad8   0x0000000c   Data   RO          456    .conststring        freertos.o
    0x0800aae4   0x00000020   Data   RO         6997    Region$$Table       anon$$obj.o


    Execution Region RW_IRAM1 (Base: 0x20000000, Size: 0x00006b20, Max: 0x00030000, ABSOLUTE, COMPRESSED[0x000000d0])

    Base Addr    Size         Type   Attr      Idx    E Section Name        Object

    0x20000000   0x00000014   Data   RW            6    .data               main.o
    0x20000014   0x00000018   Data   RW          274    .data               stm32f4xx_it.o
    0x2000002c   0x00000004   Data   RW          457    .data               freertos.o
    0x20000030   0x0000002a   Data   RW          510    .data               canbustask.o
    0x2000005a   0x00000002   PAD
    0x2000005c   0x00000048   Data   RW          604    .data               supervisetask.o
    0x200000a4   0x00000004   Data   RW          629    .data               controltask.o
    0x200000a8   0x00000038   Data   RW          707    .data               iotask.o
    0x200000e0   0x00000214   Data   RW          819    .data               driver_chassis.o
    0x200002f4   0x00000018   Data   RW          897    .data               statusmachine.o
    0x2000030c   0x000001e5   Data   RW         1036    .data               driver_gimbal.o
    0x200004f1   0x00000003   PAD
    0x200004f4   0x00000008   Data   RW         1114    .data               remote.o
    0x200004fc   0x000000df   Data   RW         1158    .data               driver_frimotor.o
    0x200005db   0x00000001   PAD
    0x200005dc   0x00000009   Data   RW         1222    .data               driver_beep.o
    0x200005e5   0x00000003   PAD
    0x200005e8   0x00000014   Data   RW         1323    .data               driver_protocol.o
    0x200005fc   0x00000004   Data   RW         1597    .data               dm9015.o
    0x20000600   0x00000074   Data   RW         2216    .data               imu.o
    0x20000674   0x00000017   Data   RW         2292    .data               test_imu.o
    0x2000068b   0x00000001   PAD
    0x2000068c   0x00000018   Data   RW         2797    .data               heap_4.o
    0x200006a4   0x0000000c   Data   RW         3137    .data               port.o
    0x200006b0   0x0000003c   Data   RW         3252    .data               tasks.o
    0x200006ec   0x00000004   Data   RW         3503    .data               system_stm32f4xx.o
    0x200006f0   0x00000004   Data   RW         3910    .data               stm32f4xx_hal.o
    0x200006f4   0x00000004   Data   RW         6976    .data               mc_w.l(errno.o)
    0x200006f8   0x000001f4   Zero   RW          273    .bss                stm32f4xx_it.o
    0x200008ec   0x000000cc   Zero   RW          509    .bss                canbustask.o
    0x200009b8   0x00000183   Zero   RW          706    .bss                iotask.o
    0x20000b3b   0x00000001   PAD
    0x20000b3c   0x00000014   Zero   RW          818    .bss                driver_chassis.o
    0x20000b50   0x00000017   Zero   RW          896    .bss                statusmachine.o
    0x20000b67   0x00000016   Zero   RW         1113    .bss                remote.o
    0x20000b7d   0x00000001   PAD
    0x20000b7e   0x000003d7   Zero   RW         1322    .bss                driver_protocol.o
    0x20000f55   0x00000003   PAD
    0x20000f58   0x000004ea   Zero   RW         1460    .bss                driver_minifold.o
    0x20001442   0x000004d6   Zero   RW         1596    .bss                dm9015.o
    0x20001918   0x00000180   Zero   RW         1757    .bss                usart.o
    0x20001a98   0x00000108   Zero   RW         1826    .bss                can.o
    0x20001ba0   0x00000360   Zero   RW         1871    .bss                dma.o
    0x20001f00   0x00000058   Zero   RW         1900    .bss                spi.o
    0x20001f58   0x0000012c   Zero   RW         1947    .bss                tim.o
    0x20002084   0x00000858   Zero   RW         2075    .bss                data.o
    0x200028dc   0x00000040   Zero   RW         2215    .bss                imu.o
    0x2000291c   0x000000f4   Zero   RW         2290    .bss                test_imu.o
    0x20002a10   0x00003c00   Zero   RW         2796    .bss                heap_4.o
    0x20006610   0x000000f0   Zero   RW         3251    .bss                tasks.o
    0x20006700   0x00000020   Zero   RW         5149    .bss                stm32f4xx_hal_flash.o
    0x20006720   0x00000400   Zero   RW         3490    STACK               startup_stm32f427xx.o


==============================================================================

Image component sizes


      Code (inc. data)   RO Data    RW Data    ZI Data      Debug   Object Name

       292         30          0          0          0       2197   bsp_init.o
       548         86          0          0        264       2638   can.o
       590         68          0         42        204       8059   canbustask.o
       102          0          0          0          0      12582   cmsis_os.o
       220         44          0          4          0       6433   controltask.o
       166          0          0          0       2136       3934   data.o
       504         40          0          4       1238       4871   dm9015.o
        72          6          0          0        864       1464   dma.o
       260         58         74          9          0       2711   driver_beep.o
         2          0          0        532         20       1800   driver_chassis.o
      1160        168          0        223          0       5501   driver_frimotor.o
      1496        170          0        485          0       8062   driver_gimbal.o
         0          0          0          0       1258       2901   driver_minifold.o
      3956        306          0         20        983      16293   driver_protocol.o
       352         52          0          0          0       2149   flash.o
        50         10         32          4          0       5202   freertos.o
       532         26          0          0          0       1375   gpio.o
       692         62          0         24      15360       7451   heap_4.o
      3188        260          0        116         64       6422   imu.o
       992        156          0         56        387      10552   iotask.o
       148          0          0          0          0       3662   list.o
       132         26          0         20          0     764895   main.o
       164          0          0          0          0        564   nvic.o
       326          6          0          0          0       5086   pid.o
       490         44          0         12          0       9587   port.o
         0          0          0          0          0       8100   queue.o
        76          0          0          0          0       3482   ramp.o
       460         40          0          8         22       5203   remote.o
       184         38          0          0         88       1769   spi.o
        36          8        428          0       1024        820   startup_stm32f427xx.o
      1248        232          0         24         23      12627   statusmachine.o
       158         20          0          4          0       4547   stm32f4xx_hal.o
      2626         22          0          0          0       7867   stm32f4xx_hal_can.o
       338         22          0          0          0      31641   stm32f4xx_hal_cortex.o
      1414         20          8          0          0       6515   stm32f4xx_hal_dma.o
       656         60          0          0         32       6142   stm32f4xx_hal_flash.o
       108          4          0          0          0        749   stm32f4xx_hal_flash_ex.o
       576         54          0          0          0       3696   stm32f4xx_hal_gpio.o
        86          0          0          0          0        526   stm32f4xx_hal_msp.o
      1844         80          0          0          0       5588   stm32f4xx_hal_rcc.o
      1086          0          0          0          0       4565   stm32f4xx_hal_spi.o
      1622         88          0          0          0      12523   stm32f4xx_hal_tim.o
       102          0          0          0          0       2402   stm32f4xx_hal_tim_ex.o
      2076         36          0          0          0      13659   stm32f4xx_hal_uart.o
      1340        250          0         24        500      16099   stm32f4xx_it.o
       444        100          0         72          0       2567   supervisetask.o
       100         18         24          4          0       1203   system_stm32f4xx.o
      1622        228          0         60        240      13908   tasks.o
      1180         94         20         23        244       7567   test_imu.o
      1036        166          0          0        300       5639   tim.o
         0          0          0          0          0       1472   timers.o
      1568        222          0          0        384       4697   usart.o

    ----------------------------------------------------------------------
     38462       3420        620       1780      25640    1081964   Object Totals
         0          0         32          0          0          0   (incl. Generated)
        42          0          2         10          5          0   (incl. Padding)

    ----------------------------------------------------------------------

      Code (inc. data)   RO Data    RW Data    ZI Data      Debug   Library Member Name

       864         94         80          0          0        280   asin.o
       744        106        152          0          0        352   atan.o
       496         64          0          0          0        192   atan2.o
       104         16          0          0          0        496   dunder.o
        24          0          0          0          0        124   fabs.o
        48          0          0          0          0        124   fpclassify.o
       248          0          0          0          0        152   poly.o
         0          0          8          0          0          0   qnan.o
       232          0          0          0          0        296   sqrt.o
        86          0          0          0          0          0   __dczerorl2.o
         0          0          0          0          0          0   entry.o
         0          0          0          0          0          0   entry10a.o
         0          0          0          0          0          0   entry11a.o
         8          4          0          0          0          0   entry2.o
         4          0          0          0          0          0   entry5.o
         0          0          0          0          0          0   entry7b.o
         0          0          0          0          0          0   entry8b.o
         8          4          0          0          0          0   entry9a.o
        12          6          0          4          0         68   errno.o
        30          0          0          0          0          0   handlers.o
        36          8          0          0          0         68   init.o
         0          0          0          0          0          0   iusefp.o
        30          0          0          0          0         68   llshl.o
        36          0          0          0          0         68   llsshr.o
        32          0          0          0          0         68   llushr.o
        36          0          0          0          0         68   memcpya.o
        56          0          0          0          0         88   d2f.o
       334          0          0          0          0        148   dadd.o
       222          0          0          0          0        100   ddiv.o
       186          0          0          0          0        176   depilogue.o
        34          0          0          0          0         76   dflti.o
       228          0          0          0          0         96   dmul.o
       162          0          0          0          0        100   dsqrt.o
        38          0          0          0          0         68   f2d.o
       110          0          0          0          0        168   fepilogue.o

    ----------------------------------------------------------------------
      4458        302        240          4          0       3444   Library Totals
        10          0          0          0          0          0   (incl. Padding)

    ----------------------------------------------------------------------

      Code (inc. data)   RO Data    RW Data    ZI Data      Debug   Library Name

      2760        280        240          0          0       2016   m_wm.l
       318         22          0          4          0        408   mc_w.l
      1370          0          0          0          0       1020   mf_w.l

    ----------------------------------------------------------------------
      4458        302        240          4          0       3444   Library Totals

    ----------------------------------------------------------------------

==============================================================================


      Code (inc. data)   RO Data    RW Data    ZI Data      Debug   

     42920       3722        860       1784      25640    1055568   Grand Totals
     42920       3722        860        208      25640    1055568   ELF Image Totals (compressed)
     42920       3722        860        208          0          0   ROM Totals

==============================================================================

    Total RO  Size (Code + RO Data)                43780 (  42.75kB)
    Total RW  Size (RW Data + ZI Data)             27424 (  26.78kB)
    Total ROM Size (Code + RO Data + RW Data)      43988 (  42.96kB)

==============================================================================

