Component: ARM Compiler 5.06 update 4 (build 422) Tool: armlink [4d35d2]

==============================================================================

Section Cross References

    main.o(i.main) refers to stm32f4xx_hal.o(i.HAL_Init) for HAL_Init
    main.o(i.main) refers to bsp_init.o(i.SystemClock_Config) for SystemClock_Config
    main.o(i.main) refers to controltask.o(i.ControlLoopTaskInit) for ControlLoopTaskInit
    main.o(i.main) refers to remote.o(i.RemoteTaskInit) for RemoteTaskInit
    main.o(i.main) refers to bsp_init.o(i.BSP_Init) for BSP_Init
    main.o(i.main) refers to test_imu.o(i.MPU6500_Init) for MPU6500_Init
    main.o(i.main) refers to freertos.o(i.MX_FREERTOS_Init) for MX_FREERTOS_Init
    main.o(i.main) refers to controltask.o(i.Control_Task) for Control_Task
    main.o(i.main) refers to driver_protocol.o(i.Protocol) for Protocol
    main.o(i.main) refers to stm32f4xx_it.o(.data) for frame_1000Hz
    main.o(i.main) refers to main.o(.data) for frame_1000count
    stm32f4xx_it.o(i.CAN1_RX0_IRQHandler) refers to stm32f4xx_hal_can.o(i.HAL_CAN_IRQHandler) for HAL_CAN_IRQHandler
    stm32f4xx_it.o(i.CAN1_RX0_IRQHandler) refers to can.o(.bss) for hcan1
    stm32f4xx_it.o(i.CAN1_TX_IRQHandler) refers to stm32f4xx_hal_can.o(i.HAL_CAN_IRQHandler) for HAL_CAN_IRQHandler
    stm32f4xx_it.o(i.CAN1_TX_IRQHandler) refers to can.o(.bss) for hcan1
    stm32f4xx_it.o(i.CAN1_TX_IRQHandler) refers to supervisetask.o(.data) for CAN_Send1_FrameCounter
    stm32f4xx_it.o(i.CAN2_RX0_IRQHandler) refers to stm32f4xx_hal_can.o(i.HAL_CAN_IRQHandler) for HAL_CAN_IRQHandler
    stm32f4xx_it.o(i.CAN2_RX0_IRQHandler) refers to can.o(.bss) for hcan2
    stm32f4xx_it.o(i.CAN2_TX_IRQHandler) refers to stm32f4xx_hal_can.o(i.HAL_CAN_IRQHandler) for HAL_CAN_IRQHandler
    stm32f4xx_it.o(i.CAN2_TX_IRQHandler) refers to supervisetask.o(.data) for CAN_Send2_FrameCounter
    stm32f4xx_it.o(i.CAN2_TX_IRQHandler) refers to can.o(.bss) for hcan2
    stm32f4xx_it.o(i.DMA1_Stream4_IRQHandler) refers to stm32f4xx_hal_dma.o(i.HAL_DMA_IRQHandler) for HAL_DMA_IRQHandler
    stm32f4xx_it.o(i.DMA1_Stream4_IRQHandler) refers to dma.o(.bss) for hdma_usart3_rx
    stm32f4xx_it.o(i.DMA1_Stream5_IRQHandler) refers to stm32f4xx_hal_dma.o(i.HAL_DMA_IRQHandler) for HAL_DMA_IRQHandler
    stm32f4xx_it.o(i.DMA1_Stream5_IRQHandler) refers to dma.o(.bss) for hdma_usart2_rx
    stm32f4xx_it.o(i.DMA1_Stream6_IRQHandler) refers to stm32f4xx_hal_dma.o(i.HAL_DMA_IRQHandler) for HAL_DMA_IRQHandler
    stm32f4xx_it.o(i.DMA1_Stream6_IRQHandler) refers to stm32f4xx_it.o(.data) for U2_tx
    stm32f4xx_it.o(i.DMA1_Stream6_IRQHandler) refers to dma.o(.bss) for hdma_usart2_tx
    stm32f4xx_it.o(i.DMA2_Stream1_IRQHandler) refers to stm32f4xx_hal_dma.o(i.HAL_DMA_IRQHandler) for HAL_DMA_IRQHandler
    stm32f4xx_it.o(i.DMA2_Stream1_IRQHandler) refers to dma.o(.bss) for hdma_usart6_rx
    stm32f4xx_it.o(i.DMA2_Stream2_IRQHandler) refers to stm32f4xx_hal_dma.o(i.HAL_DMA_IRQHandler) for HAL_DMA_IRQHandler
    stm32f4xx_it.o(i.DMA2_Stream2_IRQHandler) refers to dma.o(.bss) for hdma_usart1_rx
    stm32f4xx_it.o(i.HAL_CAN_RxCpltCallback) refers to canbustask.o(i.CanReceiveMsgProcess) for CanReceiveMsgProcess
    stm32f4xx_it.o(i.HAL_CAN_RxCpltCallback) refers to stm32f4xx_hal_can.o(i.HAL_CAN_Receive_IT) for HAL_CAN_Receive_IT
    stm32f4xx_it.o(i.HAL_CAN_RxCpltCallback) refers to canbustask.o(i.CanReceiveMsgProcess_2) for CanReceiveMsgProcess_2
    stm32f4xx_it.o(i.HAL_CAN_RxCpltCallback) refers to can.o(.bss) for hcan1
    stm32f4xx_it.o(i.HAL_CAN_RxCpltCallback) refers to supervisetask.o(.data) for can1_res
    stm32f4xx_it.o(i.HAL_TIM_PeriodElapsedCallback) refers to tim.o(.bss) for htim6
    stm32f4xx_it.o(i.HAL_TIM_PeriodElapsedCallback) refers to stm32f4xx_it.o(.data) for FrameCounter
    stm32f4xx_it.o(i.HAL_UART_TxCpltCallback) refers to stm32f4xx_hal_uart.o(i.HAL_UART_AbortTransmit) for HAL_UART_AbortTransmit
    stm32f4xx_it.o(i.HAL_UART_TxCpltCallback) refers to usart.o(.bss) for huart2
    stm32f4xx_it.o(i.SysTick_Handler) refers to stm32f4xx_hal.o(i.HAL_IncTick) for HAL_IncTick
    stm32f4xx_it.o(i.SysTick_Handler) refers to cmsis_os.o(i.osSystickHandler) for osSystickHandler
    stm32f4xx_it.o(i.TIM6_DAC_IRQHandler) refers to stm32f4xx_hal_tim.o(i.HAL_TIM_IRQHandler) for HAL_TIM_IRQHandler
    stm32f4xx_it.o(i.TIM6_DAC_IRQHandler) refers to tim.o(.bss) for htim6
    stm32f4xx_it.o(i.UART7_IRQHandler) refers to stm32f4xx_hal_uart.o(i.HAL_UART_AbortReceive) for HAL_UART_AbortReceive
    stm32f4xx_it.o(i.UART7_IRQHandler) refers to data.o(i.bufferPush) for bufferPush
    stm32f4xx_it.o(i.UART7_IRQHandler) refers to stm32f4xx_hal_uart.o(i.HAL_UART_Receive_DMA) for HAL_UART_Receive_DMA
    stm32f4xx_it.o(i.UART7_IRQHandler) refers to usart.o(.bss) for huart7
    stm32f4xx_it.o(i.UART7_IRQHandler) refers to dma.o(.bss) for hdma_uart7_rx
    stm32f4xx_it.o(i.UART7_IRQHandler) refers to stm32f4xx_it.o(.bss) for UART7_RXBUFF
[...]
    CaliLoop                                 0x08000f95   Thumb Code   200  iotask.o(i.CaliLoop)
    CanReceiveMsgProcess                     0x08001079   Thumb Code   118  canbustask.o(i.CanReceiveMsgProcess)
    CanReceiveMsgProcess_2                   0x08001111   Thumb Code    26  canbustask.o(i.CanReceiveMsgProcess_2)
    ChassisModeSelect                        0x08001131   Thumb Code    80  statusmachine.o(i.ChassisModeSelect)
    ControlLoopTaskInit                      0x08001189   Thumb Code   122  controltask.o(i.ControlLoopTaskInit)
    Control_Task                             0x08001229   Thumb Code    54  controltask.o(i.Control_Task)
    DMA1_Stream4_IRQHandler                  0x08001265   Thumb Code    10  stm32f4xx_it.o(i.DMA1_Stream4_IRQHandler)
    DMA1_Stream5_IRQHandler                  0x08001275   Thumb Code    10  stm32f4xx_it.o(i.DMA1_Stream5_IRQHandler)
    DMA1_Stream6_IRQHandler                  0x08001285   Thumb Code    20  stm32f4xx_it.o(i.DMA1_Stream6_IRQHandler)
    DMA2_Stream1_IRQHandler                  0x080012a1   Thumb Code    10  stm32f4xx_it.o(i.DMA2_Stream1_IRQHandler)
    DMA2_Stream2_IRQHandler                  0x080012b1   Thumb Code    10  stm32f4xx_it.o(i.DMA2_Stream2_IRQHandler)
    DM_EncoderProcess                        0x080013cd   Thumb Code   202  dm9015.o(i.DM_EncoderProcess)
    DM_SendPower                             0x080014a1   Thumb Code   140  dm9015.o(i.DM_SendPower)
    DMfold_Res_Task                          0x0800153d   Thumb Code   122  dm9015.o(i.DMfold_Res_Task)
    Data_Event                               0x080015c5   Thumb Code    62  driver_protocol.o(i.Data_Event)
    Data_Receive_Anl                         0x08001609   Thumb Code   680  driver_protocol.o(i.Data_Receive_Anl)
    Dataframe_Process                        0x080018bd   Thumb Code   102  driver_protocol.o(i.Dataframe_Process)
    DebugMon_Handler                         0x08001935   Thumb Code     2  stm32f4xx_it.o(i.DebugMon_Handler)
    EncoderProcess                           0x08001939   Thumb Code   200  canbustask.o(i.EncoderProcess)
    FLASH_Erase_Sector                       0x08001a09   Thumb Code   104  stm32f4xx_hal_flash_ex.o(i.FLASH_Erase_Sector)
    FLASH_WaitForLastOperation               0x08001bc9   Thumb Code    90  stm32f4xx_hal_flash.o(i.FLASH_WaitForLastOperation)
    FriMotor_Control                         0x08001c2d   Thumb Code    96  driver_frimotor.o(i.FriMotor_Control)
    FriMotor_Select                          0x08001c9d   Thumb Code   168  statusmachine.o(i.FriMotor_Select)
    GMCalLoop                                0x08001d59   Thumb Code   142  driver_gimbal.o(i.GMCalLoop)
    GMControlLoop                            0x08001e11   Thumb Code    20  driver_gimbal.o(i.GMControlLoop)
    GetChassis_MoveMode                      0x08001e25   Thumb Code     6  statusmachine.o(i.GetChassis_MoveMode)
    GetFrictionState                         0x08001e31   Thumb Code     6  statusmachine.o(i.GetFrictionState)
    GetGM_CM_Mode                            0x08001e3d   Thumb Code     6  statusmachine.o(i.GetGM_CM_Mode)
    GetGimbal_MoveMode                       0x08001e49   Thumb Code     6  statusmachine.o(i.GetGimbal_MoveMode)
    GetInputMode                             0x08001e55   Thumb Code     6  statusmachine.o(i.GetInputMode)
    GetPitchYawGxGyGz                        0x08001e61   Thumb Code   260  imu.o(i.GetPitchYawGxGyGz)
    GetRemoteSwitchAction                    0x08001f9d   Thumb Code   120  remote.o(i.GetRemoteSwitchAction)
    GetShootState                            0x08002019   Thumb Code     6  statusmachine.o(i.GetShootState)
    GetWorkState                             0x08002025   Thumb Code     6  statusmachine.o(i.GetWorkState)
    Get_AttackMode                           0x08002031   Thumb Code     6  statusmachine.o(i.Get_AttackMode)
    Get_Time_Micros                          0x0800203d   Thumb Code     8  tim.o(i.Get_Time_Micros)
    GimbalCaliProcess                        0x08002045   Thumb Code   110  iotask.o(i.GimbalCaliProcess)
    GimbalGetRef                             0x080020d1   Thumb Code   320  driver_gimbal.o(i.GimbalGetRef)
    GimbalModeSelect                         0x08002229   Thumb Code    90  statusmachine.o(i.GimbalModeSelect)
    Gimbal_PitchAngleSet                     0x08002291   Thumb Code    28  driver_gimbal.o(i.Gimbal_PitchAngleSet)
    Gimbal_YawAngleSet                       0x080022b5   Thumb Code    56  driver_gimbal.o(i.Gimbal_YawAngleSet)
    GyroCaliProcess                          0x080022f9   Thumb Code   234  iotask.o(i.GyroCaliProcess)
    HAL_CAN_ErrorCallback                    0x08002409   Thumb Code     2  stm32f4xx_hal_can.o(i.HAL_CAN_ErrorCallback)
    HAL_CAN_IRQHandler                       0x0800240d   Thumb Code   594  stm32f4xx_hal_can.o(i.HAL_CAN_IRQHandler)
    HAL_CAN_Receive_IT                       0x08002671   Thumb Code   252  stm32f4xx_hal_can.o(i.HAL_CAN_Receive_IT)
    HAL_CAN_RxCpltCallback                   0x0800276d   Thumb Code    72  stm32f4xx_it.o(i.HAL_CAN_RxCpltCallback)
    HAL_CAN_Transmit_IT                      0x080027c5   Thumb Code   502  stm32f4xx_hal_can.o(i.HAL_CAN_Transmit_IT)
    HAL_CAN_TxCpltCallback                   0x080029bb   Thumb Code     2  stm32f4xx_hal_can.o(i.HAL_CAN_TxCpltCallback)
    HAL_DMA_Abort                            0x080029bd   Thumb Code   170  stm32f4xx_hal_dma.o(i.HAL_DMA_Abort)
    HAL_DMA_IRQHandler                       0x08002a69   Thumb Code   574  stm32f4xx_hal_dma.o(i.HAL_DMA_IRQHandler)
    HAL_DMA_Init                             0x08002cb1   Thumb Code   232  stm32f4xx_hal_dma.o(i.HAL_DMA_Init)
    HAL_DMA_Start_IT                         0x08002d9d   Thumb Code   158  stm32f4xx_hal_dma.o(i.HAL_DMA_Start_IT)
    HAL_Delay                                0x08002e3b   Thumb Code    30  stm32f4xx_hal.o(i.HAL_Delay)
    HAL_FLASH_Lock                           0x08002e59   Thumb Code    16  stm32f4xx_hal_flash.o(i.HAL_FLASH_Lock)
    HAL_FLASH_Program                        0x08002e6d   Thumb Code   142  stm32f4xx_hal_flash.o(i.HAL_FLASH_Program)
    HAL_FLASH_Unlock                         0x08002f05   Thumb Code    32  stm32f4xx_hal_flash.o(i.HAL_FLASH_Unlock)
    HAL_GPIO_Init                            0x08002f31   Thumb Code   486  stm32f4xx_hal_gpio.o(i.HAL_GPIO_Init)
    HAL_GPIO_ReadPin                         0x0800314d   Thumb Code    16  stm32f4xx_hal_gpio.o(i.HAL_GPIO_ReadPin)
    HAL_GPIO_TogglePin                       0x0800315d   Thumb Code     8  stm32f4xx_hal_gpio.o(i.HAL_GPIO_TogglePin)
    HAL_GPIO_WritePin                        0x08003165   Thumb Code    12  stm32f4xx_hal_gpio.o(i.HAL_GPIO_WritePin)
    HAL_GetTick                              0x08003171   Thumb Code     6  stm32f4xx_hal.o(i.HAL_GetTick)
    HAL_IncTick                              0x0800317d   Thumb Code    12  stm32f4xx_hal.o(i.HAL_IncTick)
    HAL_Init                                 0x0800318d   Thumb Code    54  stm32f4xx_hal.o(i.HAL_Init)
    HAL_InitTick                             0x080031c9   Thumb Code    36  stm32f4xx_hal.o(i.HAL_InitTick)
    HAL_MspInit                              0x080031f1   Thumb Code    86  stm32f4xx_hal_msp.o(i.HAL_MspInit)
    HAL_NVIC_EnableIRQ                       0x08003247   Thumb Code    26  stm32f4xx_hal_cortex.o(i.HAL_NVIC_EnableIRQ)
    HAL_NVIC_SetPriority                     0x08003261   Thumb Code   124  stm32f4xx_hal_cortex.o(i.HAL_NVIC_SetPriority)
    HAL_NVIC_SetPriorityGrouping             0x080032dd   Thumb Code    32  stm32f4xx_hal_cortex.o(i.HAL_NVIC_SetPriorityGrouping)
    HAL_RCC_ClockConfig                      0x08003305   Thumb Code   446  stm32f4xx_hal_rcc.o(i.HAL_RCC_ClockConfig)
    HAL_RCC_GetHCLKFreq                      0x080034d5   Thumb Code     6  stm32f4xx_hal_rcc.o(i.HAL_RCC_GetHCLKFreq)
    HAL_RCC_GetPCLK1Freq                     0x080034e1   Thumb Code    36  stm32f4xx_hal_rcc.o(i.HAL_RCC_GetPCLK1Freq)
    HAL_RCC_GetPCLK2Freq                     0x0800350d   Thumb Code    36  stm32f4xx_hal_rcc.o(i.HAL_RCC_GetPCLK2Freq)
    HAL_RCC_GetSysClockFreq                  0x08003539   Thumb Code   168  stm32f4xx_hal_rcc.o(i.HAL_RCC_GetSysClockFreq)
    HAL_RCC_OscConfig                        0x080035ed   Thumb Code  1090  stm32f4xx_hal_rcc.o(i.HAL_RCC_OscConfig)
    HAL_SPI_Init                             0x08003a39   Thumb Code   160  stm32f4xx_hal_spi.o(i.HAL_SPI_Init)
    HAL_SPI_MspInit                          0x08003ad9   Thumb Code    80  spi.o(i.HAL_SPI_MspInit)
    HAL_SPI_TransmitReceive                  0x08003b35   Thumb Code   716  stm32f4xx_hal_spi.o(i.HAL_SPI_TransmitReceive)
    HAL_SYSTICK_CLKSourceConfig              0x08003e01   Thumb Code    40  stm32f4xx_hal_cortex.o(i.HAL_SYSTICK_CLKSourceConfig)
    HAL_SYSTICK_Config                       0x08003e29   Thumb Code    52  stm32f4xx_hal_cortex.o(i.HAL_SYSTICK_Config)
    HAL_TIMEx_BreakCallback                  0x08003e5d   Thumb Code     2  stm32f4xx_hal_tim_ex.o(i.HAL_TIMEx_BreakCallback)
    HAL_TIMEx_CommutationCallback            0x08003e5f   Thumb Code     2  stm32f4xx_hal_tim_ex.o(i.HAL_TIMEx_CommutationCallback)
    HAL_TIMEx_MasterConfigSynchronization    0x08003e61   Thumb Code    98  stm32f4xx_hal_tim_ex.o(i.HAL_TIMEx_MasterConfigSynchronization)
    HAL_TIM_Base_Init                        0x08003ec3   Thumb Code    52  stm32f4xx_hal_tim.o(i.HAL_TIM_Base_Init)
    HAL_TIM_Base_MspInit                     0x08003ef9   Thumb Code   118  tim.o(i.HAL_TIM_Base_MspInit)
    HAL_TIM_Base_Start                       0x08003f7d   Thumb Code    30  stm32f4xx_hal_tim.o(i.HAL_TIM_Base_Start)
    HAL_TIM_Base_Start_IT                    0x08003f9b   Thumb Code    30  stm32f4xx_hal_tim.o(i.HAL_TIM_Base_Start_IT)
    HAL_TIM_IC_CaptureCallback               0x08003fb9   Thumb Code     2  stm32f4xx_hal_tim.o(i.HAL_TIM_IC_CaptureCallback)
    HAL_TIM_IRQHandler                       0x08003fbb   Thumb Code   406  stm32f4xx_hal_tim.o(i.HAL_TIM_IRQHandler)
    HAL_TIM_MspPostInit                      0x08004151   Thumb Code   184  tim.o(i.HAL_TIM_MspPostInit)
    HAL_TIM_OC_DelayElapsedCallback          0x08004229   Thumb Code     2  stm32f4xx_hal_tim.o(i.HAL_TIM_OC_DelayElapsedCallback)
    HAL_TIM_PWM_ConfigChannel                0x0800422b   Thumb Code   264  stm32f4xx_hal_tim.o(i.HAL_TIM_PWM_ConfigChannel)
    HAL_TIM_PWM_Init                         0x08004333   Thumb Code    52  stm32f4xx_hal_tim.o(i.HAL_TIM_PWM_Init)
    HAL_TIM_PWM_MspInit                      0x08004369   Thumb Code   176  tim.o(i.HAL_TIM_PWM_MspInit)
    HAL_TIM_PWM_PulseFinishedCallback        0x0800442d   Thumb Code     2  stm32f4xx_hal_tim.o(i.HAL_TIM_PWM_PulseFinishedCallback)
    HAL_TIM_PWM_Start                        0x08004431   Thumb Code    68  stm32f4xx_hal_tim.o(i.HAL_TIM_PWM_Start)
    HAL_TIM_PeriodElapsedCallback            0x0800447d   Thumb Code   100  stm32f4xx_it.o(i.HAL_TIM_PeriodElapsedCallback)
    HAL_TIM_TriggerCallback                  0x080044f9   Thumb Code     2  stm32f4xx_hal_tim.o(i.HAL_TIM_TriggerCallback)
    HAL_UART_AbortReceive                    0x080044fb   Thumb Code    80  stm32f4xx_hal_uart.o(i.HAL_UART_AbortReceive)
    HAL_UART_AbortTransmit                   0x0800454b   Thumb Code    68  stm32f4xx_hal_uart.o(i.HAL_UART_AbortTransmit)
    HAL_UART_ErrorCallback                   0x0800458f   Thumb Code     2  stm32f4xx_hal_uart.o(i.HAL_UART_ErrorCallback)
    HAL_UART_Init                            0x08004591   Thumb Code   114  stm32f4xx_hal_uart.o(i.HAL_UART_Init)
    HAL_UART_MspInit                         0x08004605   Thumb Code  1140  usart.o(i.HAL_UART_MspInit)
    HAL_UART_Receive_DMA                     0x08004a7d   Thumb Code   158  stm32f4xx_hal_uart.o(i.HAL_UART_Receive_DMA)
    HAL_UART_RxCpltCallback                  0x08004b29   Thumb Code     2  stm32f4xx_hal_uart.o(i.HAL_UART_RxCpltCallback)
    HAL_UART_RxHalfCpltCallback              0x08004b2b   Thumb Code     2  stm32f4xx_hal_uart.o(i.HAL_UART_RxHalfCpltCallback)
    HAL_UART_Transmit                        0x08004b2d   Thumb Code   214  stm32f4xx_hal_uart.o(i.HAL_UART_Transmit)
    HAL_UART_Transmit_DMA                    0x08004c05   Thumb Code   142  stm32f4xx_hal_uart.o(i.HAL_UART_Transmit_DMA)
    HAL_UART_TxCpltCallback                  0x08004ca1   Thumb Code    76  stm32f4xx_it.o(i.HAL_UART_TxCpltCallback)
    HAL_UART_TxHalfCpltCallback              0x08004d15   Thumb Code     2  stm32f4xx_hal_uart.o(i.HAL_UART_TxHalfCpltCallback)
    HardFault_Handler                        0x08004d17   Thumb Code     4  stm32f4xx_it.o(i.HardFault_Handler)
    IMU_AHRSupdate                           0x08004d1d   Thumb Code  1928  imu.o(i.IMU_AHRSupdate)
    IMU_Get_Data                             0x080054e9   Thumb Code   252  test_imu.o(i.IMU_Get_Data)
    IMU_PIDTask                              0x080055f9   Thumb Code   130  imu.o(i.IMU_PIDTask)
    IMU_Task                                 0x08005699   Thumb Code    18  imu.o(i.IMU_Task)
    IMU_getQ                                 0x080056b1   Thumb Code    56  imu.o(i.IMU_getQ)
    IMU_getValues                            0x080056fd   Thumb Code   138  imu.o(i.IMU_getValues)
    IMU_getYawPitchRoll                      0x08005791   Thumb Code   552  imu.o(i.IMU_getYawPitchRoll)
    InputMode_Select                         0x080059cd   Thumb Code    64  statusmachine.o(i.InputMode_Select)
    IsCaliCmdFlagSet                         0x08005a19   Thumb Code    18  iotask.o(i.IsCaliCmdFlagSet)
    LASER_Task                               0x08005a31   Thumb Code   104  driver_frimotor.o(i.LASER_Task)
    MPU6050_AverageFilter                    0x08005aa5   Thumb Code   494  test_imu.o(i.MPU6050_AverageFilter)
    MPU6050_getMotion6                       0x08005c99   Thumb Code   112  test_imu.o(i.MPU6050_getMotion6)
    MPU6500_Init                             0x08005d11   Thumb Code    96  test_imu.o(i.MPU6500_Init)
    MPU6500_Read_Reg                         0x08005d7d   Thumb Code    68  test_imu.o(i.MPU6500_Read_Reg)
    MPU6500_Read_Regs                        0x08005dd1   Thumb Code    80  test_imu.o(i.MPU6500_Read_Regs)
    MPU6500_Write_Reg                        0x08005e35   Thumb Code    72  test_imu.o(i.MPU6500_Write_Reg)
    MX_DMA_Init                              0x08005e8d   Thumb Code    66  dma.o(i.MX_DMA_Init)
    MX_FREERTOS_Init                         0x08005ed5   Thumb Code    30  freertos.o(i.MX_FREERTOS_Init)
    MX_GPIO_Init                             0x08005efd   Thumb Code   506  gpio.o(i.MX_GPIO_Init)
    MX_SPI5_Init                             0x08006111   Thumb Code    66  spi.o(i.MX_SPI5_Init)
    MX_TIM12_Init                            0x0800616d   Thumb Code   118  tim.o(i.MX_TIM12_Init)
    MX_TIM2_Init                             0x080061fd   Thumb Code    50  tim.o(i.MX_TIM2_Init)
    MX_TIM5_Init                             0x08006245   Thumb Code   146  tim.o(i.MX_TIM5_Init)
    MX_TIM6_Init                             0x080062f1   Thumb Code    70  tim.o(i.MX_TIM6_Init)
    MX_USART1_UART_Init                      0x08006351   Thumb Code    78  usart.o(i.MX_USART1_UART_Init)
    MX_USART2_UART_Init                      0x080063c1   Thumb Code    76  usart.o(i.MX_USART2_UART_Init)
    MX_USART3_UART_Init                      0x08006429   Thumb Code    76  usart.o(i.MX_USART3_UART_Init)
    MX_USART6_UART_Init                      0x08006491   Thumb Code    76  usart.o(i.MX_USART6_UART_Init)
    MemManage_Handler                        0x080064f9   Thumb Code     4  stm32f4xx_it.o(i.MemManage_Handler)
    NMI_Handler                              0x080064fd   Thumb Code     2  stm32f4xx_it.o(i.NMI_Handler)
    PIDCaliProcess                           0x08006539   Thumb Code    24  iotask.o(i.PIDCaliProcess)
    PID_Calc                                 0x08006555   Thumb Code   246  pid.o(i.PID_Calc)
    PID_Reset                                0x080067ad   Thumb Code    34  pid.o(i.PID_Reset)
    PID_Task                                 0x080067d5   Thumb Code    40  pid.o(i.PID_Task)
    Pass_Check                               0x080067fd   Thumb Code    58  driver_frimotor.o(i.Pass_Check)
    Protocol                                 0x08006845   Thumb Code   132  driver_protocol.o(i.Protocol)
    Protocol_SendFrame                       0x080068e1   Thumb Code    94  driver_protocol.o(i.Protocol_SendFrame)
    RampCalc                                 0x08006945   Thumb Code    42  ramp.o(i.RampCalc)
    RampInit                                 0x0800696f   Thumb Code     2  ramp.o(i.RampInit)
    RampIsOverflow                           0x08006971   Thumb Code    18  ramp.o(i.RampIsOverflow)
    RampResetCounter                         0x08006983   Thumb Code     6  ramp.o(i.RampResetCounter)
    RampSetCounter                           0x08006989   Thumb Code     4  ramp.o(i.RampSetCounter)
    RampSetScale                             0x0800698d   Thumb Code     4  ramp.o(i.RampSetScale)
    RemoteDataPrcess                         0x08006b11   Thumb Code   216  remote.o(i.RemoteDataPrcess)
    RemoteTaskInit                           0x08006bf1   Thumb Code    66  remote.o(i.RemoteTaskInit)
    Remote_CheckJumpKey                      0x08006c49   Thumb Code    18  remote.o(i.Remote_CheckJumpKey)
    ResetCaliCmdFlag                         0x08006c61   Thumb Code    12  iotask.o(i.ResetCaliCmdFlag)
    Send_CM_PID                              0x08006d45   Thumb Code   198  driver_protocol.o(i.Send_CM_PID)
    Send_Check                               0x08006e19   Thumb Code    66  driver_protocol.o(i.Send_Check)
    Send_FrameRate                           0x08006e61   Thumb Code   186  driver_protocol.o(i.Send_FrameRate)
    Send_GMP_PID                             0x08006f39   Thumb Code   198  driver_protocol.o(i.Send_GMP_PID)
    Send_GMY_PID                             0x0800700d   Thumb Code   198  driver_protocol.o(i.Send_GMY_PID)
    Send_Judge                               0x080070e1   Thumb Code     2  driver_protocol.o(i.Send_Judge)
    Send_Moto_Rmp                            0x080070e5   Thumb Code   184  driver_protocol.o(i.Send_Moto_Rmp)
    Send_RC_Data                             0x080071c1   Thumb Code   146  driver_protocol.o(i.Send_RC_Data)
    Send_R_F_PID                             0x08007259   Thumb Code   214  driver_protocol.o(i.Send_R_F_PID)
    Send_Ref_Fdb                             0x08007341   Thumb Code   568  driver_protocol.o(i.Send_Ref_Fdb)
    Send_Sensor                              0x080075b5   Thumb Code   190  driver_protocol.o(i.Send_Sensor)
    Send_Shoot_PID                           0x0800767d   Thumb Code   170  driver_protocol.o(i.Send_Shoot_PID)
    Send_Status                              0x0800772d   Thumb Code   186  driver_protocol.o(i.Send_Status)
    Send_StatusMachine                       0x08007801   Thumb Code   122  driver_protocol.o(i.Send_StatusMachine)
    Sensor_Offset_Param_Init                 0x0800787d   Thumb Code    36  iotask.o(i.Sensor_Offset_Param_Init)
    SetCaliCmdFlag                           0x080078ad   Thumb Code    12  iotask.o(i.SetCaliCmdFlag)
    SetFrictionState                         0x080078bd   Thumb Code    32  statusmachine.o(i.SetFrictionState)
    SetGimbalCaliData                        0x080078e1   Thumb Code    24  iotask.o(i.SetGimbalCaliData)
    SetGimbalMotorOutput                     0x080078fd   Thumb Code   148  driver_gimbal.o(i.SetGimbalMotorOutput)
    SetGyroCaliData                          0x080079a1   Thumb Code    22  iotask.o(i.SetGyroCaliData)
    SetPIDCaliData                           0x080079bd   Thumb Code   116  iotask.o(i.SetPIDCaliData)
    SetShootState                            0x08007a35   Thumb Code     6  statusmachine.o(i.SetShootState)
    SetWorkState                             0x08007a41   Thumb Code     6  statusmachine.o(i.SetWorkState)
    Set_Gimbal_Current                       0x08007a4d   Thumb Code   144  canbustask.o(i.Set_Gimbal_Current)
    ShootCounter                             0x08007ae9   Thumb Code    32  driver_frimotor.o(i.ShootCounter)
    Shoot_Single                             0x08007b11   Thumb Code    70  driver_frimotor.o(i.Shoot_Single)
    Sing                                     0x08007b75   Thumb Code    42  driver_beep.o(i.Sing)
    Sing_Music                               0x08007ba9   Thumb Code    42  driver_beep.o(i.Sing_Music)
    StartDefaultTask                         0x08007bd9   Thumb Code    10  freertos.o(i.StartDefaultTask)
    StatusMachine_Init                       0x08007be5   Thumb Code    36  statusmachine.o(i.StatusMachine_Init)
    StatusMachine_Update                     0x08007c25   Thumb Code    42  statusmachine.o(i.StatusMachine_Update)
    SysTick_Handler                          0x08007c59   Thumb Code    12  stm32f4xx_it.o(i.SysTick_Handler)
    SystemClock_Config                       0x08007c65   Thumb Code   198  bsp_init.o(i.SystemClock_Config)
    SystemInit                               0x08007d49   Thumb Code    82  system_stm32f4xx.o(i.SystemInit)
    TIM6_DAC_IRQHandler                      0x08007dad   Thumb Code    10  stm32f4xx_it.o(i.TIM6_DAC_IRQHandler)
    TIM_Base_SetConfig                       0x08007dbd   Thumb Code   184  stm32f4xx_hal_tim.o(i.TIM_Base_SetConfig)
    TIM_CCxChannelCmd                        0x08007ea1   Thumb Code    28  stm32f4xx_hal_tim.o(i.TIM_CCxChannelCmd)
    TIM_OC2_SetConfig                        0x08007f2d   Thumb Code   112  stm32f4xx_hal_tim.o(i.TIM_OC2_SetConfig)
    Task_Monitor                             0x0800807d   Thumb Code   344  supervisetask.o(i.Task_Monitor)
    Turntable_Control                        0x08008239   Thumb Code   510  driver_frimotor.o(i.Turntable_Control)
    Turntable_Select                         0x08008479   Thumb Code   272  statusmachine.o(i.Turntable_Select)
    UART7_IRQHandler                         0x080085b1   Thumb Code    96  stm32f4xx_it.o(i.UART7_IRQHandler)
    USART1_IRQHandler                        0x08008b11   Thumb Code   134  stm32f4xx_it.o(i.USART1_IRQHandler)
    USART2_IRQHandler                        0x08008bad   Thumb Code   138  stm32f4xx_it.o(i.USART2_IRQHandler)
    USART3_IRQHandler                        0x08008c51   Thumb Code   138  stm32f4xx_it.o(i.USART3_IRQHandler)
    USART6_IRQHandler                        0x08008cf1   Thumb Code   138  stm32f4xx_it.o(i.USART6_IRQHandler)
    UsageFault_Handler                       0x08008d91   Thumb Code     4  stm32f4xx_it.o(i.UsageFault_Handler)
    WorkstateFSM                             0x08008dbd   Thumb Code   112  statusmachine.o(i.WorkstateFSM)
    _Error_Handler                           0x08008e3d   Thumb Code     4  bsp_init.o(i._Error_Handler)
    __ARM_fpclassify                         0x08008e41   Thumb Code    48  fpclassify.o(i.__ARM_fpclassify)
    __hardfp_asin                            0x08008e71   Thumb Code   770  asin.o(i.__hardfp_asin)
    __hardfp_atan                            0x080091d1   Thumb Code   622  atan.o(i.__hardfp_atan)
    __hardfp_atan2                           0x080094a9   Thumb Code   432  atan2.o(i.__hardfp_atan2)
    __hardfp_sqrt                            0x08009699   Thumb Code   122  sqrt.o(i.__hardfp_sqrt)
    __kernel_poly                            0x08009713   Thumb Code   248  poly.o(i.__kernel_poly)
    __mathlib_dbl_infnan                     0x0800980b   Thumb Code    20  dunder.o(i.__mathlib_dbl_infnan)
    __mathlib_dbl_infnan2                    0x0800981f   Thumb Code    20  dunder.o(i.__mathlib_dbl_infnan2)
    __mathlib_dbl_invalid                    0x08009839   Thumb Code    24  dunder.o(i.__mathlib_dbl_invalid)
    __mathlib_dbl_underflow                  0x08009859   Thumb Code    24  dunder.o(i.__mathlib_dbl_underflow)
    __scatterload_copy                       0x08009879   Thumb Code    14  handlers.o(i.__scatterload_copy)
    __scatterload_null                       0x08009887   Thumb Code     2  handlers.o(i.__scatterload_null)
    __scatterload_zeroinit                   0x08009889   Thumb Code    14  handlers.o(i.__scatterload_zeroinit)
    __set_errno                              0x08009899   Thumb Code     6  errno.o(i.__set_errno)
    atan                                     0x080098a5   Thumb Code    16  atan.o(i.atan)
    bufferPop                                0x080098b5   Thumb Code    50  data.o(i.bufferPop)
    bufferPush                               0x080098e7   Thumb Code    52  data.o(i.bufferPush)
    buffer_multiPop                          0x0800991b   Thumb Code    40  data.o(i.buffer_multiPop)
    bufferlen                                0x08009943   Thumb Code    24  data.o(i.bufferlen)
    fabs                                     0x0800995b   Thumb Code    24  fabs.o(i.fabs)
    get_measure                              0x08009973   Thumb Code    42  canbustask.o(i.get_measure)
    invSqrt                                  0x0800999d   Thumb Code    56  imu.o(i.invSqrt)
    main                                     0x080099d9   Thumb Code   106  main.o(i.main)
    osDelay                                  0x08009a6b   Thumb Code    24  cmsis_os.o(i.osDelay)
    osSystickHandler                         0x08009a83   Thumb Code    16  cmsis_os.o(i.osSystickHandler)
    osThreadCreate                           0x08009a93   Thumb Code    48  cmsis_os.o(i.osThreadCreate)
    pvPortMalloc                             0x08009e7d   Thumb Code   296  heap_4.o(i.pvPortMalloc)
    pxPortInitialiseStack                    0x08009fb9   Thumb Code    38  port.o(i.pxPortInitialiseStack)
    sqrt                                     0x08009fe5   Thumb Code   110  sqrt.o(i.sqrt)
    uxListRemove                             0x0800a053   Thumb Code    40  list.o(i.uxListRemove)
    vListInitialise                          0x0800a07b   Thumb Code    26  list.o(i.vListInitialise)
    vListInitialiseItem                      0x0800a095   Thumb Code     6  list.o(i.vListInitialiseItem)
    vListInsert                              0x0800a09b   Thumb Code    52  list.o(i.vListInsert)
    vListInsertEnd                           0x0800a0cf   Thumb Code    24  list.o(i.vListInsertEnd)
    vPortEnterCritical                       0x0800a0e9   Thumb Code    76  port.o(i.vPortEnterCritical)
    vPortExitCritical                        0x0800a13d   Thumb Code    56  port.o(i.vPortExitCritical)
    vPortFree                                0x0800a179   Thumb Code   140  heap_4.o(i.vPortFree)
    vTaskDelay                               0x0800a20d   Thumb Code    82  tasks.o(i.vTaskDelay)
    vTaskSuspendAll                          0x0800a269   Thumb Code    12  tasks.o(i.vTaskSuspendAll)
    vTaskSwitchContext                       0x0800a279   Thumb Code   118  tasks.o(i.vTaskSwitchContext)
    xPortSysTickHandler                      0x0800a305   Thumb Code    46  port.o(i.xPortSysTickHandler)
    xTaskCreate                              0x0800a339   Thumb Code    96  tasks.o(i.xTaskCreate)
    xTaskGetSchedulerState                   0x0800a399   Thumb Code    24  tasks.o(i.xTaskGetSchedulerState)
    xTaskIncrementTick                       0x0800a3b9   Thumb Code   282  tasks.o(i.xTaskIncrementTick)
    xTaskResumeAll                           0x0800a501   Thumb Code   224  tasks.o(i.xTaskResumeAll)
    tone_tab                                 0x0800a618   Data          42  driver_beep.o(.constdata)
    No_music                                 0x0800a642   Data           8  driver_beep.o(.constdata)
    Startup_music                            0x0800a64a   Data          10  driver_beep.o(.constdata)
    Cali_Mode_music                          0x0800a654   Data           9  driver_beep.o(.constdata)
    Bullet_Block_music                       0x0800a65d   Data           5  driver_beep.o(.constdata)
    AHBPrescTable                            0x0800a678   Data          16  system_stm32f4xx.o(.constdata)
    APBPrescTable                            0x0800a688   Data           8  system_stm32f4xx.o(.constdata)
    __mathlib_zero                           0x0800a780   Data           8  qnan.o(.constdata)
    Region$$Table$$Base                      0x0800a794   Number         0  anon$$obj.o(Region$$Table)
    Region$$Table$$Limit                     0x0800a7b4   Number         0  anon$$obj.o(Region$$Table)
    frame_1000count                          0x20000000   Data           2  main.o(.data)
    frame_500count                           0x20000002   Data           2  main.o(.data)
    frame_100count                           0x20000004   Data           2  main.o(.data)
    speed                                    0x20000006   Data           2  main.o(.data)
    send_usart                               0x20000008   Data           2  main.o(.data)
    y_angle                                  0x2000000c   Data           4  main.o(.data)
    y_speed                                  0x20000010   Data           4  main.o(.data)
    frame_1000Hz                             0x20000014   Data           1  stm32f4xx_it.o(.data)
    frame_500Hz                              0x20000015   Data           1  stm32f4xx_it.o(.data)
    frame_100Hz                              0x20000016   Data           1  stm32f4xx_it.o(.data)
    frame_50Hz                               0x20000017   Data           1  stm32f4xx_it.o(.data)
    frame_10Hz                               0x20000018   Data           1  stm32f4xx_it.o(.data)
    FrameCounter                             0x2000001c   Data           4  stm32f4xx_it.o(.data)
    U2_tx                                    0x20000020   Data           2  stm32f4xx_it.o(.data)
    IT_Uart1                                 0x20000022   Data           2  stm32f4xx_it.o(.data)
    IT_Uart2                                 0x20000024   Data           2  stm32f4xx_it.o(.data)
    IT_Uart3                                 0x20000026   Data           2  stm32f4xx_it.o(.data)
    IT_Uart6                                 0x20000028   Data           2  stm32f4xx_it.o(.data)
    IT_Uart7                                 0x2000002a   Data           2  stm32f4xx_it.o(.data)
    defaultTaskHandle                        0x2000002c   Data           4  freertos.o(.data)
    CM1_Measure                              0x20000030   Data           8  canbustask.o(.data)
    CM2_Measure                              0x20000038   Data           8  canbustask.o(.data)
    CM3_Measure                              0x20000040   Data           8  canbustask.o(.data)
    CM4_Measure                              0x20000048   Data           8  canbustask.o(.data)
    Turntable_Measure                        0x20000050   Data           8  canbustask.o(.data)
    Set_Gimbal_Count                         0x20000058   Data           2  canbustask.o(.data)
    DBUSFrameRate                            0x2000005c   Data           2  supervisetask.o(.data)
    DBUSFrameCounter                         0x2000005e   Data           2  supervisetask.o(.data)
    ChassisFrameRate                         0x20000060   Data           8  supervisetask.o(.data)
    ChassisFrameCounter                      0x20000068   Data           8  supervisetask.o(.data)
    PitchFrameRate                           0x20000070   Data           2  supervisetask.o(.data)
    PitchFrameCounter                        0x20000072   Data           2  supervisetask.o(.data)
    YawFrameRate                             0x20000074   Data           2  supervisetask.o(.data)
    YawFrameCounter                          0x20000076   Data           2  supervisetask.o(.data)
    TurntableFrameRate                       0x20000078   Data           2  supervisetask.o(.data)
    TurntableFrameCounter                    0x2000007a   Data           2  supervisetask.o(.data)
    IMUFrameRate                             0x2000007c   Data           2  supervisetask.o(.data)
    IMUFrameCounter                          0x2000007e   Data           2  supervisetask.o(.data)
    UART2FrameRate                           0x20000080   Data           2  supervisetask.o(.data)
    UART2FrameCounter                        0x20000082   Data           2  supervisetask.o(.data)
    CAN_Send1_FrameRate                      0x20000084   Data           2  supervisetask.o(.data)
    CAN_Send1_FrameCounter                   0x20000086   Data           2  supervisetask.o(.data)
    CAN_Send2_FrameRate                      0x20000088   Data           2  supervisetask.o(.data)
    CAN_Send2_FrameCounter                   0x2000008a   Data           2  supervisetask.o(.data)
    CAN_Res_FrameRate                        0x2000008c   Data           2  supervisetask.o(.data)
    CAN_Res_FrameCounter                     0x2000008e   Data           2  supervisetask.o(.data)
    JudgeFrameRate                           0x20000090   Data           2  supervisetask.o(.data)
    JudgeFrameCounter                        0x20000092   Data           2  supervisetask.o(.data)
    MiniPCFrameRate                          0x20000094   Data           2  supervisetask.o(.data)
    MiniPCFrameCounter                       0x20000096   Data           2  supervisetask.o(.data)
    IMU_Out_FrameRate                        0x20000098   Data           2  supervisetask.o(.data)
    IMU_Out_FrameCounter                     0x2000009a   Data           2  supervisetask.o(.data)
    can1_res                                 0x2000009c   Data           2  supervisetask.o(.data)
    time_task_ms                             0x200000a4   Data           4  controltask.o(.data)
    app_param_calied_flag                    0x200000ad   Data           1  iotask.o(.data)
    Gimbal_Cali_Success                      0x200000ae   Data           1  iotask.o(.data)
    CaliCmdFlagGrp                           0x200000b0   Data           4  iotask.o(.data)
    Key_count                                0x200000b4   Data           2  iotask.o(.data)
    CMRotatePID                              0x200000d8   Data          84  driver_chassis.o(.data)
    CM1SpeedPID                              0x2000012c   Data          84  driver_chassis.o(.data)
    CM2SpeedPID                              0x20000180   Data          84  driver_chassis.o(.data)
    CM3SpeedPID                              0x200001d4   Data          84  driver_chassis.o(.data)
    CM4SpeedPID                              0x20000228   Data          84  driver_chassis.o(.data)
    LRSpeedRamp                              0x2000027c   Data          36  driver_chassis.o(.data)
    FBSpeedRamp                              0x200002a0   Data          36  driver_chassis.o(.data)
    MBSpeedRamp                              0x200002c4   Data          36  driver_chassis.o(.data)
    a                                        0x200002e8   Data           4  driver_chassis.o(.data)
    InputMode                                0x200002ec   Data           1  statusmachine.o(.data)
    WorkState                                0x200002ed   Data           1  statusmachine.o(.data)
    lastWorkstate                            0x200002ee   Data           1  statusmachine.o(.data)
    AttackMode                               0x200002ef   Data           1  statusmachine.o(.data)
    GM_CM_Mode                               0x200002f0   Data           1  statusmachine.o(.data)
    Gimbal_MoveMode                          0x200002f1   Data           1  statusmachine.o(.data)
    Chassis_MoveMode                         0x200002f2   Data           1  statusmachine.o(.data)
    ShootState                               0x200002f3   Data           1  statusmachine.o(.data)
    friction_wheel_state                     0x200002f4   Data           1  statusmachine.o(.data)
    wait_time                                0x200002f6   Data           2  statusmachine.o(.data)
    GMPitchRamp                              0x20000304   Data          36  driver_gimbal.o(.data)
    GMYawRamp                                0x20000328   Data          36  driver_gimbal.o(.data)
    GMPPositionPID                           0x2000034c   Data          84  driver_gimbal.o(.data)
    GMPSpeedPID                              0x200003a0   Data          84  driver_gimbal.o(.data)
    GMYPositionPID                           0x200003f4   Data          84  driver_gimbal.o(.data)
    GMYSpeedPID                              0x20000448   Data          84  driver_gimbal.o(.data)
    GimbalRef                                0x2000049c   Data           8  driver_gimbal.o(.data)
    pitch_set                                0x200004a4   Data           4  driver_gimbal.o(.data)
    yaw_set                                  0x200004a8   Data           4  driver_gimbal.o(.data)
    pp_pitch                                 0x200004ac   Data           4  driver_gimbal.o(.data)
    pi_pitch                                 0x200004b0   Data           4  driver_gimbal.o(.data)
    pd_pitch                                 0x200004b4   Data           4  driver_gimbal.o(.data)
    sp_pitch                                 0x200004b8   Data           4  driver_gimbal.o(.data)
    si_pitch                                 0x200004bc   Data           4  driver_gimbal.o(.data)
    sd_pitch                                 0x200004c0   Data           4  driver_gimbal.o(.data)
    test_yangle                              0x200004c4   Data           2  driver_gimbal.o(.data)
    limit_flag                               0x200004c6   Data           1  driver_gimbal.o(.data)
    limit_counter                            0x200004c7   Data           1  driver_gimbal.o(.data)
    limitoffset                              0x200004c8   Data           4  driver_gimbal.o(.data)
    open_time                                0x200004cc   Data           4  driver_gimbal.o(.data)
    test1                                    0x200004d0   Data           2  driver_gimbal.o(.data)
    RC_Update_Flag                           0x200004ec   Data           1  remote.o(.data)
    get_RC                                   0x200004ed   Data           1  remote.o(.data)
    ShootMotorSpeedPID                       0x200004f4   Data          84  driver_frimotor.o(.data)
    ShootMotorPositionPID                    0x20000548   Data          84  driver_frimotor.o(.data)
    Turntable_ref                            0x2000059c   Data           8  driver_frimotor.o(.data)
    BulletNumber                             0x200005a8   Data           1  driver_frimotor.o(.data)
    Block_TimeStamp                          0x200005ac   Data           4  driver_frimotor.o(.data)
    BulletBlock_State                        0x200005b0   Data           1  driver_frimotor.o(.data)
    ii                                       0x200005b8   Data           4  driver_frimotor.o(.data)
    pass_flag                                0x200005bc   Data           1  driver_frimotor.o(.data)
    ShootNumber                              0x200005c0   Data           4  driver_frimotor.o(.data)
    Turntable_Angle                          0x200005c4   Data           4  driver_frimotor.o(.data)
    shootdouble                              0x200005c8   Data           1  driver_frimotor.o(.data)
    shootnum                                 0x200005c9   Data           1  driver_frimotor.o(.data)
    PID_Flag                                 0x200005e0   Data           4  driver_protocol.o(.data)
    system_microsecond                       0x200005e4   Data           4  driver_protocol.o(.data)
    get_labview                              0x200005ea   Data           2  driver_protocol.o(.data)
    Protocol_len                             0x200005ec   Data           2  driver_protocol.o(.data)
    Pro_count                                0x200005ee   Data           2  driver_protocol.o(.data)
    SendP_count                              0x200005f4   Data           2  dm9015.o(.data)
    Heat_PID                                 0x200005f8   Data          84  imu.o(.data)
    exInt                                    0x2000064c   Data           4  imu.o(.data)
    eyInt                                    0x20000650   Data           4  imu.o(.data)
    ezInt                                    0x20000654   Data           4  imu.o(.data)
    q0                                       0x20000658   Data           4  imu.o(.data)
    q1                                       0x2000065c   Data           4  imu.o(.data)
    q2                                       0x20000660   Data           4  imu.o(.data)
    q3                                       0x20000664   Data           4  imu.o(.data)
    lastUpdate                               0x2000068c   Data           4  imu.o(.data)
    now                                      0x20000690   Data           4  imu.o(.data)
    yaw_temp                                 0x20000694   Data           4  imu.o(.data)
    pitch_temp                               0x20000698   Data           4  imu.o(.data)
    roll_temp                                0x2000069c   Data           4  imu.o(.data)
    last_yaw_temp                            0x200006a0   Data           4  imu.o(.data)
    last_pitch_temp                          0x200006a4   Data           4  imu.o(.data)
    last_roll_temp                           0x200006a8   Data           4  imu.o(.data)
    yaw_angle                                0x200006ac   Data           4  imu.o(.data)
    pitch_angle                              0x200006b0   Data           4  imu.o(.data)
    roll_angle                               0x200006b4   Data           4  imu.o(.data)
    heat_add                                 0x200006bc   Data           4  imu.o(.data)
    MPU_id                                   0x200006c4   Data           1  test_imu.o(.data)
    get_date_count                           0x200006c5   Data           1  test_imu.o(.data)
    MPU_count                                0x200006c6   Data           1  test_imu.o(.data)
    pxCurrentTCB                             0x20000700   Data           4  tasks.o(.data)
    SystemCoreClock                          0x2000073c   Data           4  system_stm32f4xx.o(.data)
    uwTick                                   0x20000740   Data           4  stm32f4xx_hal.o(.data)
    UART1_RXBUFF                             0x20000748   Data         100  stm32f4xx_it.o(.bss)
    UART2_RXBUFF                             0x200007ac   Data          80  stm32f4xx_it.o(.bss)
    UART3_RXBUFF                             0x200007fc   Data         200  stm32f4xx_it.o(.bss)
    UART6_RXBUFF                             0x200008c4   Data          30  stm32f4xx_it.o(.bss)
    UART7_RXBUFF                             0x200008e2   Data          90  stm32f4xx_it.o(.bss)
    GMYawEncoder                             0x2000093c   Data          68  canbustask.o(.bss)
    GMPitchEncoder                           0x20000980   Data          68  canbustask.o(.bss)
    TurntableEncoder                         0x200009c4   Data          68  canbustask.o(.bss)
    gAppParamStruct                          0x20000a08   Data         135  iotask.o(.bss)
    AppParamRealUsed                         0x20000a8f   Data         135  iotask.o(.bss)
    PIDCaliData                              0x20000b16   Data         135  iotask.o(.bss)
    ChassisData                              0x20000bac   Data          20  driver_chassis.o(.bss)
    switch1                                  0x20000bc0   Data          23  statusmachine.o(.bss)
    RC_CtrlData                              0x20000bd7   Data          22  remote.o(.bss)
    Que_Protocol                             0x20000bee   Data         504  driver_protocol.o(.bss)
    frame_temp                               0x20000e6d   Data          50  driver_protocol.o(.bss)
    Protocol_Send                            0x20000e9f   Data         300  driver_protocol.o(.bss)
    Que_MiniPC_Tx                            0x20000fcc   Data         504  driver_minifold.o(.bss)
    MiniPC_Data                              0x200011c4   Data          20  driver_minifold.o(.bss)
    Que_Mainifold                            0x200011d8   Data         504  driver_minifold.o(.bss)
    Que_DMfold                               0x200014b6   Data         504  dm9015.o(.bss)
    Que_DM_Tx                                0x200016ae   Data         504  dm9015.o(.bss)
    DM_DMA_BUFF                              0x200018c4   Data         200  dm9015.o(.bss)
    huart1                                   0x2000198c   Data          64  usart.o(.bss)
    huart2                                   0x200019cc   Data          64  usart.o(.bss)
    huart3                                   0x20001a0c   Data          64  usart.o(.bss)
    huart6                                   0x20001a4c   Data          64  usart.o(.bss)
    huart7                                   0x20001a8c   Data          64  usart.o(.bss)
    huart8                                   0x20001acc   Data          64  usart.o(.bss)
    hcan1                                    0x20001b0c   Data          68  can.o(.bss)
    hcan2                                    0x20001b50   Data          68  can.o(.bss)
    hdma_usart1_rx                           0x20001c14   Data          96  dma.o(.bss)
    hdma_usart2_rx                           0x20001c74   Data          96  dma.o(.bss)
    hdma_usart2_tx                           0x20001cd4   Data          96  dma.o(.bss)
    hdma_usart3_tx                           0x20001d34   Data          96  dma.o(.bss)
    hdma_usart3_rx                           0x20001d94   Data          96  dma.o(.bss)
    hdma_usart6_rx                           0x20001df4   Data          96  dma.o(.bss)
    hdma_uart7_tx                            0x20001e54   Data          96  dma.o(.bss)
    hdma_uart7_rx                            0x20001eb4   Data          96  dma.o(.bss)
    hdma_uart8_rx                            0x20001f14   Data          96  dma.o(.bss)
    hspi5                                    0x20001f74   Data          88  spi.o(.bss)
    htim2                                    0x20001fcc   Data          60  tim.o(.bss)
    htim3                                    0x20002008   Data          60  tim.o(.bss)
    htim5                                    0x20002044   Data          60  tim.o(.bss)
    htim6                                    0x20002080   Data          60  tim.o(.bss)
    htim12                                   0x200020bc   Data          60  tim.o(.bss)
    Que_JudgeFrame                           0x200020f8   Data         504  data.o(.bss)
    Que_USART2_Tx                            0x200022f0   Data         504  data.o(.bss)
    Que_CAN1_Tx                              0x200024e8   Data         564  data.o(.bss)
    Que_CAN2_Tx                              0x2000271c   Data         564  data.o(.bss)
    mygetqval                                0x20002950   Data          36  imu.o(.bss)
    angle                                    0x20002984   Data          12  imu.o(.bss)
    MagMaxMinData                            0x20002990   Data          12  test_imu.o(.bss)
    MPU6050_Raw_Data                         0x2000299c   Data          20  test_imu.o(.bss)
    MPU6050_Real_Data                        0x200029b0   Data          40  test_imu.o(.bss)
    MPU6050_FIFO                             0x200029d8   Data         132  test_imu.o(.bss)
    imu_data                                 0x20002a5c   Data          20  test_imu.o(.bss)
    imu_data_offest                          0x20002a70   Data          20  test_imu.o(.bss)
    pFlash                                   0x20006774   Data          32  stm32f4xx_hal_flash.o(.bss)
    __initial_sp                             0x20006b98   Data           0  startup_stm32f427xx.o(STACK)



==============================================================================

Memory Map of the image

  Image Entry point : 0x080001ad

  Load Region LR_IROM1 (Base: 0x08000000, Size: 0x0000aefc, Max: 0x00200000, ABSOLUTE, COMPRESSED[0x0000a894])

    Execution Region ER_IROM1 (Base: 0x08000000, Size: 0x0000a7b4, Max: 0x00200000, ABSOLUTE)

    Base Addr    Size         Type   Attr      Idx    E Section Name        Object

    0x08000000   0x000001ac   Data   RO         3498    RESET               startup_stm32f427xx.o
    0x080001ac   0x00000000   Code   RO         6889  * .ARM.Collect$$$$00000000  mc_w.l(entry.o)
    0x080001ac   0x00000004   Code   RO         6961    .ARM.Collect$$$$00000001  mc_w.l(entry2.o)
    0x080001b0   0x00000004   Code   RO         6964    .ARM.Collect$$$$00000004  mc_w.l(entry5.o)
    0x080001b4   0x00000000   Code   RO         6966    .ARM.Collect$$$$00000008  mc_w.l(entry7b.o)
    0x080001b4   0x00000000   Code   RO         6968    .ARM.Collect$$$$0000000A  mc_w.l(entry8b.o)
    0x080001b4   0x00000008   Code   RO         6969    .ARM.Collect$$$$0000000B  mc_w.l(entry9a.o)
    0x080001bc   0x00000000   Code   RO         6971    .ARM.Collect$$$$0000000D  mc_w.l(entry10a.o)
    0x080001bc   0x00000000   Code   RO         6973    .ARM.Collect$$$$0000000F  mc_w.l(entry11a.o)
    0x080001bc   0x00000004   Code   RO         6962    .ARM.Collect$$$$00002712  mc_w.l(entry2.o)
    0x080001c0   0x000000ba   Code   RO         3133    .emb_text           port.o
    0x0800027a   0x00000002   PAD
    0x0800027c   0x00000024   Code   RO         3499    .text               startup_stm32f427xx.o
    0x080002a0   0x00000024   Code   RO         6892    .text               mc_w.l(memcpya.o)
    0x080002c4   0x0000014e   Code   RO         6898    .text               mf_w.l(dadd.o)
    0x08000412   0x000000e4   Code   RO         6900    .text               mf_w.l(dmul.o)
    0x080004f6   0x000000de   Code   RO         6902    .text               mf_w.l(ddiv.o)
    0x080005d4   0x00000022   Code   RO         6906    .text               mf_w.l(dflti.o)
    0x080005f6   0x00000026   Code   RO         6908    .text               mf_w.l(f2d.o)
    0x0800061c   0x00000038   Code   RO         6912    .text               mf_w.l(d2f.o)
    0x08000654   0x0000001e   Code   RO         6975    .text               mc_w.l(llshl.o)
    0x08000672   0x00000024   Code   RO         6977    .text               mc_w.l(llsshr.o)
    0x08000696   0x00000000   Code   RO         6986    .text               mc_w.l(iusefp.o)
    0x08000696   0x0000006e   Code   RO         6987    .text               mf_w.l(fepilogue.o)
    0x08000704   0x000000ba   Code   RO         6989    .text               mf_w.l(depilogue.o)
    0x080007be   0x000000a2   Code   RO         6991    .text               mf_w.l(dsqrt.o)
    0x08000860   0x00000024   Code   RO         6995    .text               mc_w.l(init.o)
    0x08000884   0x00000020   Code   RO         6997    .text               mc_w.l(llushr.o)
    0x080008a4   0x00000056   Code   RO         7011    .text               mc_w.l(__dczerorl2.o)
    0x080008fa   0x00000002   PAD
    0x080008fc   0x00000048   Code   RO          691    i.AppParamInit      iotask.o
    0x08000944   0x0000001c   Code   RO          692    i.AppParamSave      iotask.o
    0x08000960   0x00000028   Code   RO          875    i.Attack_Mode_Select  statusmachine.o
    0x08000988   0x000000a0   Code   RO         1218    i.BEEP_Task         driver_beep.o
    0x08000a28   0x000000a0   Code   RO         2023    i.BSP_FLASH_GetFlashSector  flash.o
    0x08000ac8   0x000000c0   Code   RO         2026    i.BSP_FLASH_Write   flash.o
    0x08000b88   0x00000034   Code   RO         1656    i.BSP_Init          bsp_init.o
    0x08000bbc   0x000000a4   Code   RO         1725    i.BSP_NVIC_Init     nvic.o
    0x08000c60   0x00000090   Code   RO         1151    i.BulletStuck_Check  driver_frimotor.o
    0x08000cf0   0x00000004   Code   RO          248    i.BusFault_Handler  stm32f4xx_it.o
    0x08000cf4   0x00000010   Code   RO          249    i.CAN1_RX0_IRQHandler  stm32f4xx_it.o
    0x08000d04   0x0000002c   Code   RO          250    i.CAN1_TX_IRQHandler  stm32f4xx_it.o
    0x08000d30   0x00000010   Code   RO          251    i.CAN2_RX0_IRQHandler  stm32f4xx_it.o
    0x08000d40   0x0000002c   Code   RO          252    i.CAN2_TX_IRQHandler  stm32f4xx_it.o
    0x08000d6c   0x000001c2   Code   RO         5744    i.CAN_Receive_IT    stm32f4xx_hal_can.o
    0x08000f2e   0x00000062   Code   RO         5745    i.CAN_Transmit_IT   stm32f4xx_hal_can.o
    0x08000f90   0x00000002   Code   RO          811    i.CMControlLoop     driver_chassis.o
    0x08000f92   0x00000002   PAD
    0x08000f94   0x000000e4   Code   RO          693    i.CaliLoop          iotask.o
    0x08001078   0x00000098   Code   RO          502    i.CanReceiveMsgProcess  canbustask.o
    0x08001110   0x00000020   Code   RO          503    i.CanReceiveMsgProcess_2  canbustask.o
    0x08001130   0x00000058   Code   RO          876    i.ChassisModeSelect  statusmachine.o
    0x08001188   0x000000a0   Code   RO          627    i.ControlLoopTaskInit  controltask.o
    0x08001228   0x0000003c   Code   RO          628    i.Control_Task      controltask.o
    0x08001264   0x00000010   Code   RO          253    i.DMA1_Stream4_IRQHandler  stm32f4xx_it.o
    0x08001274   0x00000010   Code   RO          254    i.DMA1_Stream5_IRQHandler  stm32f4xx_it.o
    0x08001284   0x0000001c   Code   RO          255    i.DMA1_Stream6_IRQHandler  stm32f4xx_it.o
    0x080012a0   0x00000010   Code   RO          256    i.DMA2_Stream1_IRQHandler  stm32f4xx_it.o
    0x080012b0   0x00000010   Code   RO          257    i.DMA2_Stream2_IRQHandler  stm32f4xx_it.o
    0x080012c0   0x00000034   Code   RO         5256    i.DMA_CalcBaseAndBitshift  stm32f4xx_hal_dma.o
    0x080012f4   0x000000aa   Code   RO         5257    i.DMA_CheckFifoParam  stm32f4xx_hal_dma.o
    0x0800139e   0x0000002c   Code   RO         5258    i.DMA_SetConfig     stm32f4xx_hal_dma.o
    0x080013ca   0x00000002   PAD
    0x080013cc   0x000000d4   Code   RO         1590    i.DM_EncoderProcess  dm9015.o
    0x080014a0   0x0000009c   Code   RO         1594    i.DM_SendPower      dm9015.o
    0x0800153c   0x00000088   Code   RO         1595    i.DMfold_Res_Task   dm9015.o
    0x080015c4   0x00000044   Code   RO         1301    i.Data_Event        driver_protocol.o
    0x08001608   0x000002b4   Code   RO         1302    i.Data_Receive_Anl  driver_protocol.o
    0x080018bc   0x00000078   Code   RO         1303    i.Dataframe_Process  driver_protocol.o
    0x08001934   0x00000002   Code   RO          258    i.DebugMon_Handler  stm32f4xx_it.o
    0x08001936   0x00000002   PAD
    0x08001938   0x000000d0   Code   RO          504    i.EncoderProcess    canbustask.o
    0x08001a08   0x0000006c   Code   RO         5874    i.FLASH_Erase_Sector  stm32f4xx_hal_flash_ex.o
    0x08001a74   0x00000024   Code   RO         5138    i.FLASH_Program_Byte  stm32f4xx_hal_flash.o
    0x08001a98   0x0000002c   Code   RO         5139    i.FLASH_Program_DoubleWord  stm32f4xx_hal_flash.o
    0x08001ac4   0x00000028   Code   RO         5140    i.FLASH_Program_HalfWord  stm32f4xx_hal_flash.o
    0x08001aec   0x00000028   Code   RO         5141    i.FLASH_Program_Word  stm32f4xx_hal_flash.o
    0x08001b14   0x000000b4   Code   RO         5142    i.FLASH_SetErrorCode  stm32f4xx_hal_flash.o
    0x08001bc8   0x00000064   Code   RO         5143    i.FLASH_WaitForLastOperation  stm32f4xx_hal_flash.o
    0x08001c2c   0x00000070   Code   RO         1152    i.FriMotor_Control  driver_frimotor.o
    0x08001c9c   0x000000bc   Code   RO          877    i.FriMotor_Select   statusmachine.o
    0x08001d58   0x000000b8   Code   RO         1025    i.GMCalLoop         driver_gimbal.o
    0x08001e10   0x00000014   Code   RO         1026    i.GMControlLoop     driver_gimbal.o
    0x08001e24   0x0000000c   Code   RO          878    i.GetChassis_MoveMode  statusmachine.o
    0x08001e30   0x0000000c   Code   RO          879    i.GetFrictionState  statusmachine.o
    0x08001e3c   0x0000000c   Code   RO          880    i.GetGM_CM_Mode     statusmachine.o
    0x08001e48   0x0000000c   Code   RO          881    i.GetGimbal_MoveMode  statusmachine.o
    0x08001e54   0x0000000c   Code   RO          882    i.GetInputMode      statusmachine.o
    0x08001e60   0x0000013c   Code   RO         2207    i.GetPitchYawGxGyGz  imu.o
    0x08001f9c   0x0000007c   Code   RO         1109    i.GetRemoteSwitchAction  remote.o
    0x08002018   0x0000000c   Code   RO          883    i.GetShootState     statusmachine.o
    0x08002024   0x0000000c   Code   RO          884    i.GetWorkState      statusmachine.o
    0x08002030   0x0000000c   Code   RO          885    i.Get_AttackMode    statusmachine.o
    0x0800203c   0x00000008   Code   RO         1936    i.Get_Time_Micros   tim.o
    0x08002044   0x0000008c   Code   RO          695    i.GimbalCaliProcess  iotask.o
    0x080020d0   0x00000158   Code   RO         1027    i.GimbalGetRef      driver_gimbal.o
    0x08002228   0x00000068   Code   RO          886    i.GimbalModeSelect  statusmachine.o
    0x08002290   0x00000024   Code   RO         1028    i.Gimbal_PitchAngleSet  driver_gimbal.o
    0x080022b4   0x00000044   Code   RO         1029    i.Gimbal_YawAngleSet  driver_gimbal.o
    0x080022f8   0x00000110   Code   RO          696    i.GyroCaliProcess   iotask.o
    0x08002408   0x00000002   Code   RO         5748    i.HAL_CAN_ErrorCallback  stm32f4xx_hal_can.o
    0x0800240a   0x00000002   PAD
    0x0800240c   0x00000264   Code   RO         5751    i.HAL_CAN_IRQHandler  stm32f4xx_hal_can.o
    0x08002670   0x000000fc   Code   RO         5756    i.HAL_CAN_Receive_IT  stm32f4xx_hal_can.o
    0x0800276c   0x00000058   Code   RO          259    i.HAL_CAN_RxCpltCallback  stm32f4xx_it.o
    0x080027c4   0x000001f6   Code   RO         5760    i.HAL_CAN_Transmit_IT  stm32f4xx_hal_can.o
    0x080029ba   0x00000002   Code   RO         5761    i.HAL_CAN_TxCpltCallback  stm32f4xx_hal_can.o
    0x080029bc   0x000000aa   Code   RO         5259    i.HAL_DMA_Abort     stm32f4xx_hal_dma.o
    0x08002a66   0x00000002   PAD
    0x08002a68   0x00000248   Code   RO         5264    i.HAL_DMA_IRQHandler  stm32f4xx_hal_dma.o
    0x08002cb0   0x000000ec   Code   RO         5265    i.HAL_DMA_Init      stm32f4xx_hal_dma.o
    0x08002d9c   0x0000009e   Code   RO         5269    i.HAL_DMA_Start_IT  stm32f4xx_hal_dma.o
    0x08002e3a   0x0000001e   Code   RO         3899    i.HAL_Delay         stm32f4xx_hal.o
    0x08002e58   0x00000014   Code   RO         5147    i.HAL_FLASH_Lock    stm32f4xx_hal_flash.o
    0x08002e6c   0x00000098   Code   RO         5152    i.HAL_FLASH_Program  stm32f4xx_hal_flash.o
    0x08002f04   0x0000002c   Code   RO         5154    i.HAL_FLASH_Unlock  stm32f4xx_hal_flash.o
    0x08002f30   0x0000021c   Code   RO         5075    i.HAL_GPIO_Init     stm32f4xx_hal_gpio.o
    0x0800314c   0x00000010   Code   RO         5077    i.HAL_GPIO_ReadPin  stm32f4xx_hal_gpio.o
    0x0800315c   0x00000008   Code   RO         5078    i.HAL_GPIO_TogglePin  stm32f4xx_hal_gpio.o
    0x08003164   0x0000000c   Code   RO         5079    i.HAL_GPIO_WritePin  stm32f4xx_hal_gpio.o
    0x08003170   0x0000000c   Code   RO         3907    i.HAL_GetTick       stm32f4xx_hal.o
    0x0800317c   0x00000010   Code   RO         3909    i.HAL_IncTick       stm32f4xx_hal.o
    0x0800318c   0x0000003c   Code   RO         3910    i.HAL_Init          stm32f4xx_hal.o
    0x080031c8   0x00000028   Code   RO         3911    i.HAL_InitTick      stm32f4xx_hal.o
    0x080031f0   0x00000056   Code   RO          432    i.HAL_MspInit       stm32f4xx_hal_msp.o
    0x08003246   0x0000001a   Code   RO         4296    i.HAL_NVIC_EnableIRQ  stm32f4xx_hal_cortex.o
    0x08003260   0x0000007c   Code   RO         4302    i.HAL_NVIC_SetPriority  stm32f4xx_hal_cortex.o
    0x080032dc   0x00000028   Code   RO         4303    i.HAL_NVIC_SetPriorityGrouping  stm32f4xx_hal_cortex.o
    0x08003304   0x000001d0   Code   RO         5404    i.HAL_RCC_ClockConfig  stm32f4xx_hal_rcc.o
    0x080034d4   0x0000000c   Code   RO         5409    i.HAL_RCC_GetHCLKFreq  stm32f4xx_hal_rcc.o
    0x080034e0   0x0000002c   Code   RO         5411    i.HAL_RCC_GetPCLK1Freq  stm32f4xx_hal_rcc.o
    0x0800350c   0x0000002c   Code   RO         5412    i.HAL_RCC_GetPCLK2Freq  stm32f4xx_hal_rcc.o
    0x08003538   0x000000b4   Code   RO         5413    i.HAL_RCC_GetSysClockFreq  stm32f4xx_hal_rcc.o
    0x080035ec   0x0000044c   Code   RO         5416    i.HAL_RCC_OscConfig  stm32f4xx_hal_rcc.o
    0x08003a38   0x000000a0   Code   RO         6035    i.HAL_SPI_Init      stm32f4xx_hal_spi.o
    0x08003ad8   0x0000005c   Code   RO         1898    i.HAL_SPI_MspInit   spi.o
    0x08003b34   0x000002cc   Code   RO         6044    i.HAL_SPI_TransmitReceive  stm32f4xx_hal_spi.o
    0x08003e00   0x00000028   Code   RO         4305    i.HAL_SYSTICK_CLKSourceConfig  stm32f4xx_hal_cortex.o
    0x08003e28   0x00000034   Code   RO         4307    i.HAL_SYSTICK_Config  stm32f4xx_hal_cortex.o
    0x08003e5c   0x00000002   Code   RO         5505    i.HAL_TIMEx_BreakCallback  stm32f4xx_hal_tim_ex.o
    0x08003e5e   0x00000002   Code   RO         5506    i.HAL_TIMEx_CommutationCallback  stm32f4xx_hal_tim_ex.o
    0x08003e60   0x00000062   Code   RO         5522    i.HAL_TIMEx_MasterConfigSynchronization  stm32f4xx_hal_tim_ex.o
    0x08003ec2   0x00000034   Code   RO         4433    i.HAL_TIM_Base_Init  stm32f4xx_hal_tim.o
    0x08003ef6   0x00000002   PAD
    0x08003ef8   0x00000084   Code   RO         1938    i.HAL_TIM_Base_MspInit  tim.o
    0x08003f7c   0x0000001e   Code   RO         4436    i.HAL_TIM_Base_Start  stm32f4xx_hal_tim.o
    0x08003f9a   0x0000001e   Code   RO         4438    i.HAL_TIM_Base_Start_IT  stm32f4xx_hal_tim.o
    0x08003fb8   0x00000002   Code   RO         4462    i.HAL_TIM_IC_CaptureCallback  stm32f4xx_hal_tim.o
    0x08003fba   0x00000196   Code   RO         4475    i.HAL_TIM_IRQHandler  stm32f4xx_hal_tim.o
    0x08004150   0x000000d8   Code   RO         1939    i.HAL_TIM_MspPostInit  tim.o
    0x08004228   0x00000002   Code   RO         4478    i.HAL_TIM_OC_DelayElapsedCallback  stm32f4xx_hal_tim.o
    0x0800422a   0x00000108   Code   RO         4499    i.HAL_TIM_PWM_ConfigChannel  stm32f4xx_hal_tim.o
    0x08004332   0x00000034   Code   RO         4502    i.HAL_TIM_PWM_Init  stm32f4xx_hal_tim.o
    0x08004366   0x00000002   PAD
    0x08004368   0x000000c4   Code   RO         1941    i.HAL_TIM_PWM_MspInit  tim.o
    0x0800442c   0x00000002   Code   RO         4505    i.HAL_TIM_PWM_PulseFinishedCallback  stm32f4xx_hal_tim.o
    0x0800442e   0x00000002   PAD
    0x08004430   0x0000004c   Code   RO         4506    i.HAL_TIM_PWM_Start  stm32f4xx_hal_tim.o
    0x0800447c   0x0000007c   Code   RO          260    i.HAL_TIM_PeriodElapsedCallback  stm32f4xx_it.o
    0x080044f8   0x00000002   Code   RO         4516    i.HAL_TIM_TriggerCallback  stm32f4xx_hal_tim.o
    0x080044fa   0x00000050   Code   RO         3571    i.HAL_UART_AbortReceive  stm32f4xx_hal_uart.o
    0x0800454a   0x00000044   Code   RO         3574    i.HAL_UART_AbortTransmit  stm32f4xx_hal_uart.o
    0x0800458e   0x00000002   Code   RO         3582    i.HAL_UART_ErrorCallback  stm32f4xx_hal_uart.o
    0x08004590   0x00000072   Code   RO         3586    i.HAL_UART_Init     stm32f4xx_hal_uart.o
    0x08004602   0x00000002   PAD
    0x08004604   0x00000478   Code   RO         1750    i.HAL_UART_MspInit  usart.o
    0x08004a7c   0x000000ac   Code   RO         3590    i.HAL_UART_Receive_DMA  stm32f4xx_hal_uart.o
    0x08004b28   0x00000002   Code   RO         3592    i.HAL_UART_RxCpltCallback  stm32f4xx_hal_uart.o
    0x08004b2a   0x00000002   Code   RO         3593    i.HAL_UART_RxHalfCpltCallback  stm32f4xx_hal_uart.o
    0x08004b2c   0x000000d6   Code   RO         3594    i.HAL_UART_Transmit  stm32f4xx_hal_uart.o
    0x08004c02   0x00000002   PAD
    0x08004c04   0x0000009c   Code   RO         3595    i.HAL_UART_Transmit_DMA  stm32f4xx_hal_uart.o
    0x08004ca0   0x00000074   Code   RO          261    i.HAL_UART_TxCpltCallback  stm32f4xx_it.o
    0x08004d14   0x00000002   Code   RO         3598    i.HAL_UART_TxHalfCpltCallback  stm32f4xx_hal_uart.o
    0x08004d16   0x00000004   Code   RO          262    i.HardFault_Handler  stm32f4xx_it.o
    0x08004d1a   0x00000002   PAD
    0x08004d1c   0x000007cc   Code   RO         2208    i.IMU_AHRSupdate    imu.o
    0x080054e8   0x00000110   Code   RO         2287    i.IMU_Get_Data      test_imu.o
    0x080055f8   0x000000a0   Code   RO         2209    i.IMU_PIDTask       imu.o
    0x08005698   0x00000018   Code   RO         2210    i.IMU_Task          imu.o
    0x080056b0   0x0000004c   Code   RO         2211    i.IMU_getQ          imu.o
    0x080056fc   0x00000094   Code   RO         2212    i.IMU_getValues     imu.o
    0x08005790   0x0000023c   Code   RO         2213    i.IMU_getYawPitchRoll  imu.o
    0x080059cc   0x0000004c   Code   RO          887    i.InputMode_Select  statusmachine.o
    0x08005a18   0x00000018   Code   RO          697    i.IsCaliCmdFlagSet  iotask.o
    0x08005a30   0x00000074   Code   RO         1153    i.LASER_Task        driver_frimotor.o
    0x08005aa4   0x000001f4   Code   RO         2288    i.MPU6050_AverageFilter  test_imu.o
    0x08005c98   0x00000078   Code   RO         2289    i.MPU6050_getMotion6  test_imu.o
    0x08005d10   0x0000006c   Code   RO         2290    i.MPU6500_Init      test_imu.o
    0x08005d7c   0x00000054   Code   RO         2291    i.MPU6500_Read_Reg  test_imu.o
    0x08005dd0   0x00000064   Code   RO         2292    i.MPU6500_Read_Regs  test_imu.o
    0x08005e34   0x00000058   Code   RO         2295    i.MPU6500_Write_Reg  test_imu.o
    0x08005e8c   0x00000048   Code   RO         1870    i.MX_DMA_Init       dma.o
    0x08005ed4   0x00000028   Code   RO          453    i.MX_FREERTOS_Init  freertos.o
    0x08005efc   0x00000214   Code   RO         1701    i.MX_GPIO_Init      gpio.o
    0x08006110   0x0000005c   Code   RO         1899    i.MX_SPI5_Init      spi.o
    0x0800616c   0x00000090   Code   RO         1942    i.MX_TIM12_Init     tim.o
    0x080061fc   0x00000048   Code   RO         1943    i.MX_TIM2_Init      tim.o
    0x08006244   0x000000ac   Code   RO         1945    i.MX_TIM5_Init      tim.o
    0x080062f0   0x00000060   Code   RO         1946    i.MX_TIM6_Init      tim.o
    0x08006350   0x00000070   Code   RO         1753    i.MX_USART1_UART_Init  usart.o
    0x080063c0   0x00000068   Code   RO         1754    i.MX_USART2_UART_Init  usart.o
    0x08006428   0x00000068   Code   RO         1755    i.MX_USART3_UART_Init  usart.o
    0x08006490   0x00000068   Code   RO         1756    i.MX_USART6_UART_Init  usart.o
    0x080064f8   0x00000004   Code   RO          263    i.MemManage_Handler  stm32f4xx_it.o
    0x080064fc   0x00000002   Code   RO          264    i.NMI_Handler       stm32f4xx_it.o
    0x080064fe   0x00000002   PAD
    0x08006500   0x00000010   Code   RO         4309    i.NVIC_GetPriorityGrouping  stm32f4xx_hal_cortex.o
    0x08006510   0x00000028   Code   RO         4310    i.NVIC_SetPriority  stm32f4xx_hal_cortex.o
    0x08006538   0x0000001c   Code   RO          699    i.PIDCaliProcess    iotask.o
    0x08006554   0x000000f6   Code   RO          570    i.PID_Calc          pid.o
    0x0800664a   0x00000002   PAD
    0x0800664c   0x00000160   Code   RO         1030    i.PID_Calibration   driver_gimbal.o
    0x080067ac   0x00000028   Code   RO          571    i.PID_Reset         pid.o
    0x080067d4   0x00000028   Code   RO          572    i.PID_Task          pid.o
    0x080067fc   0x00000048   Code   RO         1154    i.Pass_Check        driver_frimotor.o
    0x08006844   0x0000009c   Code   RO         1304    i.Protocol          driver_protocol.o
    0x080068e0   0x00000064   Code   RO         1305    i.Protocol_SendFrame  driver_protocol.o
    0x08006944   0x0000002a   Code   RO         1256    i.RampCalc          ramp.o
    0x0800696e   0x00000002   Code   RO         1257    i.RampInit          ramp.o
    0x08006970   0x00000012   Code   RO         1258    i.RampIsOverflow    ramp.o
    0x08006982   0x00000006   Code   RO         1259    i.RampResetCounter  ramp.o
    0x08006988   0x00000004   Code   RO         1260    i.RampSetCounter    ramp.o
    0x0800698c   0x00000004   Code   RO         1261    i.RampSetScale      ramp.o
    0x08006990   0x00000050   Code   RO         1031    i.Ref_Gimbal_Prepare  driver_gimbal.o
    0x080069e0   0x00000024   Code   RO         1032    i.Ref_UpdataFromMouse  driver_gimbal.o
    0x08006a04   0x0000010c   Code   RO         1033    i.Ref_UpdataFromRCStick  driver_gimbal.o
    0x08006b10   0x000000e0   Code   RO         1110    i.RemoteDataPrcess  remote.o
    0x08006bf0   0x00000058   Code   RO         1111    i.RemoteTaskInit    remote.o
    0x08006c48   0x00000018   Code   RO         1112    i.Remote_CheckJumpKey  remote.o
    0x08006c60   0x00000010   Code   RO          700    i.ResetCaliCmdFlag  iotask.o
    0x08006c70   0x00000028   Code   RO         6061    i.SPI_CheckFlag_BSY  stm32f4xx_hal_spi.o
    0x08006c98   0x000000aa   Code   RO         6081    i.SPI_WaitFlagStateUntilTimeout  stm32f4xx_hal_spi.o
    0x08006d42   0x00000002   PAD
    0x08006d44   0x000000d4   Code   RO         1306    i.Send_CM_PID       driver_protocol.o
    0x08006e18   0x00000048   Code   RO         1307    i.Send_Check        driver_protocol.o
    0x08006e60   0x000000d8   Code   RO         1308    i.Send_FrameRate    driver_protocol.o
    0x08006f38   0x000000d4   Code   RO         1309    i.Send_GMP_PID      driver_protocol.o
    0x0800700c   0x000000d4   Code   RO         1310    i.Send_GMY_PID      driver_protocol.o
    0x080070e0   0x00000002   Code   RO         1312    i.Send_Judge        driver_protocol.o
    0x080070e2   0x00000002   PAD
    0x080070e4   0x000000dc   Code   RO         1314    i.Send_Moto_Rmp     driver_protocol.o
    0x080071c0   0x00000098   Code   RO         1315    i.Send_RC_Data      driver_protocol.o
    0x08007258   0x000000e8   Code   RO         1316    i.Send_R_F_PID      driver_protocol.o
    0x08007340   0x00000274   Code   RO         1317    i.Send_Ref_Fdb      driver_protocol.o
    0x080075b4   0x000000c8   Code   RO         1318    i.Send_Sensor       driver_protocol.o
    0x0800767c   0x000000b0   Code   RO         1319    i.Send_Shoot_PID    driver_protocol.o
    0x0800772c   0x000000d4   Code   RO         1320    i.Send_Status       driver_protocol.o
    0x08007800   0x0000007a   Code   RO         1321    i.Send_StatusMachine  driver_protocol.o
    0x0800787a   0x00000002   PAD
    0x0800787c   0x00000030   Code   RO          701    i.Sensor_Offset_Param_Init  iotask.o
    0x080078ac   0x00000010   Code   RO          702    i.SetCaliCmdFlag    iotask.o
    0x080078bc   0x00000024   Code   RO          888    i.SetFrictionState  statusmachine.o
    0x080078e0   0x0000001c   Code   RO          703    i.SetGimbalCaliData  iotask.o
    0x080078fc   0x000000a4   Code   RO         1034    i.SetGimbalMotorOutput  driver_gimbal.o
    0x080079a0   0x0000001c   Code   RO          704    i.SetGyroCaliData   iotask.o
    0x080079bc   0x00000078   Code   RO          705    i.SetPIDCaliData    iotask.o
    0x08007a34   0x0000000c   Code   RO          889    i.SetShootState     statusmachine.o
    0x08007a40   0x0000000c   Code   RO          890    i.SetWorkState      statusmachine.o
    0x08007a4c   0x0000009c   Code   RO          506    i.Set_Gimbal_Current  canbustask.o
    0x08007ae8   0x00000028   Code   RO         1155    i.ShootCounter      driver_frimotor.o
    0x08007b10   0x00000064   Code   RO         1156    i.Shoot_Single      driver_frimotor.o
    0x08007b74   0x00000034   Code   RO         1219    i.Sing              driver_beep.o
    0x08007ba8   0x00000030   Code   RO         1220    i.Sing_Music        driver_beep.o
    0x08007bd8   0x0000000a   Code   RO          454    i.StartDefaultTask  freertos.o
    0x08007be2   0x00000002   PAD
    0x08007be4   0x00000040   Code   RO          891    i.StatusMachine_Init  statusmachine.o
    0x08007c24   0x00000034   Code   RO          892    i.StatusMachine_Update  statusmachine.o
    0x08007c58   0x0000000c   Code   RO          265    i.SysTick_Handler   stm32f4xx_it.o
    0x08007c64   0x000000e4   Code   RO         1657    i.SystemClock_Config  bsp_init.o
    0x08007d48   0x00000064   Code   RO         3507    i.SystemInit        system_stm32f4xx.o
    0x08007dac   0x00000010   Code   RO          266    i.TIM6_DAC_IRQHandler  stm32f4xx_it.o
    0x08007dbc   0x000000e4   Code   RO         4517    i.TIM_Base_SetConfig  stm32f4xx_hal_tim.o
    0x08007ea0   0x0000001c   Code   RO         4518    i.TIM_CCxChannelCmd  stm32f4xx_hal_tim.o
    0x08007ebc   0x00000070   Code   RO         4526    i.TIM_OC1_SetConfig  stm32f4xx_hal_tim.o
    0x08007f2c   0x00000078   Code   RO         4527    i.TIM_OC2_SetConfig  stm32f4xx_hal_tim.o
    0x08007fa4   0x00000078   Code   RO         4528    i.TIM_OC3_SetConfig  stm32f4xx_hal_tim.o
    0x0800801c   0x00000060   Code   RO         4529    i.TIM_OC4_SetConfig  stm32f4xx_hal_tim.o
    0x0800807c   0x000001bc   Code   RO          603    i.Task_Monitor      supervisetask.o
    0x08008238   0x00000240   Code   RO         1157    i.Turntable_Control  driver_frimotor.o
    0x08008478   0x00000138   Code   RO          893    i.Turntable_Select  statusmachine.o
    0x080085b0   0x00000070   Code   RO          267    i.UART7_IRQHandler  stm32f4xx_it.o
    0x08008620   0x00000050   Code   RO         3600    i.UART_DMAError     stm32f4xx_hal_uart.o
    0x08008670   0x00000046   Code   RO         3601    i.UART_DMAReceiveCplt  stm32f4xx_hal_uart.o
    0x080086b6   0x0000000e   Code   RO         3603    i.UART_DMARxHalfCplt  stm32f4xx_hal_uart.o
    0x080086c4   0x00000036   Code   RO         3605    i.UART_DMATransmitCplt  stm32f4xx_hal_uart.o
    0x080086fa   0x0000000e   Code   RO         3607    i.UART_DMATxHalfCplt  stm32f4xx_hal_uart.o
    0x08008708   0x00000020   Code   RO         3609    i.UART_EndRxTransfer  stm32f4xx_hal_uart.o
    0x08008728   0x00000014   Code   RO         3611    i.UART_EndTxTransfer  stm32f4xx_hal_uart.o
    0x0800873c   0x00000368   Code   RO         3613    i.UART_SetConfig    stm32f4xx_hal_uart.o
    0x08008aa4   0x0000006c   Code   RO         3615    i.UART_WaitOnFlagUntilTimeout  stm32f4xx_hal_uart.o
    0x08008b10   0x0000009c   Code   RO          268    i.USART1_IRQHandler  stm32f4xx_it.o
    0x08008bac   0x000000a4   Code   RO          269    i.USART2_IRQHandler  stm32f4xx_it.o
    0x08008c50   0x000000a0   Code   RO          270    i.USART3_IRQHandler  stm32f4xx_it.o
    0x08008cf0   0x000000a0   Code   RO          271    i.USART6_IRQHandler  stm32f4xx_it.o
    0x08008d90   0x00000004   Code   RO          272    i.UsageFault_Handler  stm32f4xx_it.o
    0x08008d94   0x00000028   Code   RO          894    i.WorkStateSwitchProcess  statusmachine.o
    0x08008dbc   0x00000080   Code   RO          895    i.WorkstateFSM      statusmachine.o
    0x08008e3c   0x00000004   Code   RO         1658    i._Error_Handler    bsp_init.o
    0x08008e40   0x00000030   Code   RO         6945    i.__ARM_fpclassify  m_wm.l(fpclassify.o)
    0x08008e70   0x00000360   Code   RO         6821    i.__hardfp_asin     m_wm.l(asin.o)
    0x080091d0   0x000002d8   Code   RO         6914    i.__hardfp_atan     m_wm.l(atan.o)
    0x080094a8   0x000001f0   Code   RO         6835    i.__hardfp_atan2    m_wm.l(atan2.o)
    0x08009698   0x0000007a   Code   RO         6877    i.__hardfp_sqrt     m_wm.l(sqrt.o)
    0x08009712   0x000000f8   Code   RO         6947    i.__kernel_poly     m_wm.l(poly.o)
    0x0800980a   0x00000014   Code   RO         6932    i.__mathlib_dbl_infnan  m_wm.l(dunder.o)
    0x0800981e   0x00000014   Code   RO         6933    i.__mathlib_dbl_infnan2  m_wm.l(dunder.o)
    0x08009832   0x00000006   PAD
    0x08009838   0x00000020   Code   RO         6934    i.__mathlib_dbl_invalid  m_wm.l(dunder.o)
    0x08009858   0x00000020   Code   RO         6937    i.__mathlib_dbl_underflow  m_wm.l(dunder.o)
    0x08009878   0x0000000e   Code   RO         7005    i.__scatterload_copy  mc_w.l(handlers.o)
    0x08009886   0x00000002   Code   RO         7006    i.__scatterload_null  mc_w.l(handlers.o)
    0x08009888   0x0000000e   Code   RO         7007    i.__scatterload_zeroinit  mc_w.l(handlers.o)
    0x08009896   0x00000002   PAD
    0x08009898   0x0000000c   Code   RO         6981    i.__set_errno       mc_w.l(errno.o)
    0x080098a4   0x00000010   Code   RO         6916    i.atan              m_wm.l(atan.o)
    0x080098b4   0x00000032   Code   RO         2071    i.bufferPop         data.o
    0x080098e6   0x00000034   Code   RO         2072    i.bufferPush        data.o
    0x0800991a   0x00000028   Code   RO         2073    i.buffer_multiPop   data.o
    0x08009942   0x00000018   Code   RO         2074    i.bufferlen         data.o
    0x0800995a   0x00000018   Code   RO         6861    i.fabs              m_wm.l(fabs.o)
    0x08009972   0x0000002a   Code   RO          508    i.get_measure       canbustask.o
    0x0800999c   0x0000003c   Code   RO         2215    i.invSqrt           imu.o
    0x080099d8   0x00000084   Code   RO            4    i.main              main.o
    0x08009a5c   0x0000000e   Code   RO         2393    i.makeFreeRtosPriority  cmsis_os.o
    0x08009a6a   0x00000018   Code   RO         2395    i.osDelay           cmsis_os.o
    0x08009a82   0x00000010   Code   RO         2431    i.osSystickHandler  cmsis_os.o
    0x08009a92   0x00000030   Code   RO         2432    i.osThreadCreate    cmsis_os.o
    0x08009ac2   0x00000002   PAD
    0x08009ac4   0x00000098   Code   RO         3211    i.prvAddCurrentTaskToDelayedList  tasks.o
    0x08009b5c   0x000000b4   Code   RO         3212    i.prvAddNewTaskToReadyList  tasks.o
    0x08009c10   0x0000007c   Code   RO         2795    i.prvHeapInit       heap_4.o
    0x08009c8c   0x000000aa   Code   RO         3216    i.prvInitialiseNewTask  tasks.o
    0x08009d36   0x00000002   PAD
    0x08009d38   0x00000068   Code   RO         3217    i.prvInitialiseTaskLists  tasks.o
    0x08009da0   0x00000068   Code   RO         2796    i.prvInsertBlockIntoFreeList  heap_4.o
    0x08009e08   0x00000034   Code   RO         3218    i.prvResetNextTaskUnblockTime  tasks.o
    0x08009e3c   0x00000040   Code   RO         3134    i.prvTaskExitError  port.o
    0x08009e7c   0x0000013c   Code   RO         2797    i.pvPortMalloc      heap_4.o
    0x08009fb8   0x0000002c   Code   RO         3135    i.pxPortInitialiseStack  port.o
    0x08009fe4   0x0000006e   Code   RO         6879    i.sqrt              m_wm.l(sqrt.o)
    0x0800a052   0x00000028   Code   RO         3020    i.uxListRemove      list.o
    0x0800a07a   0x0000001a   Code   RO         3021    i.vListInitialise   list.o
    0x0800a094   0x00000006   Code   RO         3022    i.vListInitialiseItem  list.o
    0x0800a09a   0x00000034   Code   RO         3023    i.vListInsert       list.o
    0x0800a0ce   0x00000018   Code   RO         3024    i.vListInsertEnd    list.o
    0x0800a0e6   0x00000002   PAD
    0x0800a0e8   0x00000054   Code   RO         3137    i.vPortEnterCritical  port.o
    0x0800a13c   0x0000003c   Code   RO         3138    i.vPortExitCritical  port.o
    0x0800a178   0x00000094   Code   RO         2798    i.vPortFree         heap_4.o
    0x0800a20c   0x0000005c   Code   RO         3226    i.vTaskDelay        tasks.o
    0x0800a268   0x00000010   Code   RO         3239    i.vTaskSuspendAll   tasks.o
    0x0800a278   0x0000008c   Code   RO         3240    i.vTaskSwitchContext  tasks.o
    0x0800a304   0x00000034   Code   RO         3142    i.xPortSysTickHandler  port.o
    0x0800a338   0x00000060   Code   RO         3242    i.xTaskCreate       tasks.o
    0x0800a398   0x00000020   Code   RO         3246    i.xTaskGetSchedulerState  tasks.o
    0x0800a3b8   0x00000148   Code   RO         3249    i.xTaskIncrementTick  tasks.o
    0x0800a500   0x00000104   Code   RO         3255    i.xTaskResumeAll    tasks.o
    0x0800a604   0x00000014   Data   RO          455    .constdata          freertos.o
    0x0800a618   0x0000004a   Data   RO         1221    .constdata          driver_beep.o
    0x0800a662   0x00000002   PAD
    0x0800a664   0x00000014   Data   RO         2297    .constdata          test_imu.o
    0x0800a678   0x00000018   Data   RO         3508    .constdata          system_stm32f4xx.o
    0x0800a690   0x00000008   Data   RO         5271    .constdata          stm32f4xx_hal_dma.o
    0x0800a698   0x00000050   Data   RO         6824    .constdata          m_wm.l(asin.o)
    0x0800a6e8   0x00000098   Data   RO         6917    .constdata          m_wm.l(atan.o)
    0x0800a780   0x00000008   Data   RO         6949    .constdata          m_wm.l(qnan.o)
    0x0800a788   0x0000000c   Data   RO          456    .conststring        freertos.o
    0x0800a794   0x00000020   Data   RO         7003    Region$$Table       anon$$obj.o


    Execution Region RW_IRAM1 (Base: 0x20000000, Size: 0x00006b98, Max: 0x00030000, ABSOLUTE, COMPRESSED[0x000000e0])

    Base Addr    Size         Type   Attr      Idx    E Section Name        Object

    0x20000000   0x00000014   Data   RW            6    .data               main.o
    0x20000014   0x00000018   Data   RW          274    .data               stm32f4xx_it.o
    0x2000002c   0x00000004   Data   RW          457    .data               freertos.o
    0x20000030   0x0000002a   Data   RW          510    .data               canbustask.o
    0x2000005a   0x00000002   PAD
    0x2000005c   0x00000048   Data   RW          604    .data               supervisetask.o
    0x200000a4   0x00000004   Data   RW          629    .data               controltask.o
    0x200000a8   0x00000030   Data   RW          707    .data               iotask.o
    0x200000d8   0x00000214   Data   RW          819    .data               driver_chassis.o
    0x200002ec   0x00000018   Data   RW          897    .data               statusmachine.o
    0x20000304   0x000001e5   Data   RW         1036    .data               driver_gimbal.o
    0x200004e9   0x00000003   PAD
    0x200004ec   0x00000008   Data   RW         1114    .data               remote.o
    0x200004f4   0x000000df   Data   RW         1158    .data               driver_frimotor.o
    0x200005d3   0x00000001   PAD
    0x200005d4   0x00000009   Data   RW         1222    .data               driver_beep.o
    0x200005dd   0x00000003   PAD
    0x200005e0   0x00000014   Data   RW         1323    .data               driver_protocol.o
    0x200005f4   0x00000004   Data   RW         1597    .data               dm9015.o
    0x200005f8   0x000000cc   Data   RW         2217    .data               imu.o
    0x200006c4   0x00000017   Data   RW         2298    .data               test_imu.o
    0x200006db   0x00000001   PAD
    0x200006dc   0x00000018   Data   RW         2803    .data               heap_4.o
    0x200006f4   0x0000000c   Data   RW         3143    .data               port.o
    0x20000700   0x0000003c   Data   RW         3258    .data               tasks.o
    0x2000073c   0x00000004   Data   RW         3509    .data               system_stm32f4xx.o
    0x20000740   0x00000004   Data   RW         3916    .data               stm32f4xx_hal.o
    0x20000744   0x00000004   Data   RW         6982    .data               mc_w.l(errno.o)
    0x20000748   0x000001f4   Zero   RW          273    .bss                stm32f4xx_it.o
    0x2000093c   0x000000cc   Zero   RW          509    .bss                canbustask.o
    0x20000a08   0x000001a2   Zero   RW          706    .bss                iotask.o
    0x20000baa   0x00000002   PAD
    0x20000bac   0x00000014   Zero   RW          818    .bss                driver_chassis.o
    0x20000bc0   0x00000017   Zero   RW          896    .bss                statusmachine.o
    0x20000bd7   0x00000016   Zero   RW         1113    .bss                remote.o
    0x20000bed   0x00000001   PAD
    0x20000bee   0x000003dd   Zero   RW         1322    .bss                driver_protocol.o
    0x20000fcb   0x00000001   PAD
    0x20000fcc   0x000004ea   Zero   RW         1460    .bss                driver_minifold.o
    0x200014b6   0x000004d6   Zero   RW         1596    .bss                dm9015.o
    0x2000198c   0x00000180   Zero   RW         1757    .bss                usart.o
    0x20001b0c   0x00000108   Zero   RW         1826    .bss                can.o
    0x20001c14   0x00000360   Zero   RW         1871    .bss                dma.o
    0x20001f74   0x00000058   Zero   RW         1900    .bss                spi.o
    0x20001fcc   0x0000012c   Zero   RW         1947    .bss                tim.o
    0x200020f8   0x00000858   Zero   RW         2075    .bss                data.o
    0x20002950   0x00000040   Zero   RW         2216    .bss                imu.o
    0x20002990   0x000000f4   Zero   RW         2296    .bss                test_imu.o
    0x20002a84   0x00003c00   Zero   RW         2802    .bss                heap_4.o
    0x20006684   0x000000f0   Zero   RW         3257    .bss                tasks.o
    0x20006774   0x00000020   Zero   RW         5155    .bss                stm32f4xx_hal_flash.o
    0x20006794   0x00000004   PAD
    0x20006798   0x00000400   Zero   RW         3496    STACK               startup_stm32f427xx.o


==============================================================================

Image component sizes


      Code (inc. data)   RO Data    RW Data    ZI Data      Debug   Object Name

       284         30          0          0          0       2125   bsp_init.o
         0          0          0          0        264       1272   can.o
       590         68          0         42        204       8183   canbustask.o
       102          0          0          0          0      12454   cmsis_os.o
       220         44          0          4          0       6317   controltask.o
       166          0          0          0       2136       3822   data.o
       504         40          0          4       1238       4759   dm9015.o
        72          6          0          0        864       1416   dma.o
       260         58         74          9          0       2631   driver_beep.o
         2          0          0        532         20       1752   driver_chassis.o
      1160        168          0        223          0       5357   driver_frimotor.o
      1552        178          0        485          0       7858   driver_gimbal.o
         0          0          0          0       1258       2821   driver_minifold.o
      4004        306          0         20        989      15925   driver_protocol.o
       352         52          0          0          0       2101   flash.o
        50         10         32          4          0       5122   freertos.o
       532         26          0          0          0       1343   gpio.o
       692         62          0         24      15360       7339   heap_4.o
      3352        290          0        204         64       6854   imu.o
      1048        160          0         48        418      10292   iotask.o
       148          0          0          0          0       3566   list.o
       132         26          0         20          0     764511   main.o
       164          0          0          0          0        548   nvic.o
       326          6          0          0          0       5274   pid.o
       490         44          0         12          0       9443   port.o
         0          0          0          0          0       8052   queue.o
        76          0          0          0          0       3370   ramp.o
       460         40          0          8         22       5091   remote.o
       184         38          0          0         88       1705   spi.o
        36          8        428          0       1024        804   startup_stm32f427xx.o
      1248        232          0         24         23      12259   statusmachine.o
       158         20          0          4          0       4435   stm32f4xx_hal.o
      1918         18          0          0          0       5861   stm32f4xx_hal_can.o
       338         22          0          0          0      31513   stm32f4xx_hal_cortex.o
      1414         20          8          0          0       6387   stm32f4xx_hal_dma.o
       656         60          0          0         32       5982   stm32f4xx_hal_flash.o
       108          4          0          0          0        733   stm32f4xx_hal_flash_ex.o
       576         54          0          0          0       3616   stm32f4xx_hal_gpio.o
        86          0          0          0          0        510   stm32f4xx_hal_msp.o
      1844         80          0          0          0       5476   stm32f4xx_hal_rcc.o
      1086          0          0          0          0       4485   stm32f4xx_hal_spi.o
      1622         88          0          0          0      12235   stm32f4xx_hal_tim.o
       102          0          0          0          0       2338   stm32f4xx_hal_tim_ex.o
      2076         36          0          0          0      13339   stm32f4xx_hal_uart.o
      1340        254          0         24        500      15643   stm32f4xx_it.o
       444        100          0         72          0       2519   supervisetask.o
       100         18         24          4          0       1155   system_stm32f4xx.o
      1622        228          0         60        240      13684   tasks.o
      1272         98         20         23        244       7551   test_imu.o
      1036        166          0          0        300       5479   tim.o
         0          0          0          0          0       1472   timers.o
      1568        222          0          0        384       4585   usart.o

    ----------------------------------------------------------------------
     37614       3380        620       1860      25680    1073364   Object Totals
         0          0         32          0          0          0   (incl. Generated)
        42          0          2         10          8          0   (incl. Padding)

    ----------------------------------------------------------------------

      Code (inc. data)   RO Data    RW Data    ZI Data      Debug   Library Member Name

       864         94         80          0          0        280   asin.o
       744        106        152          0          0        352   atan.o
       496         64          0          0          0        192   atan2.o
       104         16          0          0          0        496   dunder.o
        24          0          0          0          0        124   fabs.o
        48          0          0          0          0        124   fpclassify.o
       248          0          0          0          0        152   poly.o
         0          0          8          0          0          0   qnan.o
       232          0          0          0          0        296   sqrt.o
        86          0          0          0          0          0   __dczerorl2.o
         0          0          0          0          0          0   entry.o
         0          0          0          0          0          0   entry10a.o
         0          0          0          0          0          0   entry11a.o
         8          4          0          0          0          0   entry2.o
         4          0          0          0          0          0   entry5.o
         0          0          0          0          0          0   entry7b.o
         0          0          0          0          0          0   entry8b.o
         8          4          0          0          0          0   entry9a.o
        12          6          0          4          0         68   errno.o
        30          0          0          0          0          0   handlers.o
        36          8          0          0          0         68   init.o
         0          0          0          0          0          0   iusefp.o
        30          0          0          0          0         68   llshl.o
        36          0          0          0          0         68   llsshr.o
        32          0          0          0          0         68   llushr.o
        36          0          0          0          0         68   memcpya.o
        56          0          0          0          0         88   d2f.o
       334          0          0          0          0        148   dadd.o
       222          0          0          0          0        100   ddiv.o
       186          0          0          0          0        176   depilogue.o
        34          0          0          0          0         76   dflti.o
       228          0          0          0          0         96   dmul.o
       162          0          0          0          0        100   dsqrt.o
        38          0          0          0          0         68   f2d.o
       110          0          0          0          0        168   fepilogue.o

    ----------------------------------------------------------------------
      4458        302        240          4          0       3444   Library Totals
        10          0          0          0          0          0   (incl. Padding)

    ----------------------------------------------------------------------

      Code (inc. data)   RO Data    RW Data    ZI Data      Debug   Library Name

      2760        280        240          0          0       2016   m_wm.l
       318         22          0          4          0        408   mc_w.l
      1370          0          0          0          0       1020   mf_w.l

    ----------------------------------------------------------------------
      4458        302        240          4          0       3444   Library Totals

    ----------------------------------------------------------------------

==============================================================================


      Code (inc. data)   RO Data    RW Data    ZI Data      Debug   

     42072       3682        860       1864      25680    1047368   Grand Totals
     42072       3682        860        224      25680    1047368   ELF Image Totals (compressed)
     42072       3682        860        224          0          0   ROM Totals

==============================================================================

    Total RO  Size (Code + RO Data)                42932 (  41.93kB)
    Total RW  Size (RW Data + ZI Data)             27544 (  26.90kB)
    Total ROM Size (Code + RO Data + RW Data)      43156 (  42.14kB)

==============================================================================

